ARM GAS  C:\Users\K-Narf\AppData\Local\Temp\ccHK28Y1.s 			page 1


   1              		.syntax unified
   2              		.cpu cortex-m0
   3              		.fpu softvfp
   4              		.eabi_attribute 20, 1
   5              		.eabi_attribute 21, 1
   6              		.eabi_attribute 23, 3
   7              		.eabi_attribute 24, 1
   8              		.eabi_attribute 25, 1
   9              		.eabi_attribute 26, 1
  10              		.eabi_attribute 30, 6
  11              		.eabi_attribute 34, 0
  12              		.eabi_attribute 18, 4
  13              		.thumb
  14              		.syntax unified
  15              		.file	"cyfitter_cfg.c"
  16              		.text
  17              	.Ltext0:
  18              		.cfi_sections	.debug_frame
  19              		.section	.text.CYMEMZERO,"ax",%progbits
  20              		.align	2
  21              		.code	16
  22              		.thumb_func
  23              		.type	CYMEMZERO, %function
  24              	CYMEMZERO:
  25              	.LFB2:
  26              		.file 1 "Generated_Source\\PSoC4\\cyfitter_cfg.c"
   1:Generated_Source\PSoC4/cyfitter_cfg.c **** 
   2:Generated_Source\PSoC4/cyfitter_cfg.c **** /*******************************************************************************
   3:Generated_Source\PSoC4/cyfitter_cfg.c **** * File Name: cyfitter_cfg.c
   4:Generated_Source\PSoC4/cyfitter_cfg.c **** * 
   5:Generated_Source\PSoC4/cyfitter_cfg.c **** * PSoC Creator  4.2
   6:Generated_Source\PSoC4/cyfitter_cfg.c **** *
   7:Generated_Source\PSoC4/cyfitter_cfg.c **** * Description:
   8:Generated_Source\PSoC4/cyfitter_cfg.c **** * This file contains device initialization code.
   9:Generated_Source\PSoC4/cyfitter_cfg.c **** * Except for the user defined sections in CyClockStartupError(), this file should not be modified.
  10:Generated_Source\PSoC4/cyfitter_cfg.c **** * This file is automatically generated by PSoC Creator.
  11:Generated_Source\PSoC4/cyfitter_cfg.c **** *
  12:Generated_Source\PSoC4/cyfitter_cfg.c **** ********************************************************************************
  13:Generated_Source\PSoC4/cyfitter_cfg.c **** * Copyright (c) 2007-2018 Cypress Semiconductor.  All rights reserved.
  14:Generated_Source\PSoC4/cyfitter_cfg.c **** * You may use this file only in accordance with the license, terms, conditions, 
  15:Generated_Source\PSoC4/cyfitter_cfg.c **** * disclaimers, and limitations in the end user license agreement accompanying 
  16:Generated_Source\PSoC4/cyfitter_cfg.c **** * the software package with which this file was provided.
  17:Generated_Source\PSoC4/cyfitter_cfg.c **** ********************************************************************************/
  18:Generated_Source\PSoC4/cyfitter_cfg.c **** 
  19:Generated_Source\PSoC4/cyfitter_cfg.c **** #include <string.h>
  20:Generated_Source\PSoC4/cyfitter_cfg.c **** #include "cytypes.h"
  21:Generated_Source\PSoC4/cyfitter_cfg.c **** #include "cydevice_trm.h"
  22:Generated_Source\PSoC4/cyfitter_cfg.c **** #include "cyfitter.h"
  23:Generated_Source\PSoC4/cyfitter_cfg.c **** #include "CyLib.h"
  24:Generated_Source\PSoC4/cyfitter_cfg.c **** #include "CyLFClk.h"
  25:Generated_Source\PSoC4/cyfitter_cfg.c **** #include "cyfitter_cfg.h"
  26:Generated_Source\PSoC4/cyfitter_cfg.c **** #include "cyapicallbacks.h"
  27:Generated_Source\PSoC4/cyfitter_cfg.c **** 
  28:Generated_Source\PSoC4/cyfitter_cfg.c **** 
  29:Generated_Source\PSoC4/cyfitter_cfg.c **** #if defined(__GNUC__) || defined(__ARMCC_VERSION)
  30:Generated_Source\PSoC4/cyfitter_cfg.c ****     #define CYPACKED 
  31:Generated_Source\PSoC4/cyfitter_cfg.c ****     #define CYPACKED_ATTR __attribute__ ((packed))
ARM GAS  C:\Users\K-Narf\AppData\Local\Temp\ccHK28Y1.s 			page 2


  32:Generated_Source\PSoC4/cyfitter_cfg.c ****     #define CYALIGNED __attribute__ ((aligned))
  33:Generated_Source\PSoC4/cyfitter_cfg.c ****     #define CY_CFG_UNUSED __attribute__ ((unused))
  34:Generated_Source\PSoC4/cyfitter_cfg.c ****     #ifndef CY_CFG_SECTION
  35:Generated_Source\PSoC4/cyfitter_cfg.c ****         #define CY_CFG_SECTION __attribute__ ((section(".psocinit")))
  36:Generated_Source\PSoC4/cyfitter_cfg.c ****     #endif
  37:Generated_Source\PSoC4/cyfitter_cfg.c ****     
  38:Generated_Source\PSoC4/cyfitter_cfg.c ****     #if defined(__ARMCC_VERSION)
  39:Generated_Source\PSoC4/cyfitter_cfg.c ****         #define CY_CFG_MEMORY_BARRIER() __memory_changed()
  40:Generated_Source\PSoC4/cyfitter_cfg.c ****     #else
  41:Generated_Source\PSoC4/cyfitter_cfg.c ****         #define CY_CFG_MEMORY_BARRIER() __sync_synchronize()
  42:Generated_Source\PSoC4/cyfitter_cfg.c ****     #endif
  43:Generated_Source\PSoC4/cyfitter_cfg.c ****     
  44:Generated_Source\PSoC4/cyfitter_cfg.c **** #elif defined(__ICCARM__)
  45:Generated_Source\PSoC4/cyfitter_cfg.c ****     #include <intrinsics.h>
  46:Generated_Source\PSoC4/cyfitter_cfg.c **** 
  47:Generated_Source\PSoC4/cyfitter_cfg.c ****     #define CYPACKED __packed
  48:Generated_Source\PSoC4/cyfitter_cfg.c ****     #define CYPACKED_ATTR 
  49:Generated_Source\PSoC4/cyfitter_cfg.c ****     #define CYALIGNED _Pragma("data_alignment=4")
  50:Generated_Source\PSoC4/cyfitter_cfg.c ****     #define CY_CFG_UNUSED _Pragma("diag_suppress=Pe177")
  51:Generated_Source\PSoC4/cyfitter_cfg.c ****     #define CY_CFG_SECTION _Pragma("location=\".psocinit\"")
  52:Generated_Source\PSoC4/cyfitter_cfg.c ****     
  53:Generated_Source\PSoC4/cyfitter_cfg.c ****     #define CY_CFG_MEMORY_BARRIER() __DMB()
  54:Generated_Source\PSoC4/cyfitter_cfg.c ****     
  55:Generated_Source\PSoC4/cyfitter_cfg.c **** #else
  56:Generated_Source\PSoC4/cyfitter_cfg.c ****     #error Unsupported toolchain
  57:Generated_Source\PSoC4/cyfitter_cfg.c **** #endif
  58:Generated_Source\PSoC4/cyfitter_cfg.c **** 
  59:Generated_Source\PSoC4/cyfitter_cfg.c **** #ifndef CYCODE
  60:Generated_Source\PSoC4/cyfitter_cfg.c ****     #define CYCODE
  61:Generated_Source\PSoC4/cyfitter_cfg.c **** #endif
  62:Generated_Source\PSoC4/cyfitter_cfg.c **** #ifndef CYDATA
  63:Generated_Source\PSoC4/cyfitter_cfg.c ****     #define CYDATA
  64:Generated_Source\PSoC4/cyfitter_cfg.c **** #endif
  65:Generated_Source\PSoC4/cyfitter_cfg.c **** #ifndef CYFAR
  66:Generated_Source\PSoC4/cyfitter_cfg.c ****     #define CYFAR
  67:Generated_Source\PSoC4/cyfitter_cfg.c **** #endif
  68:Generated_Source\PSoC4/cyfitter_cfg.c **** #ifndef CYXDATA
  69:Generated_Source\PSoC4/cyfitter_cfg.c ****     #define CYXDATA
  70:Generated_Source\PSoC4/cyfitter_cfg.c **** #endif
  71:Generated_Source\PSoC4/cyfitter_cfg.c **** 
  72:Generated_Source\PSoC4/cyfitter_cfg.c **** 
  73:Generated_Source\PSoC4/cyfitter_cfg.c **** CY_CFG_UNUSED
  74:Generated_Source\PSoC4/cyfitter_cfg.c **** static void CYMEMZERO(void *s, size_t n);
  75:Generated_Source\PSoC4/cyfitter_cfg.c **** CY_CFG_UNUSED
  76:Generated_Source\PSoC4/cyfitter_cfg.c **** static void CYMEMZERO(void *s, size_t n)
  77:Generated_Source\PSoC4/cyfitter_cfg.c **** {
  27              		.loc 1 77 0
  28              		.cfi_startproc
  29              		@ args = 0, pretend = 0, frame = 8
  30              		@ frame_needed = 1, uses_anonymous_args = 0
  31 0000 80B5     		push	{r7, lr}
  32              		.cfi_def_cfa_offset 8
  33              		.cfi_offset 7, -8
  34              		.cfi_offset 14, -4
  35 0002 82B0     		sub	sp, sp, #8
  36              		.cfi_def_cfa_offset 16
  37 0004 00AF     		add	r7, sp, #0
ARM GAS  C:\Users\K-Narf\AppData\Local\Temp\ccHK28Y1.s 			page 3


  38              		.cfi_def_cfa_register 7
  39 0006 7860     		str	r0, [r7, #4]
  40 0008 3960     		str	r1, [r7]
  78:Generated_Source\PSoC4/cyfitter_cfg.c **** 	(void)memset(s, 0, n);
  41              		.loc 1 78 0
  42 000a 3A68     		ldr	r2, [r7]
  43 000c 7B68     		ldr	r3, [r7, #4]
  44 000e 0021     		movs	r1, #0
  45 0010 1800     		movs	r0, r3
  46 0012 FFF7FEFF 		bl	memset
  79:Generated_Source\PSoC4/cyfitter_cfg.c **** }
  47              		.loc 1 79 0
  48 0016 C046     		nop
  49 0018 BD46     		mov	sp, r7
  50 001a 02B0     		add	sp, sp, #8
  51              		@ sp needed
  52 001c 80BD     		pop	{r7, pc}
  53              		.cfi_endproc
  54              	.LFE2:
  55              		.size	CYMEMZERO, .-CYMEMZERO
  56 001e C046     		.section	.text.CYCONFIGCPY,"ax",%progbits
  57              		.align	2
  58              		.code	16
  59              		.thumb_func
  60              		.type	CYCONFIGCPY, %function
  61              	CYCONFIGCPY:
  62              	.LFB3:
  80:Generated_Source\PSoC4/cyfitter_cfg.c **** CY_CFG_UNUSED
  81:Generated_Source\PSoC4/cyfitter_cfg.c **** static void CYCONFIGCPY(void *dest, const void *src, size_t n);
  82:Generated_Source\PSoC4/cyfitter_cfg.c **** CY_CFG_UNUSED
  83:Generated_Source\PSoC4/cyfitter_cfg.c **** static void CYCONFIGCPY(void *dest, const void *src, size_t n)
  84:Generated_Source\PSoC4/cyfitter_cfg.c **** {
  63              		.loc 1 84 0
  64              		.cfi_startproc
  65              		@ args = 0, pretend = 0, frame = 16
  66              		@ frame_needed = 1, uses_anonymous_args = 0
  67 0000 80B5     		push	{r7, lr}
  68              		.cfi_def_cfa_offset 8
  69              		.cfi_offset 7, -8
  70              		.cfi_offset 14, -4
  71 0002 84B0     		sub	sp, sp, #16
  72              		.cfi_def_cfa_offset 24
  73 0004 00AF     		add	r7, sp, #0
  74              		.cfi_def_cfa_register 7
  75 0006 F860     		str	r0, [r7, #12]
  76 0008 B960     		str	r1, [r7, #8]
  77 000a 7A60     		str	r2, [r7, #4]
  85:Generated_Source\PSoC4/cyfitter_cfg.c **** 	(void)memcpy(dest, src, n);
  78              		.loc 1 85 0
  79 000c 7A68     		ldr	r2, [r7, #4]
  80 000e B968     		ldr	r1, [r7, #8]
  81 0010 FB68     		ldr	r3, [r7, #12]
  82 0012 1800     		movs	r0, r3
  83 0014 FFF7FEFF 		bl	memcpy
  86:Generated_Source\PSoC4/cyfitter_cfg.c **** }
  84              		.loc 1 86 0
  85 0018 C046     		nop
ARM GAS  C:\Users\K-Narf\AppData\Local\Temp\ccHK28Y1.s 			page 4


  86 001a BD46     		mov	sp, r7
  87 001c 04B0     		add	sp, sp, #16
  88              		@ sp needed
  89 001e 80BD     		pop	{r7, pc}
  90              		.cfi_endproc
  91              	.LFE3:
  92              		.size	CYCONFIGCPY, .-CYCONFIGCPY
  93              		.section	.text.CYCONFIGCPYCODE,"ax",%progbits
  94              		.align	2
  95              		.code	16
  96              		.thumb_func
  97              		.type	CYCONFIGCPYCODE, %function
  98              	CYCONFIGCPYCODE:
  99              	.LFB4:
  87:Generated_Source\PSoC4/cyfitter_cfg.c **** CY_CFG_UNUSED
  88:Generated_Source\PSoC4/cyfitter_cfg.c **** static void CYCONFIGCPYCODE(void *dest, const void *src, size_t n);
  89:Generated_Source\PSoC4/cyfitter_cfg.c **** CY_CFG_UNUSED
  90:Generated_Source\PSoC4/cyfitter_cfg.c **** static void CYCONFIGCPYCODE(void *dest, const void *src, size_t n)
  91:Generated_Source\PSoC4/cyfitter_cfg.c **** {
 100              		.loc 1 91 0
 101              		.cfi_startproc
 102              		@ args = 0, pretend = 0, frame = 16
 103              		@ frame_needed = 1, uses_anonymous_args = 0
 104 0000 80B5     		push	{r7, lr}
 105              		.cfi_def_cfa_offset 8
 106              		.cfi_offset 7, -8
 107              		.cfi_offset 14, -4
 108 0002 84B0     		sub	sp, sp, #16
 109              		.cfi_def_cfa_offset 24
 110 0004 00AF     		add	r7, sp, #0
 111              		.cfi_def_cfa_register 7
 112 0006 F860     		str	r0, [r7, #12]
 113 0008 B960     		str	r1, [r7, #8]
 114 000a 7A60     		str	r2, [r7, #4]
  92:Generated_Source\PSoC4/cyfitter_cfg.c **** 	(void)memcpy(dest, src, n);
 115              		.loc 1 92 0
 116 000c 7A68     		ldr	r2, [r7, #4]
 117 000e B968     		ldr	r1, [r7, #8]
 118 0010 FB68     		ldr	r3, [r7, #12]
 119 0012 1800     		movs	r0, r3
 120 0014 FFF7FEFF 		bl	memcpy
  93:Generated_Source\PSoC4/cyfitter_cfg.c **** }
 121              		.loc 1 93 0
 122 0018 C046     		nop
 123 001a BD46     		mov	sp, r7
 124 001c 04B0     		add	sp, sp, #16
 125              		@ sp needed
 126 001e 80BD     		pop	{r7, pc}
 127              		.cfi_endproc
 128              	.LFE4:
 129              		.size	CYCONFIGCPYCODE, .-CYCONFIGCPYCODE
 130              		.section	.psocinit,"ax",%progbits
 131              		.align	2
 132              		.code	16
 133              		.thumb_func
 134              		.type	ClockSetup, %function
 135              	ClockSetup:
ARM GAS  C:\Users\K-Narf\AppData\Local\Temp\ccHK28Y1.s 			page 5


 136              	.LFB5:
  94:Generated_Source\PSoC4/cyfitter_cfg.c **** 
  95:Generated_Source\PSoC4/cyfitter_cfg.c **** 
  96:Generated_Source\PSoC4/cyfitter_cfg.c **** 
  97:Generated_Source\PSoC4/cyfitter_cfg.c **** 
  98:Generated_Source\PSoC4/cyfitter_cfg.c **** /* Clock startup error codes                                                   */
  99:Generated_Source\PSoC4/cyfitter_cfg.c **** #define CYCLOCKSTART_NO_ERROR    0u
 100:Generated_Source\PSoC4/cyfitter_cfg.c **** #define CYCLOCKSTART_XTAL_ERROR  1u
 101:Generated_Source\PSoC4/cyfitter_cfg.c **** #define CYCLOCKSTART_32KHZ_ERROR 2u
 102:Generated_Source\PSoC4/cyfitter_cfg.c **** #define CYCLOCKSTART_PLL_ERROR   3u
 103:Generated_Source\PSoC4/cyfitter_cfg.c **** #define CYCLOCKSTART_FLL_ERROR   4u
 104:Generated_Source\PSoC4/cyfitter_cfg.c **** #define CYCLOCKSTART_WCO_ERROR   5u
 105:Generated_Source\PSoC4/cyfitter_cfg.c **** 
 106:Generated_Source\PSoC4/cyfitter_cfg.c **** 
 107:Generated_Source\PSoC4/cyfitter_cfg.c **** #ifdef CY_NEED_CYCLOCKSTARTUPERROR
 108:Generated_Source\PSoC4/cyfitter_cfg.c **** /*******************************************************************************
 109:Generated_Source\PSoC4/cyfitter_cfg.c **** * Function Name: CyClockStartupError
 110:Generated_Source\PSoC4/cyfitter_cfg.c **** ********************************************************************************
 111:Generated_Source\PSoC4/cyfitter_cfg.c **** * Summary:
 112:Generated_Source\PSoC4/cyfitter_cfg.c **** *  If an error is encountered during clock configuration (crystal startup error,
 113:Generated_Source\PSoC4/cyfitter_cfg.c **** *  PLL lock error, etc.), the system will end up here.  Unless reimplemented by
 114:Generated_Source\PSoC4/cyfitter_cfg.c **** *  the customer, this function will stop in an infinite loop.
 115:Generated_Source\PSoC4/cyfitter_cfg.c **** *
 116:Generated_Source\PSoC4/cyfitter_cfg.c **** * Parameters:
 117:Generated_Source\PSoC4/cyfitter_cfg.c **** *   void
 118:Generated_Source\PSoC4/cyfitter_cfg.c **** *
 119:Generated_Source\PSoC4/cyfitter_cfg.c **** * Return:
 120:Generated_Source\PSoC4/cyfitter_cfg.c **** *   void
 121:Generated_Source\PSoC4/cyfitter_cfg.c **** *
 122:Generated_Source\PSoC4/cyfitter_cfg.c **** *******************************************************************************/
 123:Generated_Source\PSoC4/cyfitter_cfg.c **** CY_CFG_UNUSED
 124:Generated_Source\PSoC4/cyfitter_cfg.c **** static void CyClockStartupError(uint8 errorCode);
 125:Generated_Source\PSoC4/cyfitter_cfg.c **** CY_CFG_UNUSED
 126:Generated_Source\PSoC4/cyfitter_cfg.c **** static void CyClockStartupError(uint8 errorCode)
 127:Generated_Source\PSoC4/cyfitter_cfg.c **** {
 128:Generated_Source\PSoC4/cyfitter_cfg.c ****     /* To remove the compiler warning if errorCode not used.                */
 129:Generated_Source\PSoC4/cyfitter_cfg.c ****     errorCode = errorCode;
 130:Generated_Source\PSoC4/cyfitter_cfg.c **** 
 131:Generated_Source\PSoC4/cyfitter_cfg.c ****     /* If we have a clock startup error (bad MHz crystal, PLL lock, etc.),  */
 132:Generated_Source\PSoC4/cyfitter_cfg.c ****     /* we will end up here to allow the customer to implement something to  */
 133:Generated_Source\PSoC4/cyfitter_cfg.c ****     /* deal with the clock condition.                                       */
 134:Generated_Source\PSoC4/cyfitter_cfg.c **** 
 135:Generated_Source\PSoC4/cyfitter_cfg.c **** #ifdef CY_CFG_CLOCK_STARTUP_ERROR_CALLBACK
 136:Generated_Source\PSoC4/cyfitter_cfg.c ****     CY_CFG_Clock_Startup_ErrorCallback();
 137:Generated_Source\PSoC4/cyfitter_cfg.c **** #else
 138:Generated_Source\PSoC4/cyfitter_cfg.c ****     /*  If not using CY_CFG_CLOCK_STARTUP_ERROR_CALLBACK, place your clock startup code here. */
 139:Generated_Source\PSoC4/cyfitter_cfg.c ****     /* `#START CyClockStartupError` */
 140:Generated_Source\PSoC4/cyfitter_cfg.c **** 
 141:Generated_Source\PSoC4/cyfitter_cfg.c **** 
 142:Generated_Source\PSoC4/cyfitter_cfg.c **** 
 143:Generated_Source\PSoC4/cyfitter_cfg.c ****     /* `#END` */
 144:Generated_Source\PSoC4/cyfitter_cfg.c **** 
 145:Generated_Source\PSoC4/cyfitter_cfg.c ****     while(1) {}
 146:Generated_Source\PSoC4/cyfitter_cfg.c **** #endif /* CY_CFG_CLOCK_STARTUP_ERROR_CALLBACK */
 147:Generated_Source\PSoC4/cyfitter_cfg.c **** }
 148:Generated_Source\PSoC4/cyfitter_cfg.c **** #endif
 149:Generated_Source\PSoC4/cyfitter_cfg.c **** 
ARM GAS  C:\Users\K-Narf\AppData\Local\Temp\ccHK28Y1.s 			page 6


 150:Generated_Source\PSoC4/cyfitter_cfg.c **** 
 151:Generated_Source\PSoC4/cyfitter_cfg.c **** 
 152:Generated_Source\PSoC4/cyfitter_cfg.c **** /*******************************************************************************
 153:Generated_Source\PSoC4/cyfitter_cfg.c **** * Function Name: ClockSetup
 154:Generated_Source\PSoC4/cyfitter_cfg.c **** ********************************************************************************
 155:Generated_Source\PSoC4/cyfitter_cfg.c **** *
 156:Generated_Source\PSoC4/cyfitter_cfg.c **** * Summary:
 157:Generated_Source\PSoC4/cyfitter_cfg.c **** *   Performs the initialization of all of the clocks in the device based on the
 158:Generated_Source\PSoC4/cyfitter_cfg.c **** *   settings in the Clock tab of the DWR.  This includes enabling the requested
 159:Generated_Source\PSoC4/cyfitter_cfg.c **** *   clocks and setting the necessary dividers to produce the desired frequency. 
 160:Generated_Source\PSoC4/cyfitter_cfg.c **** *
 161:Generated_Source\PSoC4/cyfitter_cfg.c **** * Parameters:
 162:Generated_Source\PSoC4/cyfitter_cfg.c **** *   void
 163:Generated_Source\PSoC4/cyfitter_cfg.c **** *
 164:Generated_Source\PSoC4/cyfitter_cfg.c **** * Return:
 165:Generated_Source\PSoC4/cyfitter_cfg.c **** *   void
 166:Generated_Source\PSoC4/cyfitter_cfg.c **** *
 167:Generated_Source\PSoC4/cyfitter_cfg.c **** *******************************************************************************/
 168:Generated_Source\PSoC4/cyfitter_cfg.c **** static void ClockSetup(void);
 169:Generated_Source\PSoC4/cyfitter_cfg.c **** CY_CFG_SECTION
 170:Generated_Source\PSoC4/cyfitter_cfg.c **** static void ClockSetup(void)
 171:Generated_Source\PSoC4/cyfitter_cfg.c **** {
 137              		.loc 1 171 0
 138              		.cfi_startproc
 139              		@ args = 0, pretend = 0, frame = 0
 140              		@ frame_needed = 1, uses_anonymous_args = 0
 141 0000 80B5     		push	{r7, lr}
 142              		.cfi_def_cfa_offset 8
 143              		.cfi_offset 7, -8
 144              		.cfi_offset 14, -4
 145 0002 00AF     		add	r7, sp, #0
 146              		.cfi_def_cfa_register 7
 172:Generated_Source\PSoC4/cyfitter_cfg.c **** 
 173:Generated_Source\PSoC4/cyfitter_cfg.c **** 	/* Set Flash Cycles based on max possible frequency in case a glitch occurs during ClockSetup(). *
 174:Generated_Source\PSoC4/cyfitter_cfg.c **** 	CY_SET_REG32((void CYXDATA *)(CYREG_CPUSS_FLASH_CTL), (0x0012u));
 147              		.loc 1 174 0
 148 0004 284B     		ldr	r3, .L5
 149 0006 1222     		movs	r2, #18
 150 0008 1A60     		str	r2, [r3]
 175:Generated_Source\PSoC4/cyfitter_cfg.c **** 
 176:Generated_Source\PSoC4/cyfitter_cfg.c **** 	/* Start the WCO */
 177:Generated_Source\PSoC4/cyfitter_cfg.c **** 	CySysClkWcoStart();
 151              		.loc 1 177 0
 152 000a FFF7FEFF 		bl	CySysClkWcoStart
 178:Generated_Source\PSoC4/cyfitter_cfg.c **** 	CyDelayCycles(12000000u); /* WCO may take up to 500ms to start */
 153              		.loc 1 178 0
 154 000e 274B     		ldr	r3, .L5+4
 155 0010 1800     		movs	r0, r3
 156 0012 FFF7FEFF 		bl	CyDelayCycles
 179:Generated_Source\PSoC4/cyfitter_cfg.c **** 	(void)CySysClkWcoSetPowerMode(CY_SYS_CLK_WCO_LPM);    /* Switch to the low power mode */
 157              		.loc 1 179 0
 158 0016 0120     		movs	r0, #1
 159 0018 FFF7FEFF 		bl	CySysClkWcoSetPowerMode
 180:Generated_Source\PSoC4/cyfitter_cfg.c **** 
 181:Generated_Source\PSoC4/cyfitter_cfg.c **** 	/* Setup and trim IMO based on desired frequency. */
 182:Generated_Source\PSoC4/cyfitter_cfg.c **** 	CySysClkWriteImoFreq(48u);
 160              		.loc 1 182 0
ARM GAS  C:\Users\K-Narf\AppData\Local\Temp\ccHK28Y1.s 			page 7


 161 001c 3020     		movs	r0, #48
 162 001e FFF7FEFF 		bl	CySysClkWriteImoFreq
 183:Generated_Source\PSoC4/cyfitter_cfg.c **** 	/* CYDEV_CLK_ILO_CONFIG Starting address: CYDEV_CLK_ILO_CONFIG */
 184:Generated_Source\PSoC4/cyfitter_cfg.c **** 	CY_SET_REG32((void *)(CYREG_CLK_ILO_CONFIG), 0x80000006u);
 163              		.loc 1 184 0
 164 0022 234B     		ldr	r3, .L5+8
 165 0024 234A     		ldr	r2, .L5+12
 166 0026 1A60     		str	r2, [r3]
 185:Generated_Source\PSoC4/cyfitter_cfg.c **** 
 186:Generated_Source\PSoC4/cyfitter_cfg.c **** 	/* CYDEV_WDT_CONFIG Starting address: CYDEV_WDT_CONFIG */
 187:Generated_Source\PSoC4/cyfitter_cfg.c **** 	CY_SET_REG32((void *)(CYREG_WDT_CONFIG), 0x40000000u);
 167              		.loc 1 187 0
 168 0028 234B     		ldr	r3, .L5+16
 169 002a 8022     		movs	r2, #128
 170 002c D205     		lsls	r2, r2, #23
 171 002e 1A60     		str	r2, [r3]
 188:Generated_Source\PSoC4/cyfitter_cfg.c **** 
 189:Generated_Source\PSoC4/cyfitter_cfg.c **** 
 190:Generated_Source\PSoC4/cyfitter_cfg.c **** 	/* Enable fast start mode for XO */
 191:Generated_Source\PSoC4/cyfitter_cfg.c **** 	CY_SET_REG32((void*)CYREG_BLE_BLERD_BB_XO, CY_GET_REG32((void*)CYREG_BLE_BLERD_BB_XO) | (uint32)0x
 172              		.loc 1 191 0
 173 0030 224B     		ldr	r3, .L5+20
 174 0032 224A     		ldr	r2, .L5+20
 175 0034 1268     		ldr	r2, [r2]
 176 0036 0221     		movs	r1, #2
 177 0038 0A43     		orrs	r2, r1
 178 003a 1A60     		str	r2, [r3]
 192:Generated_Source\PSoC4/cyfitter_cfg.c **** 	CY_SET_REG32((void *)(CYREG_BLE_BLERD_BB_XO_CAPTRIM), 0x0000BCBCu);
 179              		.loc 1 192 0
 180 003c 204B     		ldr	r3, .L5+24
 181 003e 214A     		ldr	r2, .L5+28
 182 0040 1A60     		str	r2, [r3]
 193:Generated_Source\PSoC4/cyfitter_cfg.c **** 	/*Set XTAL(ECO) divider*/
 194:Generated_Source\PSoC4/cyfitter_cfg.c **** 	CY_SET_REG32((void *)(CYREG_BLE_BLESS_XTAL_CLK_DIV_CONFIG), 0x00000000u);
 183              		.loc 1 194 0
 184 0042 214B     		ldr	r3, .L5+32
 185 0044 0022     		movs	r2, #0
 186 0046 1A60     		str	r2, [r3]
 195:Generated_Source\PSoC4/cyfitter_cfg.c **** 	/* Disable Crystal Stable Interrupt before enabling ECO */
 196:Generated_Source\PSoC4/cyfitter_cfg.c **** 	CY_SET_REG32((void*)CYREG_BLE_BLESS_LL_DSM_CTRL, CY_GET_REG32((void*)CYREG_BLE_BLESS_LL_DSM_CTRL) 
 187              		.loc 1 196 0
 188 0048 204B     		ldr	r3, .L5+36
 189 004a 204A     		ldr	r2, .L5+36
 190 004c 1268     		ldr	r2, [r2]
 191 004e 0821     		movs	r1, #8
 192 0050 8A43     		bics	r2, r1
 193 0052 1A60     		str	r2, [r3]
 197:Generated_Source\PSoC4/cyfitter_cfg.c **** 	/* Start the ECO and do not check status since it is not needed for HFCLK */
 198:Generated_Source\PSoC4/cyfitter_cfg.c **** 	(void)CySysClkEcoStart(2000u);
 194              		.loc 1 198 0
 195 0054 FA23     		movs	r3, #250
 196 0056 DB00     		lsls	r3, r3, #3
 197 0058 1800     		movs	r0, r3
 198 005a FFF7FEFF 		bl	CySysClkEcoStart
 199:Generated_Source\PSoC4/cyfitter_cfg.c **** 	CyDelayUs(1500u); /* Wait to stabilize */
 199              		.loc 1 199 0
 200 005e 1C4B     		ldr	r3, .L5+40
ARM GAS  C:\Users\K-Narf\AppData\Local\Temp\ccHK28Y1.s 			page 8


 201 0060 1800     		movs	r0, r3
 202 0062 FFF7FEFF 		bl	CyDelayUs
 200:Generated_Source\PSoC4/cyfitter_cfg.c **** 
 201:Generated_Source\PSoC4/cyfitter_cfg.c **** 	/* Setup phase aligned clocks */
 202:Generated_Source\PSoC4/cyfitter_cfg.c **** 	CY_SET_REG32((void *)CYREG_PERI_DIV_16_CTL0, 0x00001D00u);
 203              		.loc 1 202 0
 204 0066 1B4B     		ldr	r3, .L5+44
 205 0068 E822     		movs	r2, #232
 206 006a 5201     		lsls	r2, r2, #5
 207 006c 1A60     		str	r2, [r3]
 203:Generated_Source\PSoC4/cyfitter_cfg.c **** 	CY_SET_REG32((void *)CYREG_PERI_DIV_CMD, 0x8000FF40u);
 208              		.loc 1 203 0
 209 006e 1A4B     		ldr	r3, .L5+48
 210 0070 1A4A     		ldr	r2, .L5+52
 211 0072 1A60     		str	r2, [r3]
 204:Generated_Source\PSoC4/cyfitter_cfg.c **** 
 205:Generated_Source\PSoC4/cyfitter_cfg.c **** 	/* CYDEV_CLK_IMO_CONFIG Starting address: CYDEV_CLK_IMO_CONFIG */
 206:Generated_Source\PSoC4/cyfitter_cfg.c **** 	CY_SET_REG32((void *)(CYREG_CLK_IMO_CONFIG), 0x80000000u);
 212              		.loc 1 206 0
 213 0074 1A4B     		ldr	r3, .L5+56
 214 0076 8022     		movs	r2, #128
 215 0078 1206     		lsls	r2, r2, #24
 216 007a 1A60     		str	r2, [r3]
 207:Generated_Source\PSoC4/cyfitter_cfg.c **** 
 208:Generated_Source\PSoC4/cyfitter_cfg.c **** 	/* CYDEV_CLK_SELECT Starting address: CYDEV_CLK_SELECT */
 209:Generated_Source\PSoC4/cyfitter_cfg.c **** 	CY_SET_REG32((void *)(CYREG_CLK_SELECT), 0x00040000u);
 217              		.loc 1 209 0
 218 007c 194B     		ldr	r3, .L5+60
 219 007e 8022     		movs	r2, #128
 220 0080 D202     		lsls	r2, r2, #11
 221 0082 1A60     		str	r2, [r3]
 210:Generated_Source\PSoC4/cyfitter_cfg.c **** 
 211:Generated_Source\PSoC4/cyfitter_cfg.c **** 	/* CYDEV_PERI_PCLK_CTL2 Starting address: CYDEV_PERI_PCLK_CTL2 */
 212:Generated_Source\PSoC4/cyfitter_cfg.c **** 	CY_SET_REG32((void *)(CYREG_PERI_PCLK_CTL2), 0x00000040u);
 222              		.loc 1 212 0
 223 0084 184B     		ldr	r3, .L5+64
 224 0086 4022     		movs	r2, #64
 225 0088 1A60     		str	r2, [r3]
 213:Generated_Source\PSoC4/cyfitter_cfg.c **** 
 214:Generated_Source\PSoC4/cyfitter_cfg.c **** 	(void)CyIntSetVector(8u, &CySysWdtIsr);
 226              		.loc 1 214 0
 227 008a 184B     		ldr	r3, .L5+68
 228 008c 1900     		movs	r1, r3
 229 008e 0820     		movs	r0, #8
 230 0090 FFF7FEFF 		bl	CyIntSetVector
 215:Generated_Source\PSoC4/cyfitter_cfg.c **** 	CyIntEnable(8u);
 231              		.loc 1 215 0
 232 0094 0820     		movs	r0, #8
 233 0096 FFF7FEFF 		bl	CyIntEnable
 216:Generated_Source\PSoC4/cyfitter_cfg.c **** 	CY_SET_REG32((void *)(CYREG_WDT_CONFIG), 0x40000000u);
 234              		.loc 1 216 0
 235 009a 074B     		ldr	r3, .L5+16
 236 009c 8022     		movs	r2, #128
 237 009e D205     		lsls	r2, r2, #23
 238 00a0 1A60     		str	r2, [r3]
 217:Generated_Source\PSoC4/cyfitter_cfg.c **** }
 239              		.loc 1 217 0
ARM GAS  C:\Users\K-Narf\AppData\Local\Temp\ccHK28Y1.s 			page 9


 240 00a2 C046     		nop
 241 00a4 BD46     		mov	sp, r7
 242              		@ sp needed
 243 00a6 80BD     		pop	{r7, pc}
 244              	.L6:
 245              		.align	2
 246              	.L5:
 247 00a8 30001040 		.word	1074790448
 248 00ac 001BB700 		.word	12000000
 249 00b0 04010B40 		.word	1074462980
 250 00b4 06000080 		.word	-2147483642
 251 00b8 0C020B40 		.word	1074463244
 252 00bc 78002E40 		.word	1076756600
 253 00c0 7C002E40 		.word	1076756604
 254 00c4 BCBC0000 		.word	48316
 255 00c8 64F02E40 		.word	1076818020
 256 00cc 6CF02E40 		.word	1076818028
 257 00d0 DC050000 		.word	1500
 258 00d4 00030140 		.word	1073808128
 259 00d8 00000140 		.word	1073807360
 260 00dc 40FF0080 		.word	-2147418304
 261 00e0 08010B40 		.word	1074462984
 262 00e4 00010B40 		.word	1074462976
 263 00e8 08010140 		.word	1073807624
 264 00ec 00000000 		.word	CySysWdtIsr
 265              		.cfi_endproc
 266              	.LFE5:
 267              		.size	ClockSetup, .-ClockSetup
 268              		.section	.text.AnalogSetDefault,"ax",%progbits
 269              		.align	2
 270              		.code	16
 271              		.thumb_func
 272              		.type	AnalogSetDefault, %function
 273              	AnalogSetDefault:
 274              	.LFB6:
 218:Generated_Source\PSoC4/cyfitter_cfg.c **** 
 219:Generated_Source\PSoC4/cyfitter_cfg.c **** 
 220:Generated_Source\PSoC4/cyfitter_cfg.c **** /* Analog API Functions */
 221:Generated_Source\PSoC4/cyfitter_cfg.c **** 
 222:Generated_Source\PSoC4/cyfitter_cfg.c **** 
 223:Generated_Source\PSoC4/cyfitter_cfg.c **** /*******************************************************************************
 224:Generated_Source\PSoC4/cyfitter_cfg.c **** * Function Name: AnalogSetDefault
 225:Generated_Source\PSoC4/cyfitter_cfg.c **** ********************************************************************************
 226:Generated_Source\PSoC4/cyfitter_cfg.c **** *
 227:Generated_Source\PSoC4/cyfitter_cfg.c **** * Summary:
 228:Generated_Source\PSoC4/cyfitter_cfg.c **** *  Sets up the analog portions of the chip to default values based on chip
 229:Generated_Source\PSoC4/cyfitter_cfg.c **** *  configuration options from the project.
 230:Generated_Source\PSoC4/cyfitter_cfg.c **** *
 231:Generated_Source\PSoC4/cyfitter_cfg.c **** * Parameters:
 232:Generated_Source\PSoC4/cyfitter_cfg.c **** *  void
 233:Generated_Source\PSoC4/cyfitter_cfg.c **** *
 234:Generated_Source\PSoC4/cyfitter_cfg.c **** * Return:
 235:Generated_Source\PSoC4/cyfitter_cfg.c **** *  void
 236:Generated_Source\PSoC4/cyfitter_cfg.c **** *
 237:Generated_Source\PSoC4/cyfitter_cfg.c **** *******************************************************************************/
 238:Generated_Source\PSoC4/cyfitter_cfg.c **** static void AnalogSetDefault(void);
 239:Generated_Source\PSoC4/cyfitter_cfg.c **** static void AnalogSetDefault(void)
ARM GAS  C:\Users\K-Narf\AppData\Local\Temp\ccHK28Y1.s 			page 10


 240:Generated_Source\PSoC4/cyfitter_cfg.c **** {
 275              		.loc 1 240 0
 276              		.cfi_startproc
 277              		@ args = 0, pretend = 0, frame = 0
 278              		@ frame_needed = 1, uses_anonymous_args = 0
 279 0000 80B5     		push	{r7, lr}
 280              		.cfi_def_cfa_offset 8
 281              		.cfi_offset 7, -8
 282              		.cfi_offset 14, -4
 283 0002 00AF     		add	r7, sp, #0
 284              		.cfi_def_cfa_register 7
 241:Generated_Source\PSoC4/cyfitter_cfg.c **** 	CY_SET_XTND_REG32((void CYFAR *)CYREG_CTBM0_DFT_CTRL, 0x00000003u);
 285              		.loc 1 241 0
 286 0004 054B     		ldr	r3, .L8
 287 0006 0322     		movs	r2, #3
 288 0008 1A60     		str	r2, [r3]
 242:Generated_Source\PSoC4/cyfitter_cfg.c **** 	CY_SET_XTND_REG32((void CYFAR *)CYREG_CTBM1_DFT_CTRL, 0x00000003u);
 289              		.loc 1 242 0
 290 000a 054B     		ldr	r3, .L8+4
 291 000c 0322     		movs	r2, #3
 292 000e 1A60     		str	r2, [r3]
 243:Generated_Source\PSoC4/cyfitter_cfg.c **** 	CY_SET_XTND_REG32((void CYFAR *)CYREG_PASS_DSAB_DSAB_CTRL, 0x00000000u);
 293              		.loc 1 243 0
 294 0010 044B     		ldr	r3, .L8+8
 295 0012 0022     		movs	r2, #0
 296 0014 1A60     		str	r2, [r3]
 244:Generated_Source\PSoC4/cyfitter_cfg.c **** }
 297              		.loc 1 244 0
 298 0016 C046     		nop
 299 0018 BD46     		mov	sp, r7
 300              		@ sp needed
 301 001a 80BD     		pop	{r7, pc}
 302              	.L9:
 303              		.align	2
 304              	.L8:
 305 001c 30003040 		.word	1076887600
 306 0020 30003140 		.word	1076953136
 307 0024 000E3F40 		.word	1077874176
 308              		.cfi_endproc
 309              	.LFE6:
 310              		.size	AnalogSetDefault, .-AnalogSetDefault
 311              		.section	.psocinit
 312              		.align	2
 313              		.global	cyfitter_cfg
 314              		.code	16
 315              		.thumb_func
 316              		.type	cyfitter_cfg, %function
 317              	cyfitter_cfg:
 318              	.LFB7:
 245:Generated_Source\PSoC4/cyfitter_cfg.c **** 
 246:Generated_Source\PSoC4/cyfitter_cfg.c **** 
 247:Generated_Source\PSoC4/cyfitter_cfg.c **** 
 248:Generated_Source\PSoC4/cyfitter_cfg.c **** 
 249:Generated_Source\PSoC4/cyfitter_cfg.c **** /*******************************************************************************
 250:Generated_Source\PSoC4/cyfitter_cfg.c **** * Function Name: cyfitter_cfg
 251:Generated_Source\PSoC4/cyfitter_cfg.c **** ********************************************************************************
 252:Generated_Source\PSoC4/cyfitter_cfg.c **** * Summary:
ARM GAS  C:\Users\K-Narf\AppData\Local\Temp\ccHK28Y1.s 			page 11


 253:Generated_Source\PSoC4/cyfitter_cfg.c **** *  This function is called by the start-up code for the selected device. It
 254:Generated_Source\PSoC4/cyfitter_cfg.c **** *  performs all of the necessary device configuration based on the design
 255:Generated_Source\PSoC4/cyfitter_cfg.c **** *  settings.  This includes settings from the Design Wide Resources (DWR) such
 256:Generated_Source\PSoC4/cyfitter_cfg.c **** *  as Clocks and Pins as well as any component configuration that is necessary.
 257:Generated_Source\PSoC4/cyfitter_cfg.c **** *
 258:Generated_Source\PSoC4/cyfitter_cfg.c **** * Parameters:
 259:Generated_Source\PSoC4/cyfitter_cfg.c **** *   void
 260:Generated_Source\PSoC4/cyfitter_cfg.c **** *
 261:Generated_Source\PSoC4/cyfitter_cfg.c **** * Return:
 262:Generated_Source\PSoC4/cyfitter_cfg.c **** *   void
 263:Generated_Source\PSoC4/cyfitter_cfg.c **** *
 264:Generated_Source\PSoC4/cyfitter_cfg.c **** *******************************************************************************/
 265:Generated_Source\PSoC4/cyfitter_cfg.c **** CY_CFG_SECTION
 266:Generated_Source\PSoC4/cyfitter_cfg.c **** void cyfitter_cfg(void)
 267:Generated_Source\PSoC4/cyfitter_cfg.c **** {
 319              		.loc 1 267 0
 320              		.cfi_startproc
 321              		@ args = 0, pretend = 0, frame = 8
 322              		@ frame_needed = 1, uses_anonymous_args = 0
 323 00f0 80B5     		push	{r7, lr}
 324              		.cfi_def_cfa_offset 8
 325              		.cfi_offset 7, -8
 326              		.cfi_offset 14, -4
 327 00f2 82B0     		sub	sp, sp, #8
 328              		.cfi_def_cfa_offset 16
 329 00f4 00AF     		add	r7, sp, #0
 330              		.cfi_def_cfa_register 7
 268:Generated_Source\PSoC4/cyfitter_cfg.c **** 	/* Disable interrupts by default. Let user enable if/when they want. */
 269:Generated_Source\PSoC4/cyfitter_cfg.c **** 	CyGlobalIntDisable;
 331              		.loc 1 269 0
 332              		.syntax divided
 333              	@ 269 "Generated_Source\PSoC4\cyfitter_cfg.c" 1
 334 00f6 72B6     		CPSID   i
 335              	@ 0 "" 2
 270:Generated_Source\PSoC4/cyfitter_cfg.c **** 
 271:Generated_Source\PSoC4/cyfitter_cfg.c **** 	CY_SET_REG32((void *)(CYREG_BLE_BLESS_LL_DSM_CTRL), 0x00000000u);
 336              		.loc 1 271 0
 337              		.thumb
 338              		.syntax unified
 339 00f8 3C4B     		ldr	r3, .L13
 340 00fa 0022     		movs	r2, #0
 341 00fc 1A60     		str	r2, [r3]
 342              	.LBB2:
 272:Generated_Source\PSoC4/cyfitter_cfg.c **** 
 273:Generated_Source\PSoC4/cyfitter_cfg.c **** 	{
 274:Generated_Source\PSoC4/cyfitter_cfg.c **** 
 275:Generated_Source\PSoC4/cyfitter_cfg.c **** 		CYPACKED typedef struct {
 276:Generated_Source\PSoC4/cyfitter_cfg.c **** 			void CYFAR *address;
 277:Generated_Source\PSoC4/cyfitter_cfg.c **** 			uint16 size;
 278:Generated_Source\PSoC4/cyfitter_cfg.c **** 		} CYPACKED_ATTR cfg_memset_t;
 279:Generated_Source\PSoC4/cyfitter_cfg.c **** 
 280:Generated_Source\PSoC4/cyfitter_cfg.c **** 		static const cfg_memset_t CYCODE cfg_memset_list[] = {
 281:Generated_Source\PSoC4/cyfitter_cfg.c **** 			/* address, size */
 282:Generated_Source\PSoC4/cyfitter_cfg.c **** 			{(void CYFAR *)(CYDEV_UDB_P0_U0_BASE), 1024u},
 283:Generated_Source\PSoC4/cyfitter_cfg.c **** 			{(void CYFAR *)(CYDEV_UDB_DSI0_BASE), 1024u},
 284:Generated_Source\PSoC4/cyfitter_cfg.c **** 		};
 285:Generated_Source\PSoC4/cyfitter_cfg.c **** 
ARM GAS  C:\Users\K-Narf\AppData\Local\Temp\ccHK28Y1.s 			page 12


 286:Generated_Source\PSoC4/cyfitter_cfg.c **** 		uint8 CYDATA i;
 287:Generated_Source\PSoC4/cyfitter_cfg.c **** 
 288:Generated_Source\PSoC4/cyfitter_cfg.c **** 		/* Zero out critical memory blocks before beginning configuration */
 289:Generated_Source\PSoC4/cyfitter_cfg.c **** 		for (i = 0u; i < (sizeof(cfg_memset_list)/sizeof(cfg_memset_list[0])); i++)
 343              		.loc 1 289 0
 344 00fe FB1D     		adds	r3, r7, #7
 345 0100 0022     		movs	r2, #0
 346 0102 1A70     		strb	r2, [r3]
 347 0104 22E0     		b	.L11
 348              	.L12:
 349              	.LBB3:
 290:Generated_Source\PSoC4/cyfitter_cfg.c **** 		{
 291:Generated_Source\PSoC4/cyfitter_cfg.c **** 			const cfg_memset_t CYCODE * CYDATA ms = &cfg_memset_list[i];
 350              		.loc 1 291 0 discriminator 3
 351 0106 FB1D     		adds	r3, r7, #7
 352 0108 1A78     		ldrb	r2, [r3]
 353 010a 1300     		movs	r3, r2
 354 010c 5B00     		lsls	r3, r3, #1
 355 010e 9B18     		adds	r3, r3, r2
 356 0110 5B00     		lsls	r3, r3, #1
 357 0112 374A     		ldr	r2, .L13+4
 358 0114 9B18     		adds	r3, r3, r2
 359 0116 3B60     		str	r3, [r7]
 292:Generated_Source\PSoC4/cyfitter_cfg.c **** 			CYMEMZERO(ms->address, (size_t)(uint32)(ms->size));
 360              		.loc 1 292 0 discriminator 3
 361 0118 3B68     		ldr	r3, [r7]
 362 011a 1A78     		ldrb	r2, [r3]
 363 011c 5978     		ldrb	r1, [r3, #1]
 364 011e 0902     		lsls	r1, r1, #8
 365 0120 0A43     		orrs	r2, r1
 366 0122 9978     		ldrb	r1, [r3, #2]
 367 0124 0904     		lsls	r1, r1, #16
 368 0126 0A43     		orrs	r2, r1
 369 0128 DB78     		ldrb	r3, [r3, #3]
 370 012a 1B06     		lsls	r3, r3, #24
 371 012c 1343     		orrs	r3, r2
 372 012e 1800     		movs	r0, r3
 373 0130 3B68     		ldr	r3, [r7]
 374 0132 1A79     		ldrb	r2, [r3, #4]
 375 0134 5B79     		ldrb	r3, [r3, #5]
 376 0136 1B02     		lsls	r3, r3, #8
 377 0138 1343     		orrs	r3, r2
 378 013a 9BB2     		uxth	r3, r3
 379 013c 1900     		movs	r1, r3
 380 013e FFF7FEFF 		bl	CYMEMZERO
 381              	.LBE3:
 289:Generated_Source\PSoC4/cyfitter_cfg.c **** 		{
 382              		.loc 1 289 0 discriminator 3
 383 0142 FB1D     		adds	r3, r7, #7
 384 0144 1A78     		ldrb	r2, [r3]
 385 0146 FB1D     		adds	r3, r7, #7
 386 0148 0132     		adds	r2, r2, #1
 387 014a 1A70     		strb	r2, [r3]
 388              	.L11:
 289:Generated_Source\PSoC4/cyfitter_cfg.c **** 		{
 389              		.loc 1 289 0 is_stmt 0 discriminator 1
 390 014c FB1D     		adds	r3, r7, #7
ARM GAS  C:\Users\K-Narf\AppData\Local\Temp\ccHK28Y1.s 			page 13


 391 014e 1B78     		ldrb	r3, [r3]
 392 0150 012B     		cmp	r3, #1
 393 0152 D8D9     		bls	.L12
 293:Generated_Source\PSoC4/cyfitter_cfg.c **** 		}
 294:Generated_Source\PSoC4/cyfitter_cfg.c **** 
 295:Generated_Source\PSoC4/cyfitter_cfg.c **** 		/* HSIOM Starting address: CYDEV_HSIOM_BASE */
 296:Generated_Source\PSoC4/cyfitter_cfg.c **** 		CY_SET_REG32((void *)(CYDEV_HSIOM_BASE), 0xEE000000u);
 394              		.loc 1 296 0 is_stmt 1
 395 0154 274B     		ldr	r3, .L13+8
 396 0156 EE22     		movs	r2, #238
 397 0158 1206     		lsls	r2, r2, #24
 398 015a 1A60     		str	r2, [r3]
 297:Generated_Source\PSoC4/cyfitter_cfg.c **** 		CY_SET_REG32((void *)(CYREG_HSIOM_PORT_SEL5), 0x000000EEu);
 399              		.loc 1 297 0
 400 015c 264B     		ldr	r3, .L13+12
 401 015e EE22     		movs	r2, #238
 402 0160 1A60     		str	r2, [r3]
 298:Generated_Source\PSoC4/cyfitter_cfg.c **** 
 299:Generated_Source\PSoC4/cyfitter_cfg.c **** 		/* UDB_PA_0 Starting address: CYDEV_UDB_PA0_BASE */
 300:Generated_Source\PSoC4/cyfitter_cfg.c **** 		CY_SET_REG32((void *)(CYDEV_UDB_PA0_BASE), 0x00990000u);
 403              		.loc 1 300 0
 404 0162 264B     		ldr	r3, .L13+16
 405 0164 9922     		movs	r2, #153
 406 0166 1204     		lsls	r2, r2, #16
 407 0168 1A60     		str	r2, [r3]
 301:Generated_Source\PSoC4/cyfitter_cfg.c **** 
 302:Generated_Source\PSoC4/cyfitter_cfg.c **** 		/* UDB_PA_1 Starting address: CYDEV_UDB_PA1_BASE */
 303:Generated_Source\PSoC4/cyfitter_cfg.c **** 		CY_SET_REG32((void *)(CYDEV_UDB_PA1_BASE), 0x00990000u);
 408              		.loc 1 303 0
 409 016a 254B     		ldr	r3, .L13+20
 410 016c 9922     		movs	r2, #153
 411 016e 1204     		lsls	r2, r2, #16
 412 0170 1A60     		str	r2, [r3]
 304:Generated_Source\PSoC4/cyfitter_cfg.c **** 
 305:Generated_Source\PSoC4/cyfitter_cfg.c **** 		/* UDB_PA_2 Starting address: CYDEV_UDB_PA2_BASE */
 306:Generated_Source\PSoC4/cyfitter_cfg.c **** 		CY_SET_REG32((void *)(CYDEV_UDB_PA2_BASE), 0x00990000u);
 413              		.loc 1 306 0
 414 0172 244B     		ldr	r3, .L13+24
 415 0174 9922     		movs	r2, #153
 416 0176 1204     		lsls	r2, r2, #16
 417 0178 1A60     		str	r2, [r3]
 307:Generated_Source\PSoC4/cyfitter_cfg.c **** 
 308:Generated_Source\PSoC4/cyfitter_cfg.c **** 		/* UDB_PA_3 Starting address: CYDEV_UDB_PA3_BASE */
 309:Generated_Source\PSoC4/cyfitter_cfg.c **** 		CY_SET_REG32((void *)(CYDEV_UDB_PA3_BASE), 0x00990000u);
 418              		.loc 1 309 0
 419 017a 234B     		ldr	r3, .L13+28
 420 017c 9922     		movs	r2, #153
 421 017e 1204     		lsls	r2, r2, #16
 422 0180 1A60     		str	r2, [r3]
 310:Generated_Source\PSoC4/cyfitter_cfg.c **** 
 311:Generated_Source\PSoC4/cyfitter_cfg.c **** 		/* Enable digital routing */
 312:Generated_Source\PSoC4/cyfitter_cfg.c **** 		CY_SET_XTND_REG8((void *)CYREG_UDB_UDBIF_BANK_CTL, (uint8)(CY_GET_XTND_REG8((void *)CYREG_UDB_UDB
 423              		.loc 1 312 0
 424 0182 224A     		ldr	r2, .L13+32
 425 0184 214B     		ldr	r3, .L13+32
 426 0186 1B78     		ldrb	r3, [r3]
 427 0188 DBB2     		uxtb	r3, r3
ARM GAS  C:\Users\K-Narf\AppData\Local\Temp\ccHK28Y1.s 			page 14


 428 018a 0621     		movs	r1, #6
 429 018c 0B43     		orrs	r3, r1
 430 018e DBB2     		uxtb	r3, r3
 431 0190 1370     		strb	r3, [r2]
 432              	.LBE2:
 313:Generated_Source\PSoC4/cyfitter_cfg.c **** 	}
 314:Generated_Source\PSoC4/cyfitter_cfg.c **** 
 315:Generated_Source\PSoC4/cyfitter_cfg.c **** 	/* Perform second pass device configuration. These items must be configured in specific order afte
 316:Generated_Source\PSoC4/cyfitter_cfg.c **** 	/* IOPINS0_0 Starting address: CYDEV_GPIO_PRT0_BASE */
 317:Generated_Source\PSoC4/cyfitter_cfg.c **** 	CY_SET_REG32((void *)(CYDEV_GPIO_PRT0_BASE), 0x00000020u);
 433              		.loc 1 317 0
 434 0192 1F4B     		ldr	r3, .L13+36
 435 0194 2022     		movs	r2, #32
 436 0196 1A60     		str	r2, [r3]
 318:Generated_Source\PSoC4/cyfitter_cfg.c **** 	CY_SET_REG32((void *)(CYREG_GPIO_PRT0_PC), 0x00DB0000u);
 437              		.loc 1 318 0
 438 0198 1E4B     		ldr	r3, .L13+40
 439 019a DB22     		movs	r2, #219
 440 019c 1204     		lsls	r2, r2, #16
 441 019e 1A60     		str	r2, [r3]
 319:Generated_Source\PSoC4/cyfitter_cfg.c **** 
 320:Generated_Source\PSoC4/cyfitter_cfg.c **** 	/* IOPINS0_1 Starting address: CYDEV_GPIO_PRT1_BASE */
 321:Generated_Source\PSoC4/cyfitter_cfg.c **** 	CY_SET_REG32((void *)(CYDEV_GPIO_PRT1_BASE), 0x00000001u);
 442              		.loc 1 321 0
 443 01a0 1D4B     		ldr	r3, .L13+44
 444 01a2 0122     		movs	r2, #1
 445 01a4 1A60     		str	r2, [r3]
 322:Generated_Source\PSoC4/cyfitter_cfg.c **** 	CY_SET_REG32((void *)(CYREG_GPIO_PRT1_PC), 0x00000006u);
 446              		.loc 1 322 0
 447 01a6 1D4B     		ldr	r3, .L13+48
 448 01a8 0622     		movs	r2, #6
 449 01aa 1A60     		str	r2, [r3]
 323:Generated_Source\PSoC4/cyfitter_cfg.c **** 
 324:Generated_Source\PSoC4/cyfitter_cfg.c **** 	/* IOPINS0_2 Starting address: CYDEV_GPIO_PRT2_BASE */
 325:Generated_Source\PSoC4/cyfitter_cfg.c **** 	CY_SET_REG32((void *)(CYDEV_GPIO_PRT2_BASE), 0x0000004Cu);
 450              		.loc 1 325 0
 451 01ac 1C4B     		ldr	r3, .L13+52
 452 01ae 4C22     		movs	r2, #76
 453 01b0 1A60     		str	r2, [r3]
 326:Generated_Source\PSoC4/cyfitter_cfg.c **** 	CY_SET_REG32((void *)(CYREG_GPIO_PRT2_PC), 0x00180D80u);
 454              		.loc 1 326 0
 455 01b2 1C4B     		ldr	r3, .L13+56
 456 01b4 1C4A     		ldr	r2, .L13+60
 457 01b6 1A60     		str	r2, [r3]
 327:Generated_Source\PSoC4/cyfitter_cfg.c **** 
 328:Generated_Source\PSoC4/cyfitter_cfg.c **** 	/* IOPINS0_3 Starting address: CYDEV_GPIO_PRT3_BASE */
 329:Generated_Source\PSoC4/cyfitter_cfg.c **** 	CY_SET_REG32((void *)(CYDEV_GPIO_PRT3_BASE), 0x000000C0u);
 458              		.loc 1 329 0
 459 01b8 1C4B     		ldr	r3, .L13+64
 460 01ba C022     		movs	r2, #192
 461 01bc 1A60     		str	r2, [r3]
 330:Generated_Source\PSoC4/cyfitter_cfg.c **** 	CY_SET_REG32((void *)(CYREG_GPIO_PRT3_PC), 0x00DB6C00u);
 462              		.loc 1 330 0
 463 01be 1C4B     		ldr	r3, .L13+68
 464 01c0 1C4A     		ldr	r2, .L13+72
 465 01c2 1A60     		str	r2, [r3]
 331:Generated_Source\PSoC4/cyfitter_cfg.c **** 
ARM GAS  C:\Users\K-Narf\AppData\Local\Temp\ccHK28Y1.s 			page 15


 332:Generated_Source\PSoC4/cyfitter_cfg.c **** 	/* IOPINS0_4 Starting address: CYDEV_GPIO_PRT4_BASE */
 333:Generated_Source\PSoC4/cyfitter_cfg.c **** 	CY_SET_REG32((void *)(CYDEV_GPIO_PRT4_BASE), 0x00000001u);
 466              		.loc 1 333 0
 467 01c4 1C4B     		ldr	r3, .L13+76
 468 01c6 0122     		movs	r2, #1
 469 01c8 1A60     		str	r2, [r3]
 334:Generated_Source\PSoC4/cyfitter_cfg.c **** 	CY_SET_REG32((void *)(CYREG_GPIO_PRT4_PC), 0x00000006u);
 470              		.loc 1 334 0
 471 01ca 1C4B     		ldr	r3, .L13+80
 472 01cc 0622     		movs	r2, #6
 473 01ce 1A60     		str	r2, [r3]
 335:Generated_Source\PSoC4/cyfitter_cfg.c **** 
 336:Generated_Source\PSoC4/cyfitter_cfg.c **** 	/* IOPINS0_5 Starting address: CYDEV_GPIO_PRT5_BASE */
 337:Generated_Source\PSoC4/cyfitter_cfg.c **** 	CY_SET_REG32((void *)(CYDEV_GPIO_PRT5_BASE), 0x00000003u);
 474              		.loc 1 337 0
 475 01d0 1B4B     		ldr	r3, .L13+84
 476 01d2 0322     		movs	r2, #3
 477 01d4 1A60     		str	r2, [r3]
 338:Generated_Source\PSoC4/cyfitter_cfg.c **** 	CY_SET_REG32((void *)(CYREG_GPIO_PRT5_PC), 0x00000024u);
 478              		.loc 1 338 0
 479 01d6 1B4B     		ldr	r3, .L13+88
 480 01d8 2422     		movs	r2, #36
 481 01da 1A60     		str	r2, [r3]
 339:Generated_Source\PSoC4/cyfitter_cfg.c **** 
 340:Generated_Source\PSoC4/cyfitter_cfg.c **** 
 341:Generated_Source\PSoC4/cyfitter_cfg.c **** 	/* Setup clocks based on selections from Clock DWR */
 342:Generated_Source\PSoC4/cyfitter_cfg.c **** 	ClockSetup();
 482              		.loc 1 342 0
 483 01dc FFF710FF 		bl	ClockSetup
 343:Generated_Source\PSoC4/cyfitter_cfg.c **** 
 344:Generated_Source\PSoC4/cyfitter_cfg.c **** 	/* Perform basic analog initialization to defaults */
 345:Generated_Source\PSoC4/cyfitter_cfg.c **** 	AnalogSetDefault();
 484              		.loc 1 345 0
 485 01e0 FFF7FEFF 		bl	AnalogSetDefault
 346:Generated_Source\PSoC4/cyfitter_cfg.c **** 
 347:Generated_Source\PSoC4/cyfitter_cfg.c **** }
 486              		.loc 1 347 0
 487 01e4 C046     		nop
 488 01e6 BD46     		mov	sp, r7
 489 01e8 02B0     		add	sp, sp, #8
 490              		@ sp needed
 491 01ea 80BD     		pop	{r7, pc}
 492              	.L14:
 493              		.align	2
 494              	.L13:
 495 01ec 6CF02E40 		.word	1076818028
 496 01f0 00000000 		.word	cfg_memset_list.4884
 497 01f4 00000240 		.word	1073872896
 498 01f8 00050240 		.word	1073874176
 499 01fc 00500F40 		.word	1074745344
 500 0200 10500F40 		.word	1074745360
 501 0204 20500F40 		.word	1074745376
 502 0208 30500F40 		.word	1074745392
 503 020c 00700F40 		.word	1074753536
 504 0210 00000440 		.word	1074003968
 505 0214 08000440 		.word	1074003976
 506 0218 00010440 		.word	1074004224
ARM GAS  C:\Users\K-Narf\AppData\Local\Temp\ccHK28Y1.s 			page 16


 507 021c 08010440 		.word	1074004232
 508 0220 00020440 		.word	1074004480
 509 0224 08020440 		.word	1074004488
 510 0228 800D1800 		.word	1576320
 511 022c 00030440 		.word	1074004736
 512 0230 08030440 		.word	1074004744
 513 0234 006CDB00 		.word	14380032
 514 0238 00040440 		.word	1074004992
 515 023c 08040440 		.word	1074005000
 516 0240 00050440 		.word	1074005248
 517 0244 08050440 		.word	1074005256
 518              		.cfi_endproc
 519              	.LFE7:
 520              		.size	cyfitter_cfg, .-cyfitter_cfg
 521              		.section	.rodata
 522              		.align	2
 523              		.type	cfg_memset_list.4884, %object
 524              		.size	cfg_memset_list.4884, 12
 525              	cfg_memset_list.4884:
 526 0000 00300F40 		.word	1074737152
 527 0004 0004     		.short	1024
 528 0006 00400F40 		.4byte	1074741248
 529 000a 0004     		.short	1024
 530              		.text
 531              	.Letext0:
 532              		.file 2 "c:\\program files (x86)\\cypress\\psoc creator\\4.2\\psoc creator\\import\\gnu\\arm\\5.4.
 533              		.file 3 "Generated_Source\\PSoC4\\cytypes.h"
 534              		.section	.debug_info,"",%progbits
 535              	.Ldebug_info0:
 536 0000 55020000 		.4byte	0x255
 537 0004 0400     		.2byte	0x4
 538 0006 00000000 		.4byte	.Ldebug_abbrev0
 539 000a 04       		.byte	0x4
 540 000b 01       		.uleb128 0x1
 541 000c 83000000 		.4byte	.LASF30
 542 0010 0C       		.byte	0xc
 543 0011 1C020000 		.4byte	.LASF31
 544 0015 91010000 		.4byte	.LASF32
 545 0019 00000000 		.4byte	.Ldebug_ranges0+0
 546 001d 00000000 		.4byte	0
 547 0021 00000000 		.4byte	.Ldebug_line0
 548 0025 02       		.uleb128 0x2
 549 0026 04       		.byte	0x4
 550 0027 05       		.byte	0x5
 551 0028 696E7400 		.ascii	"int\000"
 552 002c 03       		.uleb128 0x3
 553 002d 06000000 		.4byte	.LASF12
 554 0031 02       		.byte	0x2
 555 0032 D8       		.byte	0xd8
 556 0033 37000000 		.4byte	0x37
 557 0037 04       		.uleb128 0x4
 558 0038 04       		.byte	0x4
 559 0039 07       		.byte	0x7
 560 003a 41010000 		.4byte	.LASF0
 561 003e 04       		.uleb128 0x4
 562 003f 08       		.byte	0x8
 563 0040 05       		.byte	0x5
ARM GAS  C:\Users\K-Narf\AppData\Local\Temp\ccHK28Y1.s 			page 17


 564 0041 83010000 		.4byte	.LASF1
 565 0045 04       		.uleb128 0x4
 566 0046 08       		.byte	0x8
 567 0047 04       		.byte	0x4
 568 0048 04020000 		.4byte	.LASF2
 569 004c 04       		.uleb128 0x4
 570 004d 01       		.byte	0x1
 571 004e 06       		.byte	0x6
 572 004f 10020000 		.4byte	.LASF3
 573 0053 04       		.uleb128 0x4
 574 0054 01       		.byte	0x1
 575 0055 08       		.byte	0x8
 576 0056 11010000 		.4byte	.LASF4
 577 005a 04       		.uleb128 0x4
 578 005b 02       		.byte	0x2
 579 005c 05       		.byte	0x5
 580 005d F1010000 		.4byte	.LASF5
 581 0061 04       		.uleb128 0x4
 582 0062 02       		.byte	0x2
 583 0063 07       		.byte	0x7
 584 0064 39000000 		.4byte	.LASF6
 585 0068 04       		.uleb128 0x4
 586 0069 04       		.byte	0x4
 587 006a 05       		.byte	0x5
 588 006b FB010000 		.4byte	.LASF7
 589 006f 04       		.uleb128 0x4
 590 0070 04       		.byte	0x4
 591 0071 07       		.byte	0x7
 592 0072 61000000 		.4byte	.LASF8
 593 0076 04       		.uleb128 0x4
 594 0077 08       		.byte	0x8
 595 0078 07       		.byte	0x7
 596 0079 56010000 		.4byte	.LASF9
 597 007d 04       		.uleb128 0x4
 598 007e 04       		.byte	0x4
 599 007f 07       		.byte	0x7
 600 0080 7A010000 		.4byte	.LASF10
 601 0084 05       		.uleb128 0x5
 602 0085 04       		.byte	0x4
 603 0086 04       		.uleb128 0x4
 604 0087 01       		.byte	0x1
 605 0088 08       		.byte	0x8
 606 0089 EC010000 		.4byte	.LASF11
 607 008d 06       		.uleb128 0x6
 608 008e 73000000 		.4byte	.LASF13
 609 0092 03       		.byte	0x3
 610 0093 E401     		.2byte	0x1e4
 611 0095 53000000 		.4byte	0x53
 612 0099 06       		.uleb128 0x6
 613 009a 33010000 		.4byte	.LASF14
 614 009e 03       		.byte	0x3
 615 009f E501     		.2byte	0x1e5
 616 00a1 61000000 		.4byte	0x61
 617 00a5 06       		.uleb128 0x6
 618 00a6 3A010000 		.4byte	.LASF15
 619 00aa 03       		.byte	0x3
 620 00ab E601     		.2byte	0x1e6
ARM GAS  C:\Users\K-Narf\AppData\Local\Temp\ccHK28Y1.s 			page 18


 621 00ad 6F000000 		.4byte	0x6f
 622 00b1 04       		.uleb128 0x4
 623 00b2 04       		.byte	0x4
 624 00b3 04       		.byte	0x4
 625 00b4 4C000000 		.4byte	.LASF16
 626 00b8 04       		.uleb128 0x4
 627 00b9 08       		.byte	0x8
 628 00ba 04       		.byte	0x4
 629 00bb 1F010000 		.4byte	.LASF17
 630 00bf 06       		.uleb128 0x6
 631 00c0 5C000000 		.4byte	.LASF18
 632 00c4 03       		.byte	0x3
 633 00c5 8E02     		.2byte	0x28e
 634 00c7 CB000000 		.4byte	0xcb
 635 00cb 07       		.uleb128 0x7
 636 00cc 8D000000 		.4byte	0x8d
 637 00d0 06       		.uleb128 0x6
 638 00d1 00000000 		.4byte	.LASF19
 639 00d5 03       		.byte	0x3
 640 00d6 9002     		.2byte	0x290
 641 00d8 DC000000 		.4byte	0xdc
 642 00dc 07       		.uleb128 0x7
 643 00dd A5000000 		.4byte	0xa5
 644 00e1 08       		.uleb128 0x8
 645 00e2 79000000 		.4byte	.LASF20
 646 00e6 01       		.byte	0x1
 647 00e7 4C       		.byte	0x4c
 648 00e8 00000000 		.4byte	.LFB2
 649 00ec 1E000000 		.4byte	.LFE2-.LFB2
 650 00f0 01       		.uleb128 0x1
 651 00f1 9C       		.byte	0x9c
 652 00f2 0F010000 		.4byte	0x10f
 653 00f6 09       		.uleb128 0x9
 654 00f7 7300     		.ascii	"s\000"
 655 00f9 01       		.byte	0x1
 656 00fa 4C       		.byte	0x4c
 657 00fb 84000000 		.4byte	0x84
 658 00ff 02       		.uleb128 0x2
 659 0100 91       		.byte	0x91
 660 0101 74       		.sleb128 -12
 661 0102 09       		.uleb128 0x9
 662 0103 6E00     		.ascii	"n\000"
 663 0105 01       		.byte	0x1
 664 0106 4C       		.byte	0x4c
 665 0107 2C000000 		.4byte	0x2c
 666 010b 02       		.uleb128 0x2
 667 010c 91       		.byte	0x91
 668 010d 70       		.sleb128 -16
 669 010e 00       		.byte	0
 670 010f 08       		.uleb128 0x8
 671 0110 52020000 		.4byte	.LASF21
 672 0114 01       		.byte	0x1
 673 0115 53       		.byte	0x53
 674 0116 00000000 		.4byte	.LFB3
 675 011a 20000000 		.4byte	.LFE3-.LFB3
 676 011e 01       		.uleb128 0x1
 677 011f 9C       		.byte	0x9c
ARM GAS  C:\Users\K-Narf\AppData\Local\Temp\ccHK28Y1.s 			page 19


 678 0120 4D010000 		.4byte	0x14d
 679 0124 0A       		.uleb128 0xa
 680 0125 52000000 		.4byte	.LASF22
 681 0129 01       		.byte	0x1
 682 012a 53       		.byte	0x53
 683 012b 84000000 		.4byte	0x84
 684 012f 02       		.uleb128 0x2
 685 0130 91       		.byte	0x91
 686 0131 74       		.sleb128 -12
 687 0132 09       		.uleb128 0x9
 688 0133 73726300 		.ascii	"src\000"
 689 0137 01       		.byte	0x1
 690 0138 53       		.byte	0x53
 691 0139 4D010000 		.4byte	0x14d
 692 013d 02       		.uleb128 0x2
 693 013e 91       		.byte	0x91
 694 013f 70       		.sleb128 -16
 695 0140 09       		.uleb128 0x9
 696 0141 6E00     		.ascii	"n\000"
 697 0143 01       		.byte	0x1
 698 0144 53       		.byte	0x53
 699 0145 2C000000 		.4byte	0x2c
 700 0149 02       		.uleb128 0x2
 701 014a 91       		.byte	0x91
 702 014b 6C       		.sleb128 -20
 703 014c 00       		.byte	0
 704 014d 0B       		.uleb128 0xb
 705 014e 04       		.byte	0x4
 706 014f 53010000 		.4byte	0x153
 707 0153 0C       		.uleb128 0xc
 708 0154 08       		.uleb128 0x8
 709 0155 42020000 		.4byte	.LASF23
 710 0159 01       		.byte	0x1
 711 015a 5A       		.byte	0x5a
 712 015b 00000000 		.4byte	.LFB4
 713 015f 20000000 		.4byte	.LFE4-.LFB4
 714 0163 01       		.uleb128 0x1
 715 0164 9C       		.byte	0x9c
 716 0165 92010000 		.4byte	0x192
 717 0169 0A       		.uleb128 0xa
 718 016a 52000000 		.4byte	.LASF22
 719 016e 01       		.byte	0x1
 720 016f 5A       		.byte	0x5a
 721 0170 84000000 		.4byte	0x84
 722 0174 02       		.uleb128 0x2
 723 0175 91       		.byte	0x91
 724 0176 74       		.sleb128 -12
 725 0177 09       		.uleb128 0x9
 726 0178 73726300 		.ascii	"src\000"
 727 017c 01       		.byte	0x1
 728 017d 5A       		.byte	0x5a
 729 017e 4D010000 		.4byte	0x14d
 730 0182 02       		.uleb128 0x2
 731 0183 91       		.byte	0x91
 732 0184 70       		.sleb128 -16
 733 0185 09       		.uleb128 0x9
 734 0186 6E00     		.ascii	"n\000"
ARM GAS  C:\Users\K-Narf\AppData\Local\Temp\ccHK28Y1.s 			page 20


 735 0188 01       		.byte	0x1
 736 0189 5A       		.byte	0x5a
 737 018a 2C000000 		.4byte	0x2c
 738 018e 02       		.uleb128 0x2
 739 018f 91       		.byte	0x91
 740 0190 6C       		.sleb128 -20
 741 0191 00       		.byte	0
 742 0192 0D       		.uleb128 0xd
 743 0193 2E000000 		.4byte	.LASF24
 744 0197 01       		.byte	0x1
 745 0198 AA       		.byte	0xaa
 746 0199 00000000 		.4byte	.LFB5
 747 019d F0000000 		.4byte	.LFE5-.LFB5
 748 01a1 01       		.uleb128 0x1
 749 01a2 9C       		.byte	0x9c
 750 01a3 0E       		.uleb128 0xe
 751 01a4 0D000000 		.4byte	.LASF25
 752 01a8 01       		.byte	0x1
 753 01a9 EF       		.byte	0xef
 754 01aa 00000000 		.4byte	.LFB6
 755 01ae 28000000 		.4byte	.LFE6-.LFB6
 756 01b2 01       		.uleb128 0x1
 757 01b3 9C       		.byte	0x9c
 758 01b4 0F       		.uleb128 0xf
 759 01b5 26010000 		.4byte	.LASF33
 760 01b9 01       		.byte	0x1
 761 01ba 0A01     		.2byte	0x10a
 762 01bc F0000000 		.4byte	.LFB7
 763 01c0 58010000 		.4byte	.LFE7-.LFB7
 764 01c4 01       		.uleb128 0x1
 765 01c5 9C       		.byte	0x9c
 766 01c6 10       		.uleb128 0x10
 767 01c7 FE000000 		.4byte	.LBB2
 768 01cb 94000000 		.4byte	.LBE2-.LBB2
 769 01cf 11       		.uleb128 0x11
 770 01d0 06       		.byte	0x6
 771 01d1 01       		.byte	0x1
 772 01d2 1301     		.2byte	0x113
 773 01d4 F3010000 		.4byte	0x1f3
 774 01d8 12       		.uleb128 0x12
 775 01d9 4E010000 		.4byte	.LASF26
 776 01dd 01       		.byte	0x1
 777 01de 1401     		.2byte	0x114
 778 01e0 84000000 		.4byte	0x84
 779 01e4 00       		.byte	0
 780 01e5 12       		.uleb128 0x12
 781 01e6 57000000 		.4byte	.LASF27
 782 01ea 01       		.byte	0x1
 783 01eb 1501     		.2byte	0x115
 784 01ed 99000000 		.4byte	0x99
 785 01f1 04       		.byte	0x4
 786 01f2 00       		.byte	0
 787 01f3 06       		.uleb128 0x6
 788 01f4 6D010000 		.4byte	.LASF28
 789 01f8 01       		.byte	0x1
 790 01f9 1601     		.2byte	0x116
 791 01fb CF010000 		.4byte	0x1cf
ARM GAS  C:\Users\K-Narf\AppData\Local\Temp\ccHK28Y1.s 			page 21


 792 01ff 13       		.uleb128 0x13
 793 0200 0F020000 		.4byte	0x20f
 794 0204 0F020000 		.4byte	0x20f
 795 0208 14       		.uleb128 0x14
 796 0209 7D000000 		.4byte	0x7d
 797 020d 01       		.byte	0x1
 798 020e 00       		.byte	0
 799 020f 15       		.uleb128 0x15
 800 0210 F3010000 		.4byte	0x1f3
 801 0214 16       		.uleb128 0x16
 802 0215 1E000000 		.4byte	.LASF29
 803 0219 01       		.byte	0x1
 804 021a 1801     		.2byte	0x118
 805 021c 26020000 		.4byte	0x226
 806 0220 05       		.uleb128 0x5
 807 0221 03       		.byte	0x3
 808 0222 00000000 		.4byte	cfg_memset_list.4884
 809 0226 15       		.uleb128 0x15
 810 0227 FF010000 		.4byte	0x1ff
 811 022b 17       		.uleb128 0x17
 812 022c 6900     		.ascii	"i\000"
 813 022e 01       		.byte	0x1
 814 022f 1E01     		.2byte	0x11e
 815 0231 8D000000 		.4byte	0x8d
 816 0235 02       		.uleb128 0x2
 817 0236 91       		.byte	0x91
 818 0237 77       		.sleb128 -9
 819 0238 10       		.uleb128 0x10
 820 0239 06010000 		.4byte	.LBB3
 821 023d 3C000000 		.4byte	.LBE3-.LBB3
 822 0241 17       		.uleb128 0x17
 823 0242 6D7300   		.ascii	"ms\000"
 824 0245 01       		.byte	0x1
 825 0246 2301     		.2byte	0x123
 826 0248 4F020000 		.4byte	0x24f
 827 024c 02       		.uleb128 0x2
 828 024d 91       		.byte	0x91
 829 024e 70       		.sleb128 -16
 830 024f 0B       		.uleb128 0xb
 831 0250 04       		.byte	0x4
 832 0251 0F020000 		.4byte	0x20f
 833 0255 00       		.byte	0
 834 0256 00       		.byte	0
 835 0257 00       		.byte	0
 836 0258 00       		.byte	0
 837              		.section	.debug_abbrev,"",%progbits
 838              	.Ldebug_abbrev0:
 839 0000 01       		.uleb128 0x1
 840 0001 11       		.uleb128 0x11
 841 0002 01       		.byte	0x1
 842 0003 25       		.uleb128 0x25
 843 0004 0E       		.uleb128 0xe
 844 0005 13       		.uleb128 0x13
 845 0006 0B       		.uleb128 0xb
 846 0007 03       		.uleb128 0x3
 847 0008 0E       		.uleb128 0xe
 848 0009 1B       		.uleb128 0x1b
ARM GAS  C:\Users\K-Narf\AppData\Local\Temp\ccHK28Y1.s 			page 22


 849 000a 0E       		.uleb128 0xe
 850 000b 55       		.uleb128 0x55
 851 000c 17       		.uleb128 0x17
 852 000d 11       		.uleb128 0x11
 853 000e 01       		.uleb128 0x1
 854 000f 10       		.uleb128 0x10
 855 0010 17       		.uleb128 0x17
 856 0011 00       		.byte	0
 857 0012 00       		.byte	0
 858 0013 02       		.uleb128 0x2
 859 0014 24       		.uleb128 0x24
 860 0015 00       		.byte	0
 861 0016 0B       		.uleb128 0xb
 862 0017 0B       		.uleb128 0xb
 863 0018 3E       		.uleb128 0x3e
 864 0019 0B       		.uleb128 0xb
 865 001a 03       		.uleb128 0x3
 866 001b 08       		.uleb128 0x8
 867 001c 00       		.byte	0
 868 001d 00       		.byte	0
 869 001e 03       		.uleb128 0x3
 870 001f 16       		.uleb128 0x16
 871 0020 00       		.byte	0
 872 0021 03       		.uleb128 0x3
 873 0022 0E       		.uleb128 0xe
 874 0023 3A       		.uleb128 0x3a
 875 0024 0B       		.uleb128 0xb
 876 0025 3B       		.uleb128 0x3b
 877 0026 0B       		.uleb128 0xb
 878 0027 49       		.uleb128 0x49
 879 0028 13       		.uleb128 0x13
 880 0029 00       		.byte	0
 881 002a 00       		.byte	0
 882 002b 04       		.uleb128 0x4
 883 002c 24       		.uleb128 0x24
 884 002d 00       		.byte	0
 885 002e 0B       		.uleb128 0xb
 886 002f 0B       		.uleb128 0xb
 887 0030 3E       		.uleb128 0x3e
 888 0031 0B       		.uleb128 0xb
 889 0032 03       		.uleb128 0x3
 890 0033 0E       		.uleb128 0xe
 891 0034 00       		.byte	0
 892 0035 00       		.byte	0
 893 0036 05       		.uleb128 0x5
 894 0037 0F       		.uleb128 0xf
 895 0038 00       		.byte	0
 896 0039 0B       		.uleb128 0xb
 897 003a 0B       		.uleb128 0xb
 898 003b 00       		.byte	0
 899 003c 00       		.byte	0
 900 003d 06       		.uleb128 0x6
 901 003e 16       		.uleb128 0x16
 902 003f 00       		.byte	0
 903 0040 03       		.uleb128 0x3
 904 0041 0E       		.uleb128 0xe
 905 0042 3A       		.uleb128 0x3a
ARM GAS  C:\Users\K-Narf\AppData\Local\Temp\ccHK28Y1.s 			page 23


 906 0043 0B       		.uleb128 0xb
 907 0044 3B       		.uleb128 0x3b
 908 0045 05       		.uleb128 0x5
 909 0046 49       		.uleb128 0x49
 910 0047 13       		.uleb128 0x13
 911 0048 00       		.byte	0
 912 0049 00       		.byte	0
 913 004a 07       		.uleb128 0x7
 914 004b 35       		.uleb128 0x35
 915 004c 00       		.byte	0
 916 004d 49       		.uleb128 0x49
 917 004e 13       		.uleb128 0x13
 918 004f 00       		.byte	0
 919 0050 00       		.byte	0
 920 0051 08       		.uleb128 0x8
 921 0052 2E       		.uleb128 0x2e
 922 0053 01       		.byte	0x1
 923 0054 03       		.uleb128 0x3
 924 0055 0E       		.uleb128 0xe
 925 0056 3A       		.uleb128 0x3a
 926 0057 0B       		.uleb128 0xb
 927 0058 3B       		.uleb128 0x3b
 928 0059 0B       		.uleb128 0xb
 929 005a 27       		.uleb128 0x27
 930 005b 19       		.uleb128 0x19
 931 005c 11       		.uleb128 0x11
 932 005d 01       		.uleb128 0x1
 933 005e 12       		.uleb128 0x12
 934 005f 06       		.uleb128 0x6
 935 0060 40       		.uleb128 0x40
 936 0061 18       		.uleb128 0x18
 937 0062 9642     		.uleb128 0x2116
 938 0064 19       		.uleb128 0x19
 939 0065 01       		.uleb128 0x1
 940 0066 13       		.uleb128 0x13
 941 0067 00       		.byte	0
 942 0068 00       		.byte	0
 943 0069 09       		.uleb128 0x9
 944 006a 05       		.uleb128 0x5
 945 006b 00       		.byte	0
 946 006c 03       		.uleb128 0x3
 947 006d 08       		.uleb128 0x8
 948 006e 3A       		.uleb128 0x3a
 949 006f 0B       		.uleb128 0xb
 950 0070 3B       		.uleb128 0x3b
 951 0071 0B       		.uleb128 0xb
 952 0072 49       		.uleb128 0x49
 953 0073 13       		.uleb128 0x13
 954 0074 02       		.uleb128 0x2
 955 0075 18       		.uleb128 0x18
 956 0076 00       		.byte	0
 957 0077 00       		.byte	0
 958 0078 0A       		.uleb128 0xa
 959 0079 05       		.uleb128 0x5
 960 007a 00       		.byte	0
 961 007b 03       		.uleb128 0x3
 962 007c 0E       		.uleb128 0xe
ARM GAS  C:\Users\K-Narf\AppData\Local\Temp\ccHK28Y1.s 			page 24


 963 007d 3A       		.uleb128 0x3a
 964 007e 0B       		.uleb128 0xb
 965 007f 3B       		.uleb128 0x3b
 966 0080 0B       		.uleb128 0xb
 967 0081 49       		.uleb128 0x49
 968 0082 13       		.uleb128 0x13
 969 0083 02       		.uleb128 0x2
 970 0084 18       		.uleb128 0x18
 971 0085 00       		.byte	0
 972 0086 00       		.byte	0
 973 0087 0B       		.uleb128 0xb
 974 0088 0F       		.uleb128 0xf
 975 0089 00       		.byte	0
 976 008a 0B       		.uleb128 0xb
 977 008b 0B       		.uleb128 0xb
 978 008c 49       		.uleb128 0x49
 979 008d 13       		.uleb128 0x13
 980 008e 00       		.byte	0
 981 008f 00       		.byte	0
 982 0090 0C       		.uleb128 0xc
 983 0091 26       		.uleb128 0x26
 984 0092 00       		.byte	0
 985 0093 00       		.byte	0
 986 0094 00       		.byte	0
 987 0095 0D       		.uleb128 0xd
 988 0096 2E       		.uleb128 0x2e
 989 0097 00       		.byte	0
 990 0098 03       		.uleb128 0x3
 991 0099 0E       		.uleb128 0xe
 992 009a 3A       		.uleb128 0x3a
 993 009b 0B       		.uleb128 0xb
 994 009c 3B       		.uleb128 0x3b
 995 009d 0B       		.uleb128 0xb
 996 009e 27       		.uleb128 0x27
 997 009f 19       		.uleb128 0x19
 998 00a0 11       		.uleb128 0x11
 999 00a1 01       		.uleb128 0x1
 1000 00a2 12       		.uleb128 0x12
 1001 00a3 06       		.uleb128 0x6
 1002 00a4 40       		.uleb128 0x40
 1003 00a5 18       		.uleb128 0x18
 1004 00a6 9642     		.uleb128 0x2116
 1005 00a8 19       		.uleb128 0x19
 1006 00a9 00       		.byte	0
 1007 00aa 00       		.byte	0
 1008 00ab 0E       		.uleb128 0xe
 1009 00ac 2E       		.uleb128 0x2e
 1010 00ad 00       		.byte	0
 1011 00ae 03       		.uleb128 0x3
 1012 00af 0E       		.uleb128 0xe
 1013 00b0 3A       		.uleb128 0x3a
 1014 00b1 0B       		.uleb128 0xb
 1015 00b2 3B       		.uleb128 0x3b
 1016 00b3 0B       		.uleb128 0xb
 1017 00b4 27       		.uleb128 0x27
 1018 00b5 19       		.uleb128 0x19
 1019 00b6 11       		.uleb128 0x11
ARM GAS  C:\Users\K-Narf\AppData\Local\Temp\ccHK28Y1.s 			page 25


 1020 00b7 01       		.uleb128 0x1
 1021 00b8 12       		.uleb128 0x12
 1022 00b9 06       		.uleb128 0x6
 1023 00ba 40       		.uleb128 0x40
 1024 00bb 18       		.uleb128 0x18
 1025 00bc 9742     		.uleb128 0x2117
 1026 00be 19       		.uleb128 0x19
 1027 00bf 00       		.byte	0
 1028 00c0 00       		.byte	0
 1029 00c1 0F       		.uleb128 0xf
 1030 00c2 2E       		.uleb128 0x2e
 1031 00c3 01       		.byte	0x1
 1032 00c4 3F       		.uleb128 0x3f
 1033 00c5 19       		.uleb128 0x19
 1034 00c6 03       		.uleb128 0x3
 1035 00c7 0E       		.uleb128 0xe
 1036 00c8 3A       		.uleb128 0x3a
 1037 00c9 0B       		.uleb128 0xb
 1038 00ca 3B       		.uleb128 0x3b
 1039 00cb 05       		.uleb128 0x5
 1040 00cc 27       		.uleb128 0x27
 1041 00cd 19       		.uleb128 0x19
 1042 00ce 11       		.uleb128 0x11
 1043 00cf 01       		.uleb128 0x1
 1044 00d0 12       		.uleb128 0x12
 1045 00d1 06       		.uleb128 0x6
 1046 00d2 40       		.uleb128 0x40
 1047 00d3 18       		.uleb128 0x18
 1048 00d4 9642     		.uleb128 0x2116
 1049 00d6 19       		.uleb128 0x19
 1050 00d7 00       		.byte	0
 1051 00d8 00       		.byte	0
 1052 00d9 10       		.uleb128 0x10
 1053 00da 0B       		.uleb128 0xb
 1054 00db 01       		.byte	0x1
 1055 00dc 11       		.uleb128 0x11
 1056 00dd 01       		.uleb128 0x1
 1057 00de 12       		.uleb128 0x12
 1058 00df 06       		.uleb128 0x6
 1059 00e0 00       		.byte	0
 1060 00e1 00       		.byte	0
 1061 00e2 11       		.uleb128 0x11
 1062 00e3 13       		.uleb128 0x13
 1063 00e4 01       		.byte	0x1
 1064 00e5 0B       		.uleb128 0xb
 1065 00e6 0B       		.uleb128 0xb
 1066 00e7 3A       		.uleb128 0x3a
 1067 00e8 0B       		.uleb128 0xb
 1068 00e9 3B       		.uleb128 0x3b
 1069 00ea 05       		.uleb128 0x5
 1070 00eb 01       		.uleb128 0x1
 1071 00ec 13       		.uleb128 0x13
 1072 00ed 00       		.byte	0
 1073 00ee 00       		.byte	0
 1074 00ef 12       		.uleb128 0x12
 1075 00f0 0D       		.uleb128 0xd
 1076 00f1 00       		.byte	0
ARM GAS  C:\Users\K-Narf\AppData\Local\Temp\ccHK28Y1.s 			page 26


 1077 00f2 03       		.uleb128 0x3
 1078 00f3 0E       		.uleb128 0xe
 1079 00f4 3A       		.uleb128 0x3a
 1080 00f5 0B       		.uleb128 0xb
 1081 00f6 3B       		.uleb128 0x3b
 1082 00f7 05       		.uleb128 0x5
 1083 00f8 49       		.uleb128 0x49
 1084 00f9 13       		.uleb128 0x13
 1085 00fa 38       		.uleb128 0x38
 1086 00fb 0B       		.uleb128 0xb
 1087 00fc 00       		.byte	0
 1088 00fd 00       		.byte	0
 1089 00fe 13       		.uleb128 0x13
 1090 00ff 01       		.uleb128 0x1
 1091 0100 01       		.byte	0x1
 1092 0101 49       		.uleb128 0x49
 1093 0102 13       		.uleb128 0x13
 1094 0103 01       		.uleb128 0x1
 1095 0104 13       		.uleb128 0x13
 1096 0105 00       		.byte	0
 1097 0106 00       		.byte	0
 1098 0107 14       		.uleb128 0x14
 1099 0108 21       		.uleb128 0x21
 1100 0109 00       		.byte	0
 1101 010a 49       		.uleb128 0x49
 1102 010b 13       		.uleb128 0x13
 1103 010c 2F       		.uleb128 0x2f
 1104 010d 0B       		.uleb128 0xb
 1105 010e 00       		.byte	0
 1106 010f 00       		.byte	0
 1107 0110 15       		.uleb128 0x15
 1108 0111 26       		.uleb128 0x26
 1109 0112 00       		.byte	0
 1110 0113 49       		.uleb128 0x49
 1111 0114 13       		.uleb128 0x13
 1112 0115 00       		.byte	0
 1113 0116 00       		.byte	0
 1114 0117 16       		.uleb128 0x16
 1115 0118 34       		.uleb128 0x34
 1116 0119 00       		.byte	0
 1117 011a 03       		.uleb128 0x3
 1118 011b 0E       		.uleb128 0xe
 1119 011c 3A       		.uleb128 0x3a
 1120 011d 0B       		.uleb128 0xb
 1121 011e 3B       		.uleb128 0x3b
 1122 011f 05       		.uleb128 0x5
 1123 0120 49       		.uleb128 0x49
 1124 0121 13       		.uleb128 0x13
 1125 0122 02       		.uleb128 0x2
 1126 0123 18       		.uleb128 0x18
 1127 0124 00       		.byte	0
 1128 0125 00       		.byte	0
 1129 0126 17       		.uleb128 0x17
 1130 0127 34       		.uleb128 0x34
 1131 0128 00       		.byte	0
 1132 0129 03       		.uleb128 0x3
 1133 012a 08       		.uleb128 0x8
ARM GAS  C:\Users\K-Narf\AppData\Local\Temp\ccHK28Y1.s 			page 27


 1134 012b 3A       		.uleb128 0x3a
 1135 012c 0B       		.uleb128 0xb
 1136 012d 3B       		.uleb128 0x3b
 1137 012e 05       		.uleb128 0x5
 1138 012f 49       		.uleb128 0x49
 1139 0130 13       		.uleb128 0x13
 1140 0131 02       		.uleb128 0x2
 1141 0132 18       		.uleb128 0x18
 1142 0133 00       		.byte	0
 1143 0134 00       		.byte	0
 1144 0135 00       		.byte	0
 1145              		.section	.debug_aranges,"",%progbits
 1146 0000 44000000 		.4byte	0x44
 1147 0004 0200     		.2byte	0x2
 1148 0006 00000000 		.4byte	.Ldebug_info0
 1149 000a 04       		.byte	0x4
 1150 000b 00       		.byte	0
 1151 000c 0000     		.2byte	0
 1152 000e 0000     		.2byte	0
 1153 0010 00000000 		.4byte	.LFB2
 1154 0014 1E000000 		.4byte	.LFE2-.LFB2
 1155 0018 00000000 		.4byte	.LFB3
 1156 001c 20000000 		.4byte	.LFE3-.LFB3
 1157 0020 00000000 		.4byte	.LFB4
 1158 0024 20000000 		.4byte	.LFE4-.LFB4
 1159 0028 00000000 		.4byte	.LFB5
 1160 002c F0000000 		.4byte	.LFE5-.LFB5
 1161 0030 00000000 		.4byte	.LFB6
 1162 0034 28000000 		.4byte	.LFE6-.LFB6
 1163 0038 F0000000 		.4byte	.LFB7
 1164 003c 58010000 		.4byte	.LFE7-.LFB7
 1165 0040 00000000 		.4byte	0
 1166 0044 00000000 		.4byte	0
 1167              		.section	.debug_ranges,"",%progbits
 1168              	.Ldebug_ranges0:
 1169 0000 00000000 		.4byte	.LFB2
 1170 0004 1E000000 		.4byte	.LFE2
 1171 0008 00000000 		.4byte	.LFB3
 1172 000c 20000000 		.4byte	.LFE3
 1173 0010 00000000 		.4byte	.LFB4
 1174 0014 20000000 		.4byte	.LFE4
 1175 0018 00000000 		.4byte	.LFB5
 1176 001c F0000000 		.4byte	.LFE5
 1177 0020 00000000 		.4byte	.LFB6
 1178 0024 28000000 		.4byte	.LFE6
 1179 0028 F0000000 		.4byte	.LFB7
 1180 002c 48020000 		.4byte	.LFE7
 1181 0030 00000000 		.4byte	0
 1182 0034 00000000 		.4byte	0
 1183              		.section	.debug_line,"",%progbits
 1184              	.Ldebug_line0:
 1185 0000 78010000 		.section	.debug_str,"MS",%progbits,1
 1185      0200CB00 
 1185      00000201 
 1185      FB0E0D00 
 1185      01010101 
 1186              	.LASF19:
ARM GAS  C:\Users\K-Narf\AppData\Local\Temp\ccHK28Y1.s 			page 28


 1187 0000 72656733 		.ascii	"reg32\000"
 1187      3200
 1188              	.LASF12:
 1189 0006 73697A65 		.ascii	"size_t\000"
 1189      5F7400
 1190              	.LASF25:
 1191 000d 416E616C 		.ascii	"AnalogSetDefault\000"
 1191      6F675365 
 1191      74446566 
 1191      61756C74 
 1191      00
 1192              	.LASF29:
 1193 001e 6366675F 		.ascii	"cfg_memset_list\000"
 1193      6D656D73 
 1193      65745F6C 
 1193      69737400 
 1194              	.LASF24:
 1195 002e 436C6F63 		.ascii	"ClockSetup\000"
 1195      6B536574 
 1195      757000
 1196              	.LASF6:
 1197 0039 73686F72 		.ascii	"short unsigned int\000"
 1197      7420756E 
 1197      7369676E 
 1197      65642069 
 1197      6E7400
 1198              	.LASF16:
 1199 004c 666C6F61 		.ascii	"float\000"
 1199      7400
 1200              	.LASF22:
 1201 0052 64657374 		.ascii	"dest\000"
 1201      00
 1202              	.LASF27:
 1203 0057 73697A65 		.ascii	"size\000"
 1203      00
 1204              	.LASF18:
 1205 005c 72656738 		.ascii	"reg8\000"
 1205      00
 1206              	.LASF8:
 1207 0061 6C6F6E67 		.ascii	"long unsigned int\000"
 1207      20756E73 
 1207      69676E65 
 1207      6420696E 
 1207      7400
 1208              	.LASF13:
 1209 0073 75696E74 		.ascii	"uint8\000"
 1209      3800
 1210              	.LASF20:
 1211 0079 43594D45 		.ascii	"CYMEMZERO\000"
 1211      4D5A4552 
 1211      4F00
 1212              	.LASF30:
 1213 0083 474E5520 		.ascii	"GNU C11 5.4.1 20160609 (release) [ARM/embedded-5-br"
 1213      43313120 
 1213      352E342E 
 1213      31203230 
 1213      31363036 
ARM GAS  C:\Users\K-Narf\AppData\Local\Temp\ccHK28Y1.s 			page 29


 1214 00b6 616E6368 		.ascii	"anch revision 237715] -mcpu=cortex-m0 -mthumb -g -O"
 1214      20726576 
 1214      6973696F 
 1214      6E203233 
 1214      37373135 
 1215 00e9 30202D66 		.ascii	"0 -ffunction-sections -ffat-lto-objects\000"
 1215      66756E63 
 1215      74696F6E 
 1215      2D736563 
 1215      74696F6E 
 1216              	.LASF4:
 1217 0111 756E7369 		.ascii	"unsigned char\000"
 1217      676E6564 
 1217      20636861 
 1217      7200
 1218              	.LASF17:
 1219 011f 646F7562 		.ascii	"double\000"
 1219      6C6500
 1220              	.LASF33:
 1221 0126 63796669 		.ascii	"cyfitter_cfg\000"
 1221      74746572 
 1221      5F636667 
 1221      00
 1222              	.LASF14:
 1223 0133 75696E74 		.ascii	"uint16\000"
 1223      313600
 1224              	.LASF15:
 1225 013a 75696E74 		.ascii	"uint32\000"
 1225      333200
 1226              	.LASF0:
 1227 0141 756E7369 		.ascii	"unsigned int\000"
 1227      676E6564 
 1227      20696E74 
 1227      00
 1228              	.LASF26:
 1229 014e 61646472 		.ascii	"address\000"
 1229      65737300 
 1230              	.LASF9:
 1231 0156 6C6F6E67 		.ascii	"long long unsigned int\000"
 1231      206C6F6E 
 1231      6720756E 
 1231      7369676E 
 1231      65642069 
 1232              	.LASF28:
 1233 016d 6366675F 		.ascii	"cfg_memset_t\000"
 1233      6D656D73 
 1233      65745F74 
 1233      00
 1234              	.LASF10:
 1235 017a 73697A65 		.ascii	"sizetype\000"
 1235      74797065 
 1235      00
 1236              	.LASF1:
 1237 0183 6C6F6E67 		.ascii	"long long int\000"
 1237      206C6F6E 
 1237      6720696E 
 1237      7400
ARM GAS  C:\Users\K-Narf\AppData\Local\Temp\ccHK28Y1.s 			page 30


 1238              	.LASF32:
 1239 0191 433A5C55 		.ascii	"C:\\Users\\K-Narf\\Documents\\Senior Design Code Te"
 1239      73657273 
 1239      5C4B2D4E 
 1239      6172665C 
 1239      446F6375 
 1240 01c0 7374696E 		.ascii	"sting\\Power_Chip_Test\\Power_Chip_Test.cydsn\000"
 1240      675C506F 
 1240      7765725F 
 1240      43686970 
 1240      5F546573 
 1241              	.LASF11:
 1242 01ec 63686172 		.ascii	"char\000"
 1242      00
 1243              	.LASF5:
 1244 01f1 73686F72 		.ascii	"short int\000"
 1244      7420696E 
 1244      7400
 1245              	.LASF7:
 1246 01fb 6C6F6E67 		.ascii	"long int\000"
 1246      20696E74 
 1246      00
 1247              	.LASF2:
 1248 0204 6C6F6E67 		.ascii	"long double\000"
 1248      20646F75 
 1248      626C6500 
 1249              	.LASF3:
 1250 0210 7369676E 		.ascii	"signed char\000"
 1250      65642063 
 1250      68617200 
 1251              	.LASF31:
 1252 021c 47656E65 		.ascii	"Generated_Source\\PSoC4\\cyfitter_cfg.c\000"
 1252      72617465 
 1252      645F536F 
 1252      75726365 
 1252      5C50536F 
 1253              	.LASF23:
 1254 0242 4359434F 		.ascii	"CYCONFIGCPYCODE\000"
 1254      4E464947 
 1254      43505943 
 1254      4F444500 
 1255              	.LASF21:
 1256 0252 4359434F 		.ascii	"CYCONFIGCPY\000"
 1256      4E464947 
 1256      43505900 
 1257              		.ident	"GCC: (GNU Tools for ARM Embedded Processors) 5.4.1 20160609 (release) [ARM/embedded-5-bran
