Archive member included to satisfy reference by file (symbol)

.\CortexM0\ARM_GCC_541\Debug\Power_Chip_Test.a(I2C_1_I2C_MASTER.o)
                              .\CortexM0\ARM_GCC_541\Debug\main.o (I2C_1_I2CMasterSendStart)
.\CortexM0\ARM_GCC_541\Debug\Power_Chip_Test.a(I2C_1_PM.o)
                              .\CortexM0\ARM_GCC_541\Debug\main.o (I2C_1_Sleep)
.\CortexM0\ARM_GCC_541\Debug\Power_Chip_Test.a(MyUART_1.o)
                              .\CortexM0\ARM_GCC_541\Debug\main.o (MyUART_1_PutString)
.\CortexM0\ARM_GCC_541\Debug\Power_Chip_Test.a(CyLib.o)
                              .\CortexM0\ARM_GCC_541\Debug\cyfitter_cfg.o (CySysClkWriteImoFreq)
.\CortexM0\ARM_GCC_541\Debug\Power_Chip_Test.a(CyLFClk.o)
                              .\CortexM0\ARM_GCC_541\Debug\cyfitter_cfg.o (CySysClkWcoStart)
.\CortexM0\ARM_GCC_541\Debug\Power_Chip_Test.a(LF_Relay.o)
                              .\CortexM0\ARM_GCC_541\Debug\main.o (LF_Relay_Write)
.\CortexM0\ARM_GCC_541\Debug\Power_Chip_Test.a(HF_Relay.o)
                              .\CortexM0\ARM_GCC_541\Debug\main.o (HF_Relay_Write)
.\CortexM0\ARM_GCC_541\Debug\Power_Chip_Test.a(COMP_Relay.o)
                              .\CortexM0\ARM_GCC_541\Debug\main.o (COMP_Relay_Write)
.\CortexM0\ARM_GCC_541\Debug\Power_Chip_Test.a(LF_CB.o)
                              .\CortexM0\ARM_GCC_541\Debug\main.o (LF_CB_Write)
.\CortexM0\ARM_GCC_541\Debug\Power_Chip_Test.a(HF_CB.o)
                              .\CortexM0\ARM_GCC_541\Debug\main.o (HF_CB_Write)
.\CortexM0\ARM_GCC_541\Debug\Power_Chip_Test.a(COMP_CB.o)
                              .\CortexM0\ARM_GCC_541\Debug\main.o (COMP_CB_Write)
.\CortexM0\ARM_GCC_541\Debug\Power_Chip_Test.a(BLUE.o)
                              .\CortexM0\ARM_GCC_541\Debug\main.o (BLUE_Write)
.\CortexM0\ARM_GCC_541\Debug\Power_Chip_Test.a(GREEN.o)
                              .\CortexM0\ARM_GCC_541\Debug\main.o (GREEN_Write)
.\CortexM0\ARM_GCC_541\Debug\Power_Chip_Test.a(RED.o)
                              .\CortexM0\ARM_GCC_541\Debug\main.o (RED_Write)
.\CortexM0\ARM_GCC_541\Debug\Power_Chip_Test.a(VR_EN.o)
                              .\CortexM0\ARM_GCC_541\Debug\main.o (VR_EN_Write)
.\CortexM0\ARM_GCC_541\Debug\Power_Chip_Test.a(MyUART_1_AsmGnu.o)
                              .\CortexM0\ARM_GCC_541\Debug\Power_Chip_Test.a(MyUART_1.o) (MyUART_1_PutChar)
.\CortexM0\ARM_GCC_541\Debug\Power_Chip_Test.a(CyBootAsmGnu.o)
                              .\CortexM0\ARM_GCC_541\Debug\cyfitter_cfg.o (CyDelayCycles)
.\CortexM0\ARM_GCC_541\Debug\Power_Chip_Test.a(I2C_1.o)
                              .\CortexM0\ARM_GCC_541\Debug\Power_Chip_Test.a(I2C_1_PM.o) (I2C_1_Enable)
.\CortexM0\ARM_GCC_541\Debug\Power_Chip_Test.a(I2C_1_I2C.o)
                              .\CortexM0\ARM_GCC_541\Debug\Power_Chip_Test.a(I2C_1_I2C_MASTER.o) (I2C_1_state)
.\CortexM0\ARM_GCC_541\Debug\Power_Chip_Test.a(I2C_1_I2C_INT.o)
                              .\CortexM0\ARM_GCC_541\Debug\Power_Chip_Test.a(I2C_1_I2C.o) (I2C_1_I2C_ISR)
c:/program files (x86)/cypress/psoc creator/4.2/psoc creator/import/gnu/arm/5.4.1/bin/../lib/gcc/arm-none-eabi/5.4.1/armv6-m\libgcc.a(_udivsi3.o)
                              .\CortexM0\ARM_GCC_541\Debug\Power_Chip_Test.a(CyLib.o) (__aeabi_uidiv)
c:/program files (x86)/cypress/psoc creator/4.2/psoc creator/import/gnu/arm/5.4.1/bin/../lib/gcc/arm-none-eabi/5.4.1/armv6-m\libgcc.a(_divsi3.o)
                              .\CortexM0\ARM_GCC_541\Debug\Power_Chip_Test.a(CyLFClk.o) (__aeabi_idiv)
c:/program files (x86)/cypress/psoc creator/4.2/psoc creator/import/gnu/arm/5.4.1/bin/../lib/gcc/arm-none-eabi/5.4.1/armv6-m\libgcc.a(_dvmd_tls.o)
                              c:/program files (x86)/cypress/psoc creator/4.2/psoc creator/import/gnu/arm/5.4.1/bin/../lib/gcc/arm-none-eabi/5.4.1/armv6-m\libgcc.a(_udivsi3.o) (__aeabi_idiv0)
c:/program files (x86)/cypress/psoc creator/4.2/psoc creator/import/gnu/arm/5.4.1/bin/../lib/gcc/arm-none-eabi/5.4.1/../../../../arm-none-eabi/lib/armv6-m\libg_nano.a(lib_a-errno.o)
                              .\CortexM0\ARM_GCC_541\Debug\Cm0Start.o (__errno)
c:/program files (x86)/cypress/psoc creator/4.2/psoc creator/import/gnu/arm/5.4.1/bin/../lib/gcc/arm-none-eabi/5.4.1/../../../../arm-none-eabi/lib/armv6-m\libg_nano.a(lib_a-exit.o)
                              c:/program files (x86)/cypress/psoc creator/4.2/psoc creator/import/gnu/arm/5.4.1/bin/../lib/gcc/arm-none-eabi/5.4.1/../../../../arm-none-eabi/lib/armv6-m/crt0.o (exit)
c:/program files (x86)/cypress/psoc creator/4.2/psoc creator/import/gnu/arm/5.4.1/bin/../lib/gcc/arm-none-eabi/5.4.1/../../../../arm-none-eabi/lib/armv6-m\libg_nano.a(lib_a-impure.o)
                              c:/program files (x86)/cypress/psoc creator/4.2/psoc creator/import/gnu/arm/5.4.1/bin/../lib/gcc/arm-none-eabi/5.4.1/../../../../arm-none-eabi/lib/armv6-m\libg_nano.a(lib_a-exit.o) (_global_impure_ptr)
[...]
Memory Configuration

Name             Origin             Length             Attributes
rom              0x00000000         0x00020000         xr
ram              0x20000000         0x00004000         xrw
*default*        0x00000000         0xffffffff

Linker script and memory map

LOAD c:/program files (x86)/cypress/psoc creator/4.2/psoc creator/import/gnu/arm/5.4.1/bin/../lib/gcc/arm-none-eabi/5.4.1/armv6-m/crti.o
LOAD c:/program files (x86)/cypress/psoc creator/4.2/psoc creator/import/gnu/arm/5.4.1/bin/../lib/gcc/arm-none-eabi/5.4.1/armv6-m/crtbegin.o
LOAD c:/program files (x86)/cypress/psoc creator/4.2/psoc creator/import/gnu/arm/5.4.1/bin/../lib/gcc/arm-none-eabi/5.4.1/../../../../arm-none-eabi/lib/armv6-m/crt0.o
START GROUP
LOAD .\CortexM0\ARM_GCC_541\Debug\main.o
LOAD .\CortexM0\ARM_GCC_541\Debug\cyfitter_cfg.o
LOAD .\CortexM0\ARM_GCC_541\Debug\cymetadata.o
LOAD .\CortexM0\ARM_GCC_541\Debug\Cm0Start.o
LOAD .\CortexM0\ARM_GCC_541\Debug\Power_Chip_Test.a
END GROUP
START GROUP
LOAD c:/program files (x86)/cypress/psoc creator/4.2/psoc creator/import/gnu/arm/5.4.1/bin/../lib/gcc/arm-none-eabi/5.4.1/armv6-m\libgcc.a
LOAD c:/program files (x86)/cypress/psoc creator/4.2/psoc creator/import/gnu/arm/5.4.1/bin/../lib/gcc/arm-none-eabi/5.4.1/../../../../arm-none-eabi/lib/armv6-m\libg_nano.a
LOAD c:/program files (x86)/cypress/psoc creator/4.2/psoc creator/import/gnu/arm/5.4.1/bin/../lib/gcc/arm-none-eabi/5.4.1/../../../../arm-none-eabi/lib/armv6-m\libc_nano.a
END GROUP
START GROUP
LOAD c:/program files (x86)/cypress/psoc creator/4.2/psoc creator/import/gnu/arm/5.4.1/bin/../lib/gcc/arm-none-eabi/5.4.1/armv6-m\libgcc.a
LOAD c:/program files (x86)/cypress/psoc creator/4.2/psoc creator/import/gnu/arm/5.4.1/bin/../lib/gcc/arm-none-eabi/5.4.1/../../../../arm-none-eabi/lib/armv6-m\libc_nano.a
END GROUP
LOAD c:/program files (x86)/cypress/psoc creator/4.2/psoc creator/import/gnu/arm/5.4.1/bin/../lib/gcc/arm-none-eabi/5.4.1/armv6-m/crtend.o
LOAD c:/program files (x86)/cypress/psoc creator/4.2/psoc creator/import/gnu/arm/5.4.1/bin/../lib/gcc/arm-none-eabi/5.4.1/armv6-m/crtn.o
START GROUP
LOAD c:/program files (x86)/cypress/psoc creator/4.2/psoc creator/import/gnu/arm/5.4.1/bin/../lib/gcc/arm-none-eabi/5.4.1/armv6-m\libgcc.a
LOAD c:/program files (x86)/cypress/psoc creator/4.2/psoc creator/import/gnu/arm/5.4.1/bin/../lib/gcc/arm-none-eabi/5.4.1/../../../../arm-none-eabi/lib/armv6-m\libc.a
LOAD c:/program files (x86)/cypress/psoc creator/4.2/psoc creator/import/gnu/arm/5.4.1/bin/../lib/gcc/arm-none-eabi/5.4.1/../../../../arm-none-eabi/lib/armv6-m\libnosys.a
END GROUP
                0x00000000                CY_APPL_ORIGIN = 0x0
                0x00000080                CY_FLASH_ROW_SIZE = 0x80
                0x00000001                CY_APPL_NUM = 0x1
                0x00000001                CY_APPL_MAX = 0x1
                0x00000040                CY_METADATA_SIZE = 0x40
                0x00000000                CY_APPL_LOADABLE = 0x0
                0x00000000                CY_CHECKSUM_EXCLUDE_SIZE = ALIGN (0x0, CY_FLASH_ROW_SIZE)
                0x00000000                CY_APP_FOR_STACK_AND_COPIER = 0x0
                [!provide]                PROVIDE (__cy_heap_start, _end)
                0x00000001                PROVIDE (__cy_region_num, ((__cy_regions_end - __cy_regions) / 0x10))
                0x20004000                PROVIDE (__cy_stack, (ORIGIN (ram) + LENGTH (ram)))
                [!provide]                PROVIDE (__cy_heap_end, (__cy_stack - 0x800))

.cybootloader   0x00000000        0x0
 *(.cybootloader)
                0x00000000                appl1_start = CY_APPL_ORIGIN?CY_APPL_ORIGIN:ALIGN (CY_FLASH_ROW_SIZE)
                0x0000ff80                appl2_start = (appl1_start + ALIGN ((((LENGTH (rom) - appl1_start) - (0x2 * CY_FLASH_ROW_SIZE)) / 0x2), CY_FLASH_ROW_SIZE))
                0x00000000                appl_start = (CY_APPL_NUM == 0x1)?appl1_start:appl2_start
                0x00000001                cy_project_type_bootloader = (appl_start == 0x0)?0x1:0x0
                0x00000000                cy_project_type_app_for_stack_and_copier = (CY_APP_FOR_STACK_AND_COPIER == 0x1)?0x1:0x0

.text           0x00000000     0x20ee
 CREATE_OBJECT_SYMBOLS
                0x00000000                PROVIDE (__cy_interrupt_vector, RomVectors)
 *(.romvectors)
 .romvectors    0x00000000       0x10 .\CortexM0\ARM_GCC_541\Debug\Cm0Start.o
                0x00000000                RomVectors
                0x00000001                ASSERT ((. != __cy_interrupt_vector), No interrupt vector)
                0x00000001                ASSERT (CY_APPL_ORIGIN?(SIZEOF (.cybootloader) <= CY_APPL_ORIGIN):0x1, Wrong image location)
                0x00000010                PROVIDE (__cy_reset, Reset)
 *(.text.Reset)
 .text.Reset    0x00000010        0x8 .\CortexM0\ARM_GCC_541\Debug\Cm0Start.o
                0x00000010                Reset
                0x00000001                ASSERT ((. != __cy_reset), No reset code)
 *(.psocinit)
 .psocinit      0x00000018      0x248 .\CortexM0\ARM_GCC_541\Debug\cyfitter_cfg.o
                0x00000108                cyfitter_cfg
                0x00000260                . = MAX (., 0x100)
 *(.text .text.* .gnu.linkonce.t.*)
 .text          0x00000260       0x60 c:/program files (x86)/cypress/psoc creator/4.2/psoc creator/import/gnu/arm/5.4.1/bin/../lib/gcc/arm-none-eabi/5.4.1/armv6-m/crtbegin.o
 .text.main     0x000002c0      0x1a0 .\CortexM0\ARM_GCC_541\Debug\main.o
                0x000002c0                main
 .text.IRMS_Read
                0x00000460      0x104 .\CortexM0\ARM_GCC_541\Debug\main.o
                0x00000460                IRMS_Read
 .text.IRMS_Gain_Write
                0x00000564       0xa0 .\CortexM0\ARM_GCC_541\Debug\main.o
                0x00000564                IRMS_Gain_Write
 .text.CYMEMZERO
                0x00000604       0x20 .\CortexM0\ARM_GCC_541\Debug\cyfitter_cfg.o
 .text.AnalogSetDefault
                0x00000624       0x28 .\CortexM0\ARM_GCC_541\Debug\cyfitter_cfg.o
 .text.IntDefaultHandler
                0x0000064c       0x14 .\CortexM0\ARM_GCC_541\Debug\Cm0Start.o
                0x0000064c                IntDefaultHandler
 .text._sbrk    0x00000660       0x50 .\CortexM0\ARM_GCC_541\Debug\Cm0Start.o
                0x00000660                _sbrk
 .text.Start_c  0x000006b0       0x98 .\CortexM0\ARM_GCC_541\Debug\Cm0Start.o
                0x000006b0                Start_c
 .text.initialize_psoc
                0x00000748       0x70 .\CortexM0\ARM_GCC_541\Debug\Cm0Start.o
                0x00000748                initialize_psoc
 .text.I2C_1_I2CMasterSendStart
                0x000007b8       0xf4 .\CortexM0\ARM_GCC_541\Debug\Power_Chip_Test.a(I2C_1_I2C_MASTER.o)
                0x000007b8                I2C_1_I2CMasterSendStart
 .text.I2C_1_I2CMasterSendStop
                0x000008ac       0x84 .\CortexM0\ARM_GCC_541\Debug\Power_Chip_Test.a(I2C_1_I2C_MASTER.o)
                0x000008ac                I2C_1_I2CMasterSendStop
 .text.I2C_1_I2CMasterWriteByte
                0x00000930       0x74 .\CortexM0\ARM_GCC_541\Debug\Power_Chip_Test.a(I2C_1_I2C_MASTER.o)
                0x00000930                I2C_1_I2CMasterWriteByte
 .text.I2C_1_I2CMasterReadByte
                0x000009a4       0xb4 .\CortexM0\ARM_GCC_541\Debug\Power_Chip_Test.a(I2C_1_I2C_MASTER.o)
                0x000009a4                I2C_1_I2CMasterReadByte
 .text.I2C_1_I2CMasterHandleStatus
                0x00000a58      0x104 .\CortexM0\ARM_GCC_541\Debug\Power_Chip_Test.a(I2C_1_I2C_MASTER.o)
 .text.I2C_1_I2CMasterWaitOneUnit
                0x00000b5c       0x4c .\CortexM0\ARM_GCC_541\Debug\Power_Chip_Test.a(I2C_1_I2C_MASTER.o)
 .text.I2C_1_Sleep
                0x00000ba8       0x2c .\CortexM0\ARM_GCC_541\Debug\Power_Chip_Test.a(I2C_1_PM.o)
                0x00000ba8                I2C_1_Sleep
 .text.I2C_1_Wakeup
                0x00000bd4       0x1c .\CortexM0\ARM_GCC_541\Debug\Power_Chip_Test.a(I2C_1_PM.o)
                0x00000bd4                I2C_1_Wakeup
 .text.MyUART_1_PutString
                0x00000bf0       0x5c .\CortexM0\ARM_GCC_541\Debug\Power_Chip_Test.a(MyUART_1.o)
                0x00000bf0                MyUART_1_PutString
 .text.CySysClkWriteImoFreq
                0x00000c4c       0x9c .\CortexM0\ARM_GCC_541\Debug\Power_Chip_Test.a(CyLib.o)
                0x00000c4c                CySysClkWriteImoFreq
 .text.CySysClkEcoStart
                0x00000ce8       0x74 .\CortexM0\ARM_GCC_541\Debug\Power_Chip_Test.a(CyLib.o)
                0x00000ce8                CySysClkEcoStart
 .text.CySysClkEcoReadStatus
                0x00000d5c       0x20 .\CortexM0\ARM_GCC_541\Debug\Power_Chip_Test.a(CyLib.o)
                0x00000d5c                CySysClkEcoReadStatus
 .text.CyIntSetVector
                0x00000d7c       0x4c .\CortexM0\ARM_GCC_541\Debug\Power_Chip_Test.a(CyLib.o)
                0x00000d7c                CyIntSetVector
 .text.CyIntEnable
                0x00000dc8       0x2c .\CortexM0\ARM_GCC_541\Debug\Power_Chip_Test.a(CyLib.o)
                0x00000dc8                CyIntEnable
 .text.CyIntDisable
                0x00000df4       0x2c .\CortexM0\ARM_GCC_541\Debug\Power_Chip_Test.a(CyLib.o)
                0x00000df4                CyIntDisable
 .text.CyIntClearPending
                0x00000e20       0x2c .\CortexM0\ARM_GCC_541\Debug\Power_Chip_Test.a(CyLib.o)
                0x00000e20                CyIntClearPending
 .text.CyHalt   0x00000e4c       0x18 .\CortexM0\ARM_GCC_541\Debug\Power_Chip_Test.a(CyLib.o)
                0x00000e4c                CyHalt
 .text.CyDelay  0x00000e64       0x4c .\CortexM0\ARM_GCC_541\Debug\Power_Chip_Test.a(CyLib.o)
                0x00000e64                CyDelay
 .text.CyDelayUs
                0x00000eb0       0x28 .\CortexM0\ARM_GCC_541\Debug\Power_Chip_Test.a(CyLib.o)
                0x00000eb0                CyDelayUs
 .text.CySysClkWcoSetHighPowerMode
                0x00000ed8       0x4c .\CortexM0\ARM_GCC_541\Debug\Power_Chip_Test.a(CyLFClk.o)
 .text.CySysClkWcoSetLowPowerMode
                0x00000f24       0x4c .\CortexM0\ARM_GCC_541\Debug\Power_Chip_Test.a(CyLFClk.o)
 .text.CySysClkWcoStart
                0x00000f70       0x20 .\CortexM0\ARM_GCC_541\Debug\Power_Chip_Test.a(CyLFClk.o)
                0x00000f70                CySysClkWcoStart
 .text.CySysClkWcoSetPowerMode
                0x00000f90       0x40 .\CortexM0\ARM_GCC_541\Debug\Power_Chip_Test.a(CyLFClk.o)
                0x00000f90                CySysClkWcoSetPowerMode
 .text.CySysWdtLock
                0x00000fd0       0x34 .\CortexM0\ARM_GCC_541\Debug\Power_Chip_Test.a(CyLFClk.o)
                0x00000fd0                CySysWdtLock
 .text.CySysWdtLocked
                0x00001004       0x20 .\CortexM0\ARM_GCC_541\Debug\Power_Chip_Test.a(CyLFClk.o)
 .text.CySysWdtUnlock
                0x00001024       0x50 .\CortexM0\ARM_GCC_541\Debug\Power_Chip_Test.a(CyLFClk.o)
                0x00001024                CySysWdtUnlock
 .text.CySysWdtClearInterrupt
                0x00001074       0x70 .\CortexM0\ARM_GCC_541\Debug\Power_Chip_Test.a(CyLFClk.o)
                0x00001074                CySysWdtClearInterrupt
 .text.CySysWdtIsr
                0x000010e4       0xec .\CortexM0\ARM_GCC_541\Debug\Power_Chip_Test.a(CyLFClk.o)
                0x000010e4                CySysWdtIsr
 .text.LF_Relay_Write
                0x000011d0       0x50 .\CortexM0\ARM_GCC_541\Debug\Power_Chip_Test.a(LF_Relay.o)
                0x000011d0                LF_Relay_Write
 .text.HF_Relay_Write
                0x00001220       0x50 .\CortexM0\ARM_GCC_541\Debug\Power_Chip_Test.a(HF_Relay.o)
                0x00001220                HF_Relay_Write
 .text.COMP_Relay_Write
                0x00001270       0x50 .\CortexM0\ARM_GCC_541\Debug\Power_Chip_Test.a(COMP_Relay.o)
                0x00001270                COMP_Relay_Write
 .text.LF_CB_Write
                0x000012c0       0x50 .\CortexM0\ARM_GCC_541\Debug\Power_Chip_Test.a(LF_CB.o)
                0x000012c0                LF_CB_Write
 .text.HF_CB_Write
                0x00001310       0x50 .\CortexM0\ARM_GCC_541\Debug\Power_Chip_Test.a(HF_CB.o)
                0x00001310                HF_CB_Write
 .text.COMP_CB_Write
                0x00001360       0x50 .\CortexM0\ARM_GCC_541\Debug\Power_Chip_Test.a(COMP_CB.o)
                0x00001360                COMP_CB_Write
 .text.BLUE_Write
                0x000013b0       0x4c .\CortexM0\ARM_GCC_541\Debug\Power_Chip_Test.a(BLUE.o)
                0x000013b0                BLUE_Write
 .text.GREEN_Write
                0x000013fc       0x48 .\CortexM0\ARM_GCC_541\Debug\Power_Chip_Test.a(GREEN.o)
                0x000013fc                GREEN_Write
 .text.RED_Write
                0x00001444       0x50 .\CortexM0\ARM_GCC_541\Debug\Power_Chip_Test.a(RED.o)
                0x00001444                RED_Write
 .text.VR_EN_Write
                0x00001494       0x50 .\CortexM0\ARM_GCC_541\Debug\Power_Chip_Test.a(VR_EN.o)
                0x00001494                VR_EN_Write
 *fill*         0x000014e4       0x1c 
 .text          0x00001500       0xd4 .\CortexM0\ARM_GCC_541\Debug\Power_Chip_Test.a(MyUART_1_AsmGnu.o)
                0x00001500                MyUART_1_PutChar
 *fill*         0x000015d4        0x4 
 .text          0x000015d8       0x20 .\CortexM0\ARM_GCC_541\Debug\Power_Chip_Test.a(CyBootAsmGnu.o)
                0x000015d8                CyDelayCycles
                0x000015ea                CyEnterCriticalSection
                0x000015f2                CyExitCriticalSection
 .text.I2C_1_Enable
                0x000015f8       0x24 .\CortexM0\ARM_GCC_541\Debug\Power_Chip_Test.a(I2C_1.o)
                0x000015f8                I2C_1_Enable
 .text.I2C_1_Stop
                0x0000161c       0x34 .\CortexM0\ARM_GCC_541\Debug\Power_Chip_Test.a(I2C_1.o)
                0x0000161c                I2C_1_Stop
 .text.I2C_1_ScbEnableIntr
                0x00001650       0x10 .\CortexM0\ARM_GCC_541\Debug\Power_Chip_Test.a(I2C_1.o)
 .text.I2C_1_ScbModePostEnable
                0x00001660        0xc .\CortexM0\ARM_GCC_541\Debug\Power_Chip_Test.a(I2C_1.o)
 .text.I2C_1_ScbModeStop
                0x0000166c       0x10 .\CortexM0\ARM_GCC_541\Debug\Power_Chip_Test.a(I2C_1.o)
 .text.I2C_1_I2CStop
                0x0000167c       0x28 .\CortexM0\ARM_GCC_541\Debug\Power_Chip_Test.a(I2C_1_I2C.o)
                0x0000167c                I2C_1_I2CStop
 .text.I2C_1_I2CFwBlockReset
                0x000016a4       0x70 .\CortexM0\ARM_GCC_541\Debug\Power_Chip_Test.a(I2C_1_I2C.o)
                0x000016a4                I2C_1_I2CFwBlockReset
 .text          0x00001714      0x114 c:/program files (x86)/cypress/psoc creator/4.2/psoc creator/import/gnu/arm/5.4.1/bin/../lib/gcc/arm-none-eabi/5.4.1/armv6-m\libgcc.a(_udivsi3.o)
                0x00001714                __aeabi_uidiv
                0x00001714                __udivsi3
                0x00001820                __aeabi_uidivmod
 .text          0x00001828        0x4 c:/program files (x86)/cypress/psoc creator/4.2/psoc creator/import/gnu/arm/5.4.1/bin/../lib/gcc/arm-none-eabi/5.4.1/armv6-m\libgcc.a(_dvmd_tls.o)
                0x00001828                __aeabi_idiv0
                0x00001828                __aeabi_ldiv0
 .text.__errno  0x0000182c        0xc c:/program files (x86)/cypress/psoc creator/4.2/psoc creator/import/gnu/arm/5.4.1/bin/../lib/gcc/arm-none-eabi/5.4.1/../../../../arm-none-eabi/lib/armv6-m\libg_nano.a(lib_a-errno.o)
                0x0000182c                __errno
 .text.__libc_init_array
                0x00001838       0x4c c:/program files (x86)/cypress/psoc creator/4.2/psoc creator/import/gnu/arm/5.4.1/bin/../lib/gcc/arm-none-eabi/5.4.1/../../../../arm-none-eabi/lib/armv6-m\libg_nano.a(lib_a-init.o)
                0x00001838                __libc_init_array
 .text.memcpy   0x00001884       0x12 c:/program files (x86)/cypress/psoc creator/4.2/psoc creator/import/gnu/arm/5.4.1/bin/../lib/gcc/arm-none-eabi/5.4.1/../../../../arm-none-eabi/lib/armv6-m\libg_nano.a(lib_a-memcpy-stub.o)
                0x00001884                memcpy
 .text.memset   0x00001896       0x10 c:/program files (x86)/cypress/psoc creator/4.2/psoc creator/import/gnu/arm/5.4.1/bin/../lib/gcc/arm-none-eabi/5.4.1/../../../../arm-none-eabi/lib/armv6-m\libg_nano.a(lib_a-memset.o)
                0x00001896                memset
 *fill*         0x000018a6        0x2 
 .text.sprintf  0x000018a8       0x44 c:/program files (x86)/cypress/psoc creator/4.2/psoc creator/import/gnu/arm/5.4.1/bin/../lib/gcc/arm-none-eabi/5.4.1/../../../../arm-none-eabi/lib/armv6-m\libg_nano.a(lib_a-sprintf.o)
                0x000018a8                siprintf
                0x000018a8                sprintf
 .text.__ssputs_r
                0x000018ec       0xc4 c:/program files (x86)/cypress/psoc creator/4.2/psoc creator/import/gnu/arm/5.4.1/bin/../lib/gcc/arm-none-eabi/5.4.1/../../../../arm-none-eabi/lib/armv6-m\libg_nano.a(lib_a-nano-svfprintf.o)
                0x000018ec                __ssputs_r
 .text._svfprintf_r
                0x000019b0      0x1fc c:/program files (x86)/cypress/psoc creator/4.2/psoc creator/import/gnu/arm/5.4.1/bin/../lib/gcc/arm-none-eabi/5.4.1/../../../../arm-none-eabi/lib/armv6-m\libg_nano.a(lib_a-nano-svfprintf.o)
                0x000019b0                _svfiprintf_r
                0x000019b0                _svfprintf_r
 .text._printf_common
                0x00001bac       0xdc c:/program files (x86)/cypress/psoc creator/4.2/psoc creator/import/gnu/arm/5.4.1/bin/../lib/gcc/arm-none-eabi/5.4.1/../../../../arm-none-eabi/lib/armv6-m\libg_nano.a(lib_a-nano-vfprintf_i.o)
                0x00001bac                _printf_common
 .text._printf_i
                0x00001c88      0x244 c:/program files (x86)/cypress/psoc creator/4.2/psoc creator/import/gnu/arm/5.4.1/bin/../lib/gcc/arm-none-eabi/5.4.1/../../../../arm-none-eabi/lib/armv6-m\libg_nano.a(lib_a-nano-vfprintf_i.o)
                0x00001c88                _printf_i
 .text.memchr   0x00001ecc       0x16 c:/program files (x86)/cypress/psoc creator/4.2/psoc creator/import/gnu/arm/5.4.1/bin/../lib/gcc/arm-none-eabi/5.4.1/../../../../arm-none-eabi/lib/armv6-m\libg_nano.a(lib_a-memchr-stub.o)
                0x00001ecc                memchr
 .text.memmove  0x00001ee2       0x2a c:/program files (x86)/cypress/psoc creator/4.2/psoc creator/import/gnu/arm/5.4.1/bin/../lib/gcc/arm-none-eabi/5.4.1/../../../../arm-none-eabi/lib/armv6-m\libg_nano.a(lib_a-memmove.o)
                0x00001ee2                memmove
 .text._free_r  0x00001f0c       0x98 c:/program files (x86)/cypress/psoc creator/4.2/psoc creator/import/gnu/arm/5.4.1/bin/../lib/gcc/arm-none-eabi/5.4.1/../../../../arm-none-eabi/lib/armv6-m\libg_nano.a(lib_a-nano-freer.o)
                0x00001f0c                _free_r
 .text._malloc_r
                0x00001fa4       0xc0 c:/program files (x86)/cypress/psoc creator/4.2/psoc creator/import/gnu/arm/5.4.1/bin/../lib/gcc/arm-none-eabi/5.4.1/../../../../arm-none-eabi/lib/armv6-m\libg_nano.a(lib_a-nano-mallocr.o)
                0x00001fa4                _malloc_r
 .text._realloc_r
                0x00002064       0x4c c:/program files (x86)/cypress/psoc creator/4.2/psoc creator/import/gnu/arm/5.4.1/bin/../lib/gcc/arm-none-eabi/5.4.1/../../../../arm-none-eabi/lib/armv6-m\libg_nano.a(lib_a-nano-reallocr.o)
                0x00002064                _realloc_r
 .text._sbrk_r  0x000020b0       0x24 c:/program files (x86)/cypress/psoc creator/4.2/psoc creator/import/gnu/arm/5.4.1/bin/../lib/gcc/arm-none-eabi/5.4.1/../../../../arm-none-eabi/lib/armv6-m\libg_nano.a(lib_a-sbrkr.o)
                0x000020b0                _sbrk_r
 .text.__malloc_lock
                0x000020d4        0x2 c:/program files (x86)/cypress/psoc creator/4.2/psoc creator/import/gnu/arm/5.4.1/bin/../lib/gcc/arm-none-eabi/5.4.1/../../../../arm-none-eabi/lib/armv6-m\libg_nano.a(lib_a-mlock.o)
                0x000020d4                __malloc_lock
 .text.__malloc_unlock
                0x000020d6        0x2 c:/program files (x86)/cypress/psoc creator/4.2/psoc creator/import/gnu/arm/5.4.1/bin/../lib/gcc/arm-none-eabi/5.4.1/../../../../arm-none-eabi/lib/armv6-m\libg_nano.a(lib_a-mlock.o)
                0x000020d6                __malloc_unlock
 .text._malloc_usable_size_r
                0x000020d8       0x16 c:/program files (x86)/cypress/psoc creator/4.2/psoc creator/import/gnu/arm/5.4.1/bin/../lib/gcc/arm-none-eabi/5.4.1/../../../../arm-none-eabi/lib/armv6-m\libg_nano.a(lib_a-nano-msizer.o)
                0x000020d8                _malloc_usable_size_r
 *(.plt)
 *(.gnu.warning)
 *(.glue_7t)
 .glue_7t       0x000020ee        0x0 linker stubs
 *(.glue_7)
 .glue_7        0x000020ee        0x0 linker stubs
 *(.vfp11_veneer)
 .vfp11_veneer  0x000020ee        0x0 linker stubs
 *(.bootloader)
 *(.ARM.extab* .gnu.linkonce.armextab.*)
 *(.gcc_except_table)

.v4_bx          0x000020f0        0x0
 .v4_bx         0x000020f0        0x0 linker stubs

.iplt           0x000020f0        0x0
 .iplt          0x000020f0        0x0 c:/program files (x86)/cypress/psoc creator/4.2/psoc creator/import/gnu/arm/5.4.1/bin/../lib/gcc/arm-none-eabi/5.4.1/armv6-m/crtbegin.o

.eh_frame_hdr
 *(.eh_frame_hdr)

.eh_frame       0x000020f0        0x4
 *(.eh_frame)
 .eh_frame      0x000020f0        0x0 c:/program files (x86)/cypress/psoc creator/4.2/psoc creator/import/gnu/arm/5.4.1/bin/../lib/gcc/arm-none-eabi/5.4.1/armv6-m/crtbegin.o
 .eh_frame      0x000020f0        0x4 c:/program files (x86)/cypress/psoc creator/4.2/psoc creator/import/gnu/arm/5.4.1/bin/../lib/gcc/arm-none-eabi/5.4.1/armv6-m/crtend.o
                [!provide]                PROVIDE (__exidx_start, .)

.ARM.exidx
 *(.ARM.exidx* .gnu.linkonce.armexidx.*)
                0x000020f4                __exidx_end = .

.rodata         0x000020f4       0xd4
 *(.rodata .rodata.* .gnu.linkonce.r.*)
 .rodata        0x000020f4       0x2b .\CortexM0\ARM_GCC_541\Debug\main.o
 *fill*         0x0000211f        0x1 
 .rodata        0x00002120        0xc .\CortexM0\ARM_GCC_541\Debug\cyfitter_cfg.o
 .rodata        0x0000212c       0x2e .\CortexM0\ARM_GCC_541\Debug\Power_Chip_Test.a(CyLib.o)
                0x0000212c                cyImoFreqMhz2Reg
 .rodata.str1.1
                0x0000215a        0x2 c:/program files (x86)/cypress/psoc creator/4.2/psoc creator/import/gnu/arm/5.4.1/bin/../lib/gcc/arm-none-eabi/5.4.1/../../../../arm-none-eabi/lib/armv6-m\libg_nano.a(lib_a-impure.o)
 .rodata.str1.1
                0x0000215c       0x11 c:/program files (x86)/cypress/psoc creator/4.2/psoc creator/import/gnu/arm/5.4.1/bin/../lib/gcc/arm-none-eabi/5.4.1/../../../../arm-none-eabi/lib/armv6-m\libg_nano.a(lib_a-nano-svfprintf.o)
 .rodata.str1.1
                0x0000216d       0x22 c:/program files (x86)/cypress/psoc creator/4.2/psoc creator/import/gnu/arm/5.4.1/bin/../lib/gcc/arm-none-eabi/5.4.1/../../../../arm-none-eabi/lib/armv6-m\libg_nano.a(lib_a-nano-vfprintf_i.o)
                0x00002190                . = ALIGN (0x4)
 *fill*         0x0000218f        0x1 
 *(.init)
 .init          0x00002190        0x4 c:/program files (x86)/cypress/psoc creator/4.2/psoc creator/import/gnu/arm/5.4.1/bin/../lib/gcc/arm-none-eabi/5.4.1/armv6-m/crti.o
                0x00002190                _init
 .init          0x00002194        0x8 c:/program files (x86)/cypress/psoc creator/4.2/psoc creator/import/gnu/arm/5.4.1/bin/../lib/gcc/arm-none-eabi/5.4.1/armv6-m/crtn.o
                0x0000219c                . = ALIGN (0x4)
                0x0000219c                __preinit_array_start = .
 *(.preinit_array)
                0x0000219c                __preinit_array_end = .
                0x0000219c                . = ALIGN (0x4)
                0x0000219c                __init_array_start = .
 *(SORT(.init_array.*))
 *(.init_array)
 .init_array    0x0000219c        0x4 c:/program files (x86)/cypress/psoc creator/4.2/psoc creator/import/gnu/arm/5.4.1/bin/../lib/gcc/arm-none-eabi/5.4.1/armv6-m/crtbegin.o
 .init_array    0x000021a0        0x4 .\CortexM0\ARM_GCC_541\Debug\Cm0Start.o
                0x000021a4                __init_array_end = .
                0x000021a4                . = ALIGN (0x4)
 *(.fini)
 .fini          0x000021a4        0x4 c:/program files (x86)/cypress/psoc creator/4.2/psoc creator/import/gnu/arm/5.4.1/bin/../lib/gcc/arm-none-eabi/5.4.1/armv6-m/crti.o
                0x000021a4                _fini
 .fini          0x000021a8        0x8 c:/program files (x86)/cypress/psoc creator/4.2/psoc creator/import/gnu/arm/5.4.1/bin/../lib/gcc/arm-none-eabi/5.4.1/armv6-m/crtn.o
                0x000021b0                . = ALIGN (0x4)
                0x000021b0                __fini_array_start = .
 *(.fini_array)
 .fini_array    0x000021b0        0x4 c:/program files (x86)/cypress/psoc creator/4.2/psoc creator/import/gnu/arm/5.4.1/bin/../lib/gcc/arm-none-eabi/5.4.1/armv6-m/crtbegin.o
 *(SORT(.fini_array.*))
                0x000021b4                __fini_array_end = .
                0x000021b4                . = ALIGN (0x4)
 *crtbegin.o(.ctors)
 *(EXCLUDE_FILE(*crtend.o) .ctors)
 *(SORT(.ctors.*))
 *crtend.o(.ctors)
                0x000021b4                . = ALIGN (0x4)
 *crtbegin.o(.dtors)
 *(EXCLUDE_FILE(*crtend.o) .dtors)
 *(SORT(.dtors.*))
 *crtend.o(.dtors)
                0x000021b4                . = ALIGN (0x4)
                0x000021b4                __cy_regions = .
                0x000021b4        0x4 LONG 0x21c8 __cy_region_init_ram
                0x000021b8        0x4 LONG 0x200000c8 __cy_region_start_data
                0x000021bc        0x4 LONG 0x90 __cy_region_init_size_ram
                0x000021c0        0x4 LONG 0x60 __cy_region_zero_size_ram
                0x000021c4                __cy_regions_end = .
                0x000021c8                . = ALIGN (0x8)
 *fill*         0x000021c4        0x4 
                0x000021c8                _etext = .

.cy_checksum_exclude
                0x000021c8        0x0
 *(.cy_checksum_exclude)

.ramvectors     0x20000000       0xc0
                0x20000000                __cy_region_start_ram = .
 *(.ramvectors)
 .ramvectors    0x20000000       0xc0 .\CortexM0\ARM_GCC_541\Debug\Cm0Start.o
                0x20000000                CyRamVectors

.noinit         0x200000c0        0x4
 *(.noinit)
 .noinit        0x200000c0        0x4 .\CortexM0\ARM_GCC_541\Debug\Cm0Start.o

.data           0x200000c8       0x90 load address 0x000021c8
                0x200000c8                __cy_region_start_data = .
 *(.jcr)
 .jcr           0x200000c8        0x0 c:/program files (x86)/cypress/psoc creator/4.2/psoc creator/import/gnu/arm/5.4.1/bin/../lib/gcc/arm-none-eabi/5.4.1/armv6-m/crtbegin.o
 .jcr           0x200000c8        0x4 c:/program files (x86)/cypress/psoc creator/4.2/psoc creator/import/gnu/arm/5.4.1/bin/../lib/gcc/arm-none-eabi/5.4.1/armv6-m/crtend.o
 *(.got.plt)
 *(.got)
 *(.shdata)
 *(.data .data.* .gnu.linkonce.d.*)
 .data          0x200000cc        0x4 .\CortexM0\ARM_GCC_541\Debug\Cm0Start.o
 .data          0x200000d0        0x8 .\CortexM0\ARM_GCC_541\Debug\Power_Chip_Test.a(MyUART_1.o)
                0x200000d0                MyUART_1_pinPortNumber
                0x200000d4                MyUART_1_pinDrAdress
 .data          0x200000d8       0x14 .\CortexM0\ARM_GCC_541\Debug\Power_Chip_Test.a(CyLib.o)
                0x200000d8                cydelayFreqHz
                0x200000dc                cydelayFreqKhz
                0x200000e0                cydelayFreqMhz
                0x200000e4                cydelay32kMs
                0x200000e8                CySysClkPumpConfig
 .data          0x200000ec        0x8 .\CortexM0\ARM_GCC_541\Debug\Power_Chip_Test.a(CyLFClk.o)
 .data.impure_data
                0x200000f4       0x60 c:/program files (x86)/cypress/psoc creator/4.2/psoc creator/import/gnu/arm/5.4.1/bin/../lib/gcc/arm-none-eabi/5.4.1/../../../../arm-none-eabi/lib/armv6-m\libg_nano.a(lib_a-impure.o)
 .data._impure_ptr
                0x20000154        0x4 c:/program files (x86)/cypress/psoc creator/4.2/psoc creator/import/gnu/arm/5.4.1/bin/../lib/gcc/arm-none-eabi/5.4.1/../../../../arm-none-eabi/lib/armv6-m\libg_nano.a(lib_a-impure.o)
                0x20000154                _impure_ptr
                0x20000158                . = ALIGN (0x8)
 *(.ram)
                0x20000158                _edata = .

.igot.plt       0x20000158        0x0 load address 0x00002258
 .igot.plt      0x20000158        0x0 c:/program files (x86)/cypress/psoc creator/4.2/psoc creator/import/gnu/arm/5.4.1/bin/../lib/gcc/arm-none-eabi/5.4.1/armv6-m/crtbegin.o

.bss            0x20000158       0x60 load address 0x00002258
                0x20000158                PROVIDE (__bss_start__, .)
 *(.shbss)
 *(.bss .bss.* .gnu.linkonce.b.*)
 .bss           0x20000158       0x1c c:/program files (x86)/cypress/psoc creator/4.2/psoc creator/import/gnu/arm/5.4.1/bin/../lib/gcc/arm-none-eabi/5.4.1/armv6-m/crtbegin.o
 .bss           0x20000174        0x1 .\CortexM0\ARM_GCC_541\Debug\Power_Chip_Test.a(I2C_1_PM.o)
                0x20000174                I2C_1_backup
 *fill*         0x20000175        0x3 
 .bss           0x20000178        0x4 .\CortexM0\ARM_GCC_541\Debug\Power_Chip_Test.a(MyUART_1.o)
                0x20000178                MyUART_1_pinNumber
 .bss           0x2000017c       0x28 .\CortexM0\ARM_GCC_541\Debug\Power_Chip_Test.a(CyLFClk.o)
 .bss.__malloc_sbrk_start
                0x200001a4        0x4 c:/program files (x86)/cypress/psoc creator/4.2/psoc creator/import/gnu/arm/5.4.1/bin/../lib/gcc/arm-none-eabi/5.4.1/../../../../arm-none-eabi/lib/armv6-m\libg_nano.a(lib_a-nano-mallocr.o)
                0x200001a4                __malloc_sbrk_start
 .bss.__malloc_free_list
                0x200001a8        0x4 c:/program files (x86)/cypress/psoc creator/4.2/psoc creator/import/gnu/arm/5.4.1/bin/../lib/gcc/arm-none-eabi/5.4.1/../../../../arm-none-eabi/lib/armv6-m\libg_nano.a(lib_a-nano-mallocr.o)
                0x200001a8                __malloc_free_list
 *(COMMON)
 COMMON         0x200001ac        0x1 .\CortexM0\ARM_GCC_541\Debug\Power_Chip_Test.a(I2C_1_I2C.o)
                0x200001ac                I2C_1_state
 *fill*         0x200001ad        0x3 
 COMMON         0x200001b0        0x4 c:/program files (x86)/cypress/psoc creator/4.2/psoc creator/import/gnu/arm/5.4.1/bin/../lib/gcc/arm-none-eabi/5.4.1/../../../../arm-none-eabi/lib/armv6-m\libg_nano.a(lib_a-reent.o)
                0x200001b0                errno
                0x200001b8                . = ALIGN (0x8)
 *fill*         0x200001b4        0x4 
 *(.ram.b)
                0x200001b8                _end = .
                0x200001b8                __end = .
                0x200001b8                PROVIDE (end, .)
                0x200001b8                PROVIDE (__bss_end__, .)
                0x000021c8                __cy_region_init_ram = LOADADDR (.data)
                0x00000090                __cy_region_init_size_ram = (_edata - ADDR (.data))
                0x00000060                __cy_region_zero_size_ram = (_end - _edata)

.heap           0x200001b8       0x80 load address 0x00002258
                0x200001b8                . = _end
                0x20000238                . = (. + 0x80)
 *fill*         0x200001b8       0x80 
                0x20000238                __cy_heap_limit = .

.stack          0x20003800      0x800
                0x20003800                __cy_stack_limit = .
                0x20004000                . = (. + 0x800)
 *fill*         0x20003800      0x800 
                0x00000001                ASSERT ((__cy_stack_limit >= __cy_heap_limit), region RAM overflowed with stack)
                0x00000000                cy_checksum_exclude_size = (CY_APPL_LOADABLE == 0x1)?SIZEOF (.cy_checksum_exclude):0x0
                0x00000001                ASSERT ((cy_checksum_exclude_size <= CY_CHECKSUM_EXCLUDE_SIZE), CY_BOOT: Section .cy_checksum_exclude size exceedes specified limit.)
                0x0001ffc0                cyloadermeta_start = (cy_project_type_bootloader || cy_project_type_app_for_stack_and_copier)?(LENGTH (rom) - CY_METADATA_SIZE):0xf0000000

.cyloadermeta
 *(.cyloadermeta)
                0x0001ffc0                cyloadablemeta_start = cy_project_type_app_for_stack_and_copier?((LENGTH (rom) - CY_FLASH_ROW_SIZE) - CY_METADATA_SIZE):((LENGTH (rom) - (CY_FLASH_ROW_SIZE * (CY_APPL_NUM - 0x1))) - CY_METADATA_SIZE)

.cyloadablemeta
 *(.cyloadablemeta)

.cyflashprotect
                0x90400000       0x80
 *(.cyflashprotect)
 .cyflashprotect
                0x90400000       0x80 .\CortexM0\ARM_GCC_541\Debug\cymetadata.o
                0x90400000                cy_meta_flashprotect

.cymeta         0x90500000        0xc
 *(.cymeta)
 .cymeta        0x90500000        0xc .\CortexM0\ARM_GCC_541\Debug\cymetadata.o
                0x90500000                cy_metadata

.cychipprotect  0x90600000        0x1
 *(.cychipprotect)
 .cychipprotect
                0x90600000        0x1 .\CortexM0\ARM_GCC_541\Debug\cymetadata.o
                0x90600000                cy_meta_chipprotect

.rel.dyn        0x00002258        0x0 load address 0x90600004
 .rel.iplt      0x00002258        0x0 c:/program files (x86)/cypress/psoc creator/4.2/psoc creator/import/gnu/arm/5.4.1/bin/../lib/gcc/arm-none-eabi/5.4.1/armv6-m/crtbegin.o

.stab
 *(.stab)

.stabstr
 *(.stabstr)

.debug
 *(.debug)

.line
 *(.line)

.debug_srcinfo
 *(.debug_srcinfo)

.debug_sfnames
 *(.debug_sfnames)

.debug_aranges  0x00000000      0x908
 *(.debug_aranges)
 .debug_aranges
                0x00000000       0x40 .\CortexM0\ARM_GCC_541\Debug\main.o
 .debug_aranges
                0x00000040       0x48 .\CortexM0\ARM_GCC_541\Debug\cyfitter_cfg.o
 .debug_aranges
                0x00000088       0x18 .\CortexM0\ARM_GCC_541\Debug\cymetadata.o
 .debug_aranges
                0x000000a0       0x48 .\CortexM0\ARM_GCC_541\Debug\Cm0Start.o
 .debug_aranges
                0x000000e8       0x98 .\CortexM0\ARM_GCC_541\Debug\Power_Chip_Test.a(I2C_1_I2C_MASTER.o)
 .debug_aranges
                0x00000180       0x28 .\CortexM0\ARM_GCC_541\Debug\Power_Chip_Test.a(I2C_1_PM.o)
 .debug_aranges
                0x000001a8       0x50 .\CortexM0\ARM_GCC_541\Debug\Power_Chip_Test.a(MyUART_1.o)
 .debug_aranges
                0x000001f8      0x1b0 .\CortexM0\ARM_GCC_541\Debug\Power_Chip_Test.a(CyLib.o)
 .debug_aranges
                0x000003a8      0x198 .\CortexM0\ARM_GCC_541\Debug\Power_Chip_Test.a(CyLFClk.o)
 .debug_aranges
                0x00000540       0x48 .\CortexM0\ARM_GCC_541\Debug\Power_Chip_Test.a(LF_Relay.o)
 .debug_aranges
                0x00000588       0x48 .\CortexM0\ARM_GCC_541\Debug\Power_Chip_Test.a(HF_Relay.o)
 .debug_aranges
                0x000005d0       0x48 .\CortexM0\ARM_GCC_541\Debug\Power_Chip_Test.a(COMP_Relay.o)
 .debug_aranges
                0x00000618       0x48 .\CortexM0\ARM_GCC_541\Debug\Power_Chip_Test.a(LF_CB.o)
 .debug_aranges
                0x00000660       0x48 .\CortexM0\ARM_GCC_541\Debug\Power_Chip_Test.a(HF_CB.o)
 .debug_aranges
                0x000006a8       0x48 .\CortexM0\ARM_GCC_541\Debug\Power_Chip_Test.a(COMP_CB.o)
 .debug_aranges
                0x000006f0       0x48 .\CortexM0\ARM_GCC_541\Debug\Power_Chip_Test.a(BLUE.o)
 .debug_aranges
                0x00000738       0x48 .\CortexM0\ARM_GCC_541\Debug\Power_Chip_Test.a(GREEN.o)
 .debug_aranges
                0x00000780       0x48 .\CortexM0\ARM_GCC_541\Debug\Power_Chip_Test.a(RED.o)
 .debug_aranges
                0x000007c8       0x48 .\CortexM0\ARM_GCC_541\Debug\Power_Chip_Test.a(VR_EN.o)
 .debug_aranges
                0x00000810       0x20 .\CortexM0\ARM_GCC_541\Debug\Power_Chip_Test.a(MyUART_1_AsmGnu.o)
 .debug_aranges
                0x00000830       0x20 .\CortexM0\ARM_GCC_541\Debug\Power_Chip_Test.a(CyBootAsmGnu.o)
 .debug_aranges
                0x00000850       0x68 .\CortexM0\ARM_GCC_541\Debug\Power_Chip_Test.a(I2C_1.o)
 .debug_aranges
                0x000008b8       0x30 .\CortexM0\ARM_GCC_541\Debug\Power_Chip_Test.a(I2C_1_I2C.o)
 .debug_aranges
                0x000008e8       0x20 .\CortexM0\ARM_GCC_541\Debug\Power_Chip_Test.a(I2C_1_I2C_INT.o)

.debug_pubnames
 *(.debug_pubnames)

.debug_info     0x00000000     0x3da2
 *(.debug_info .gnu.linkonce.wi.*)
 .debug_info    0x00000000      0x376 .\CortexM0\ARM_GCC_541\Debug\main.o
 .debug_info    0x00000376      0x259 .\CortexM0\ARM_GCC_541\Debug\cyfitter_cfg.o
 .debug_info    0x000005cf       0xf8 .\CortexM0\ARM_GCC_541\Debug\cymetadata.o
 .debug_info    0x000006c7      0x312 .\CortexM0\ARM_GCC_541\Debug\Cm0Start.o
 .debug_info    0x000009d9      0x600 .\CortexM0\ARM_GCC_541\Debug\Power_Chip_Test.a(I2C_1_I2C_MASTER.o)
 .debug_info    0x00000fd9      0x10b .\CortexM0\ARM_GCC_541\Debug\Power_Chip_Test.a(I2C_1_PM.o)
 .debug_info    0x000010e4      0x222 .\CortexM0\ARM_GCC_541\Debug\Power_Chip_Test.a(MyUART_1.o)
 .debug_info    0x00001306      0x9de .\CortexM0\ARM_GCC_541\Debug\Power_Chip_Test.a(CyLib.o)
 .debug_info    0x00001ce4      0xab3 .\CortexM0\ARM_GCC_541\Debug\Power_Chip_Test.a(CyLFClk.o)
 .debug_info    0x00002797      0x19a .\CortexM0\ARM_GCC_541\Debug\Power_Chip_Test.a(LF_Relay.o)
 .debug_info    0x00002931      0x19a .\CortexM0\ARM_GCC_541\Debug\Power_Chip_Test.a(HF_Relay.o)
 .debug_info    0x00002acb      0x19a .\CortexM0\ARM_GCC_541\Debug\Power_Chip_Test.a(COMP_Relay.o)
 .debug_info    0x00002c65      0x19a .\CortexM0\ARM_GCC_541\Debug\Power_Chip_Test.a(LF_CB.o)
 .debug_info    0x00002dff      0x19a .\CortexM0\ARM_GCC_541\Debug\Power_Chip_Test.a(HF_CB.o)
 .debug_info    0x00002f99      0x19a .\CortexM0\ARM_GCC_541\Debug\Power_Chip_Test.a(COMP_CB.o)
 .debug_info    0x00003133      0x19a .\CortexM0\ARM_GCC_541\Debug\Power_Chip_Test.a(BLUE.o)
 .debug_info    0x000032cd      0x19a .\CortexM0\ARM_GCC_541\Debug\Power_Chip_Test.a(GREEN.o)
 .debug_info    0x00003467      0x19a .\CortexM0\ARM_GCC_541\Debug\Power_Chip_Test.a(RED.o)
 .debug_info    0x00003601      0x19a .\CortexM0\ARM_GCC_541\Debug\Power_Chip_Test.a(VR_EN.o)
 .debug_info    0x0000379b       0xac .\CortexM0\ARM_GCC_541\Debug\Power_Chip_Test.a(MyUART_1_AsmGnu.o)
 .debug_info    0x00003847       0xa9 .\CortexM0\ARM_GCC_541\Debug\Power_Chip_Test.a(CyBootAsmGnu.o)
 .debug_info    0x000038f0      0x1eb .\CortexM0\ARM_GCC_541\Debug\Power_Chip_Test.a(I2C_1.o)
 .debug_info    0x00003adb      0x135 .\CortexM0\ARM_GCC_541\Debug\Power_Chip_Test.a(I2C_1_I2C.o)
 .debug_info    0x00003c10      0x192 .\CortexM0\ARM_GCC_541\Debug\Power_Chip_Test.a(I2C_1_I2C_INT.o)

.debug_abbrev   0x00000000     0x139c
 *(.debug_abbrev)
 .debug_abbrev  0x00000000       0xde .\CortexM0\ARM_GCC_541\Debug\main.o
 .debug_abbrev  0x000000de      0x136 .\CortexM0\ARM_GCC_541\Debug\cyfitter_cfg.o
 .debug_abbrev  0x00000214       0x5d .\CortexM0\ARM_GCC_541\Debug\cymetadata.o
 .debug_abbrev  0x00000271      0x1c8 .\CortexM0\ARM_GCC_541\Debug\Cm0Start.o
 .debug_abbrev  0x00000439      0x171 .\CortexM0\ARM_GCC_541\Debug\Power_Chip_Test.a(I2C_1_I2C_MASTER.o)
 .debug_abbrev  0x000005aa       0x90 .\CortexM0\ARM_GCC_541\Debug\Power_Chip_Test.a(I2C_1_PM.o)
 .debug_abbrev  0x0000063a       0xd2 .\CortexM0\ARM_GCC_541\Debug\Power_Chip_Test.a(MyUART_1.o)
 .debug_abbrev  0x0000070c      0x1a7 .\CortexM0\ARM_GCC_541\Debug\Power_Chip_Test.a(CyLib.o)
 .debug_abbrev  0x000008b3      0x22a .\CortexM0\ARM_GCC_541\Debug\Power_Chip_Test.a(CyLFClk.o)
 .debug_abbrev  0x00000add       0xaa .\CortexM0\ARM_GCC_541\Debug\Power_Chip_Test.a(LF_Relay.o)
 .debug_abbrev  0x00000b87       0xaa .\CortexM0\ARM_GCC_541\Debug\Power_Chip_Test.a(HF_Relay.o)
 .debug_abbrev  0x00000c31       0xaa .\CortexM0\ARM_GCC_541\Debug\Power_Chip_Test.a(COMP_Relay.o)
 .debug_abbrev  0x00000cdb       0xaa .\CortexM0\ARM_GCC_541\Debug\Power_Chip_Test.a(LF_CB.o)
 .debug_abbrev  0x00000d85       0xaa .\CortexM0\ARM_GCC_541\Debug\Power_Chip_Test.a(HF_CB.o)
 .debug_abbrev  0x00000e2f       0xaa .\CortexM0\ARM_GCC_541\Debug\Power_Chip_Test.a(COMP_CB.o)
 .debug_abbrev  0x00000ed9       0xaa .\CortexM0\ARM_GCC_541\Debug\Power_Chip_Test.a(BLUE.o)
 .debug_abbrev  0x00000f83       0xaa .\CortexM0\ARM_GCC_541\Debug\Power_Chip_Test.a(GREEN.o)
 .debug_abbrev  0x0000102d       0xaa .\CortexM0\ARM_GCC_541\Debug\Power_Chip_Test.a(RED.o)
 .debug_abbrev  0x000010d7       0xaa .\CortexM0\ARM_GCC_541\Debug\Power_Chip_Test.a(VR_EN.o)
 .debug_abbrev  0x00001181       0x14 .\CortexM0\ARM_GCC_541\Debug\Power_Chip_Test.a(MyUART_1_AsmGnu.o)
 .debug_abbrev  0x00001195       0x14 .\CortexM0\ARM_GCC_541\Debug\Power_Chip_Test.a(CyBootAsmGnu.o)
 .debug_abbrev  0x000011a9       0xdb .\CortexM0\ARM_GCC_541\Debug\Power_Chip_Test.a(I2C_1.o)
 .debug_abbrev  0x00001284       0x90 .\CortexM0\ARM_GCC_541\Debug\Power_Chip_Test.a(I2C_1_I2C.o)
 .debug_abbrev  0x00001314       0x88 .\CortexM0\ARM_GCC_541\Debug\Power_Chip_Test.a(I2C_1_I2C_INT.o)

.debug_line     0x00000000     0x22c8
 *(.debug_line)
 .debug_line    0x00000000      0x1ea .\CortexM0\ARM_GCC_541\Debug\main.o
 .debug_line    0x000001ea      0x17c .\CortexM0\ARM_GCC_541\Debug\cyfitter_cfg.o
 .debug_line    0x00000366      0x141 .\CortexM0\ARM_GCC_541\Debug\cymetadata.o
 .debug_line    0x000004a7      0x1d0 .\CortexM0\ARM_GCC_541\Debug\Cm0Start.o
 .debug_line    0x00000677      0x2e9 .\CortexM0\ARM_GCC_541\Debug\Power_Chip_Test.a(I2C_1_I2C_MASTER.o)
 .debug_line    0x00000960       0x85 .\CortexM0\ARM_GCC_541\Debug\Power_Chip_Test.a(I2C_1_PM.o)
 .debug_line    0x000009e5       0xe4 .\CortexM0\ARM_GCC_541\Debug\Power_Chip_Test.a(MyUART_1.o)
 .debug_line    0x00000ac9      0x4e5 .\CortexM0\ARM_GCC_541\Debug\Power_Chip_Test.a(CyLib.o)
 .debug_line    0x00000fae      0x721 .\CortexM0\ARM_GCC_541\Debug\Power_Chip_Test.a(CyLFClk.o)
 .debug_line    0x000016cf       0xc0 .\CortexM0\ARM_GCC_541\Debug\Power_Chip_Test.a(LF_Relay.o)
 .debug_line    0x0000178f       0xc0 .\CortexM0\ARM_GCC_541\Debug\Power_Chip_Test.a(HF_Relay.o)
 .debug_line    0x0000184f       0xc2 .\CortexM0\ARM_GCC_541\Debug\Power_Chip_Test.a(COMP_Relay.o)
 .debug_line    0x00001911       0xbd .\CortexM0\ARM_GCC_541\Debug\Power_Chip_Test.a(LF_CB.o)
 .debug_line    0x000019ce       0xbd .\CortexM0\ARM_GCC_541\Debug\Power_Chip_Test.a(HF_CB.o)
 .debug_line    0x00001a8b       0xbf .\CortexM0\ARM_GCC_541\Debug\Power_Chip_Test.a(COMP_CB.o)
 .debug_line    0x00001b4a       0xbc .\CortexM0\ARM_GCC_541\Debug\Power_Chip_Test.a(BLUE.o)
 .debug_line    0x00001c06       0xbd .\CortexM0\ARM_GCC_541\Debug\Power_Chip_Test.a(GREEN.o)
 .debug_line    0x00001cc3       0xbb .\CortexM0\ARM_GCC_541\Debug\Power_Chip_Test.a(RED.o)
 .debug_line    0x00001d7e       0xbd .\CortexM0\ARM_GCC_541\Debug\Power_Chip_Test.a(VR_EN.o)
 .debug_line    0x00001e3b       0xa1 .\CortexM0\ARM_GCC_541\Debug\Power_Chip_Test.a(MyUART_1_AsmGnu.o)
 .debug_line    0x00001edc       0x68 .\CortexM0\ARM_GCC_541\Debug\Power_Chip_Test.a(CyBootAsmGnu.o)
 .debug_line    0x00001f44      0x11e .\CortexM0\ARM_GCC_541\Debug\Power_Chip_Test.a(I2C_1.o)
 .debug_line    0x00002062       0xbb .\CortexM0\ARM_GCC_541\Debug\Power_Chip_Test.a(I2C_1_I2C.o)
 .debug_line    0x0000211d      0x1ab .\CortexM0\ARM_GCC_541\Debug\Power_Chip_Test.a(I2C_1_I2C_INT.o)

.debug_frame    0x00000000     0x1efc
 *(.debug_frame)
 .debug_frame   0x00000000       0xc4 .\CortexM0\ARM_GCC_541\Debug\main.o
 .debug_frame   0x000000c4       0xc8 .\CortexM0\ARM_GCC_541\Debug\cyfitter_cfg.o
 .debug_frame   0x0000018c       0xc8 .\CortexM0\ARM_GCC_541\Debug\Cm0Start.o
 .debug_frame   0x00000254      0x200 .\CortexM0\ARM_GCC_541\Debug\Power_Chip_Test.a(I2C_1_I2C_MASTER.o)
 .debug_frame   0x00000454       0x48 .\CortexM0\ARM_GCC_541\Debug\Power_Chip_Test.a(I2C_1_PM.o)
 .debug_frame   0x0000049c       0xe4 .\CortexM0\ARM_GCC_541\Debug\Power_Chip_Test.a(MyUART_1.o)
 .debug_frame   0x00000580      0x644 .\CortexM0\ARM_GCC_541\Debug\Power_Chip_Test.a(CyLib.o)
 .debug_frame   0x00000bc4      0x5f8 .\CortexM0\ARM_GCC_541\Debug\Power_Chip_Test.a(CyLFClk.o)
 .debug_frame   0x000011bc       0xc8 .\CortexM0\ARM_GCC_541\Debug\Power_Chip_Test.a(LF_Relay.o)
 .debug_frame   0x00001284       0xc8 .\CortexM0\ARM_GCC_541\Debug\Power_Chip_Test.a(HF_Relay.o)
 .debug_frame   0x0000134c       0xc8 .\CortexM0\ARM_GCC_541\Debug\Power_Chip_Test.a(COMP_Relay.o)
 .debug_frame   0x00001414       0xc8 .\CortexM0\ARM_GCC_541\Debug\Power_Chip_Test.a(LF_CB.o)
 .debug_frame   0x000014dc       0xc8 .\CortexM0\ARM_GCC_541\Debug\Power_Chip_Test.a(HF_CB.o)
 .debug_frame   0x000015a4       0xc8 .\CortexM0\ARM_GCC_541\Debug\Power_Chip_Test.a(COMP_CB.o)
 .debug_frame   0x0000166c       0xc8 .\CortexM0\ARM_GCC_541\Debug\Power_Chip_Test.a(BLUE.o)
 .debug_frame   0x00001734       0xc8 .\CortexM0\ARM_GCC_541\Debug\Power_Chip_Test.a(GREEN.o)
 .debug_frame   0x000017fc       0xc8 .\CortexM0\ARM_GCC_541\Debug\Power_Chip_Test.a(RED.o)
 .debug_frame   0x000018c4       0xc8 .\CortexM0\ARM_GCC_541\Debug\Power_Chip_Test.a(VR_EN.o)
 .debug_frame   0x0000198c      0x134 .\CortexM0\ARM_GCC_541\Debug\Power_Chip_Test.a(I2C_1.o)
 .debug_frame   0x00001ac0       0x64 .\CortexM0\ARM_GCC_541\Debug\Power_Chip_Test.a(I2C_1_I2C.o)
 .debug_frame   0x00001b24       0x30 .\CortexM0\ARM_GCC_541\Debug\Power_Chip_Test.a(I2C_1_I2C_INT.o)
 .debug_frame   0x00001b54       0x20 c:/program files (x86)/cypress/psoc creator/4.2/psoc creator/import/gnu/arm/5.4.1/bin/../lib/gcc/arm-none-eabi/5.4.1/armv6-m\libgcc.a(_udivsi3.o)
 .debug_frame   0x00001b74       0x20 c:/program files (x86)/cypress/psoc creator/4.2/psoc creator/import/gnu/arm/5.4.1/bin/../lib/gcc/arm-none-eabi/5.4.1/armv6-m\libgcc.a(_divsi3.o)
 .debug_frame   0x00001b94       0x20 c:/program files (x86)/cypress/psoc creator/4.2/psoc creator/import/gnu/arm/5.4.1/bin/../lib/gcc/arm-none-eabi/5.4.1/../../../../arm-none-eabi/lib/armv6-m\libg_nano.a(lib_a-errno.o)
 .debug_frame   0x00001bb4       0x28 c:/program files (x86)/cypress/psoc creator/4.2/psoc creator/import/gnu/arm/5.4.1/bin/../lib/gcc/arm-none-eabi/5.4.1/../../../../arm-none-eabi/lib/armv6-m\libg_nano.a(lib_a-exit.o)
 .debug_frame   0x00001bdc       0x2c c:/program files (x86)/cypress/psoc creator/4.2/psoc creator/import/gnu/arm/5.4.1/bin/../lib/gcc/arm-none-eabi/5.4.1/../../../../arm-none-eabi/lib/armv6-m\libg_nano.a(lib_a-init.o)
 .debug_frame   0x00001c08       0x28 c:/program files (x86)/cypress/psoc creator/4.2/psoc creator/import/gnu/arm/5.4.1/bin/../lib/gcc/arm-none-eabi/5.4.1/../../../../arm-none-eabi/lib/armv6-m\libg_nano.a(lib_a-memcpy-stub.o)
 .debug_frame   0x00001c30       0x20 c:/program files (x86)/cypress/psoc creator/4.2/psoc creator/import/gnu/arm/5.4.1/bin/../lib/gcc/arm-none-eabi/5.4.1/../../../../arm-none-eabi/lib/armv6-m\libg_nano.a(lib_a-memset.o)
 .debug_frame   0x00001c50       0x50 c:/program files (x86)/cypress/psoc creator/4.2/psoc creator/import/gnu/arm/5.4.1/bin/../lib/gcc/arm-none-eabi/5.4.1/../../../../arm-none-eabi/lib/armv6-m\libg_nano.a(lib_a-sprintf.o)
 .debug_frame   0x00001ca0       0x74 c:/program files (x86)/cypress/psoc creator/4.2/psoc creator/import/gnu/arm/5.4.1/bin/../lib/gcc/arm-none-eabi/5.4.1/../../../../arm-none-eabi/lib/armv6-m\libg_nano.a(lib_a-nano-svfprintf.o)
 .debug_frame   0x00001d14       0x54 c:/program files (x86)/cypress/psoc creator/4.2/psoc creator/import/gnu/arm/5.4.1/bin/../lib/gcc/arm-none-eabi/5.4.1/../../../../arm-none-eabi/lib/armv6-m\libg_nano.a(lib_a-nano-vfprintf_i.o)
 .debug_frame   0x00001d68       0x20 c:/program files (x86)/cypress/psoc creator/4.2/psoc creator/import/gnu/arm/5.4.1/bin/../lib/gcc/arm-none-eabi/5.4.1/../../../../arm-none-eabi/lib/armv6-m\libg_nano.a(lib_a-memchr-stub.o)
 .debug_frame   0x00001d88       0x28 c:/program files (x86)/cypress/psoc creator/4.2/psoc creator/import/gnu/arm/5.4.1/bin/../lib/gcc/arm-none-eabi/5.4.1/../../../../arm-none-eabi/lib/armv6-m\libg_nano.a(lib_a-memmove.o)
 .debug_frame   0x00001db0       0x2c c:/program files (x86)/cypress/psoc creator/4.2/psoc creator/import/gnu/arm/5.4.1/bin/../lib/gcc/arm-none-eabi/5.4.1/../../../../arm-none-eabi/lib/armv6-m\libg_nano.a(lib_a-nano-freer.o)
 .debug_frame   0x00001ddc       0x2c c:/program files (x86)/cypress/psoc creator/4.2/psoc creator/import/gnu/arm/5.4.1/bin/../lib/gcc/arm-none-eabi/5.4.1/../../../../arm-none-eabi/lib/armv6-m\libg_nano.a(lib_a-nano-mallocr.o)
 .debug_frame   0x00001e08       0x30 c:/program files (x86)/cypress/psoc creator/4.2/psoc creator/import/gnu/arm/5.4.1/bin/../lib/gcc/arm-none-eabi/5.4.1/../../../../arm-none-eabi/lib/armv6-m\libg_nano.a(lib_a-nano-reallocr.o)
 .debug_frame   0x00001e38       0x2c c:/program files (x86)/cypress/psoc creator/4.2/psoc creator/import/gnu/arm/5.4.1/bin/../lib/gcc/arm-none-eabi/5.4.1/../../../../arm-none-eabi/lib/armv6-m\libg_nano.a(lib_a-sbrkr.o)
 .debug_frame   0x00001e64       0x30 c:/program files (x86)/cypress/psoc creator/4.2/psoc creator/import/gnu/arm/5.4.1/bin/../lib/gcc/arm-none-eabi/5.4.1/../../../../arm-none-eabi/lib/armv6-m\libg_nano.a(lib_a-mlock.o)
 .debug_frame   0x00001e94       0x20 c:/program files (x86)/cypress/psoc creator/4.2/psoc creator/import/gnu/arm/5.4.1/bin/../lib/gcc/arm-none-eabi/5.4.1/../../../../arm-none-eabi/lib/armv6-m\libg_nano.a(lib_a-nano-msizer.o)
 .debug_frame   0x00001eb4       0x48 c:/program files (x86)/cypress/psoc creator/4.2/psoc creator/import/gnu/arm/5.4.1/bin/../lib/gcc/arm-none-eabi/5.4.1/../../../../arm-none-eabi/lib/armv6-m\libg_nano.a(lib_a-reent.o)

.debug_str      0x00000000     0x1cf7
 *(.debug_str)
 .debug_str     0x00000000      0x241 .\CortexM0\ARM_GCC_541\Debug\main.o
                                0x2ac (size before relaxing)
 .debug_str     0x00000241       0xbd .\CortexM0\ARM_GCC_541\Debug\cyfitter_cfg.o
                                0x25e (size before relaxing)
 .debug_str     0x000002fe       0x59 .\CortexM0\ARM_GCC_541\Debug\cymetadata.o
                                0x1e1 (size before relaxing)
 .debug_str     0x00000357      0x11f .\CortexM0\ARM_GCC_541\Debug\Cm0Start.o
                                0x2e7 (size before relaxing)
 .debug_str     0x00000476      0x319 .\CortexM0\ARM_GCC_541\Debug\Power_Chip_Test.a(I2C_1_I2C_MASTER.o)
                                0x4ce (size before relaxing)
 .debug_str     0x0000078f       0x68 .\CortexM0\ARM_GCC_541\Debug\Power_Chip_Test.a(I2C_1_PM.o)
                                0x20f (size before relaxing)
 .debug_str     0x000007f7      0x137 .\CortexM0\ARM_GCC_541\Debug\Power_Chip_Test.a(MyUART_1.o)
                                0x2d3 (size before relaxing)
 .debug_str     0x0000092e      0x545 .\CortexM0\ARM_GCC_541\Debug\Power_Chip_Test.a(CyLib.o)
                                0x719 (size before relaxing)
 .debug_str     0x00000e73      0x717 .\CortexM0\ARM_GCC_541\Debug\Power_Chip_Test.a(CyLFClk.o)
                                0x913 (size before relaxing)
 .debug_str     0x0000158a       0xc0 .\CortexM0\ARM_GCC_541\Debug\Power_Chip_Test.a(LF_Relay.o)
                                0x264 (size before relaxing)
 .debug_str     0x0000164a       0x9c .\CortexM0\ARM_GCC_541\Debug\Power_Chip_Test.a(HF_Relay.o)
                                0x264 (size before relaxing)
 .debug_str     0x000016e6       0xaa .\CortexM0\ARM_GCC_541\Debug\Power_Chip_Test.a(COMP_Relay.o)
                                0x272 (size before relaxing)
 .debug_str     0x00001790       0x87 .\CortexM0\ARM_GCC_541\Debug\Power_Chip_Test.a(LF_CB.o)
                                0x24f (size before relaxing)
 .debug_str     0x00001817       0x87 .\CortexM0\ARM_GCC_541\Debug\Power_Chip_Test.a(HF_CB.o)
                                0x24f (size before relaxing)
 .debug_str     0x0000189e       0x95 .\CortexM0\ARM_GCC_541\Debug\Power_Chip_Test.a(COMP_CB.o)
                                0x25d (size before relaxing)
 .debug_str     0x00001933       0x80 .\CortexM0\ARM_GCC_541\Debug\Power_Chip_Test.a(BLUE.o)
                                0x248 (size before relaxing)
 .debug_str     0x000019b3       0x87 .\CortexM0\ARM_GCC_541\Debug\Power_Chip_Test.a(GREEN.o)
                                0x24f (size before relaxing)
 .debug_str     0x00001a3a       0x79 .\CortexM0\ARM_GCC_541\Debug\Power_Chip_Test.a(RED.o)
                                0x241 (size before relaxing)
 .debug_str     0x00001ab3       0x87 .\CortexM0\ARM_GCC_541\Debug\Power_Chip_Test.a(VR_EN.o)
                                0x24f (size before relaxing)
 .debug_str     0x00001b3a      0x11d .\CortexM0\ARM_GCC_541\Debug\Power_Chip_Test.a(I2C_1.o)
                                0x2c4 (size before relaxing)
 .debug_str     0x00001c57       0x55 .\CortexM0\ARM_GCC_541\Debug\Power_Chip_Test.a(I2C_1_I2C.o)
                                0x24a (size before relaxing)
 .debug_str     0x00001cac       0x4b .\CortexM0\ARM_GCC_541\Debug\Power_Chip_Test.a(I2C_1_I2C_INT.o)
                                0x2dd (size before relaxing)

.debug_loc
 *(.debug_loc)

.debug_macinfo
 *(.debug_macinfo)

.debug_ranges   0x00000000      0x760
 *(.debug_ranges)
 .debug_ranges  0x00000000       0x30 .\CortexM0\ARM_GCC_541\Debug\main.o
 .debug_ranges  0x00000030       0x38 .\CortexM0\ARM_GCC_541\Debug\cyfitter_cfg.o
 .debug_ranges  0x00000068       0x38 .\CortexM0\ARM_GCC_541\Debug\Cm0Start.o
 .debug_ranges  0x000000a0       0x88 .\CortexM0\ARM_GCC_541\Debug\Power_Chip_Test.a(I2C_1_I2C_MASTER.o)
 .debug_ranges  0x00000128       0x18 .\CortexM0\ARM_GCC_541\Debug\Power_Chip_Test.a(I2C_1_PM.o)
 .debug_ranges  0x00000140       0x40 .\CortexM0\ARM_GCC_541\Debug\Power_Chip_Test.a(MyUART_1.o)
 .debug_ranges  0x00000180      0x1a0 .\CortexM0\ARM_GCC_541\Debug\Power_Chip_Test.a(CyLib.o)
 .debug_ranges  0x00000320      0x188 .\CortexM0\ARM_GCC_541\Debug\Power_Chip_Test.a(CyLFClk.o)
 .debug_ranges  0x000004a8       0x38 .\CortexM0\ARM_GCC_541\Debug\Power_Chip_Test.a(LF_Relay.o)
 .debug_ranges  0x000004e0       0x38 .\CortexM0\ARM_GCC_541\Debug\Power_Chip_Test.a(HF_Relay.o)
 .debug_ranges  0x00000518       0x38 .\CortexM0\ARM_GCC_541\Debug\Power_Chip_Test.a(COMP_Relay.o)
 .debug_ranges  0x00000550       0x38 .\CortexM0\ARM_GCC_541\Debug\Power_Chip_Test.a(LF_CB.o)
 .debug_ranges  0x00000588       0x38 .\CortexM0\ARM_GCC_541\Debug\Power_Chip_Test.a(HF_CB.o)
 .debug_ranges  0x000005c0       0x38 .\CortexM0\ARM_GCC_541\Debug\Power_Chip_Test.a(COMP_CB.o)
 .debug_ranges  0x000005f8       0x38 .\CortexM0\ARM_GCC_541\Debug\Power_Chip_Test.a(BLUE.o)
 .debug_ranges  0x00000630       0x38 .\CortexM0\ARM_GCC_541\Debug\Power_Chip_Test.a(GREEN.o)
 .debug_ranges  0x00000668       0x38 .\CortexM0\ARM_GCC_541\Debug\Power_Chip_Test.a(RED.o)
 .debug_ranges  0x000006a0       0x38 .\CortexM0\ARM_GCC_541\Debug\Power_Chip_Test.a(VR_EN.o)
 .debug_ranges  0x000006d8       0x58 .\CortexM0\ARM_GCC_541\Debug\Power_Chip_Test.a(I2C_1.o)
 .debug_ranges  0x00000730       0x20 .\CortexM0\ARM_GCC_541\Debug\Power_Chip_Test.a(I2C_1_I2C.o)
 .debug_ranges  0x00000750       0x10 .\CortexM0\ARM_GCC_541\Debug\Power_Chip_Test.a(I2C_1_I2C_INT.o)

.comment        0x00000000       0x6e
 .comment       0x00000000       0x6e .\CortexM0\ARM_GCC_541\Debug\main.o
                                 0x6f (size before relaxing)
 .comment       0x0000006e       0x6f .\CortexM0\ARM_GCC_541\Debug\cyfitter_cfg.o
 .comment       0x0000006e       0x6f .\CortexM0\ARM_GCC_541\Debug\cymetadata.o
 .comment       0x0000006e       0x6f .\CortexM0\ARM_GCC_541\Debug\Cm0Start.o
 .comment       0x0000006e       0x6f .\CortexM0\ARM_GCC_541\Debug\Power_Chip_Test.a(I2C_1_I2C_MASTER.o)
 .comment       0x0000006e       0x6f .\CortexM0\ARM_GCC_541\Debug\Power_Chip_Test.a(I2C_1_PM.o)
 .comment       0x0000006e       0x6f .\CortexM0\ARM_GCC_541\Debug\Power_Chip_Test.a(MyUART_1.o)
 .comment       0x0000006e       0x6f .\CortexM0\ARM_GCC_541\Debug\Power_Chip_Test.a(CyLib.o)
 .comment       0x0000006e       0x6f .\CortexM0\ARM_GCC_541\Debug\Power_Chip_Test.a(CyLFClk.o)
 .comment       0x0000006e       0x6f .\CortexM0\ARM_GCC_541\Debug\Power_Chip_Test.a(LF_Relay.o)
 .comment       0x0000006e       0x6f .\CortexM0\ARM_GCC_541\Debug\Power_Chip_Test.a(HF_Relay.o)
 .comment       0x0000006e       0x6f .\CortexM0\ARM_GCC_541\Debug\Power_Chip_Test.a(COMP_Relay.o)
 .comment       0x0000006e       0x6f .\CortexM0\ARM_GCC_541\Debug\Power_Chip_Test.a(LF_CB.o)
 .comment       0x0000006e       0x6f .\CortexM0\ARM_GCC_541\Debug\Power_Chip_Test.a(HF_CB.o)
 .comment       0x0000006e       0x6f .\CortexM0\ARM_GCC_541\Debug\Power_Chip_Test.a(COMP_CB.o)
 .comment       0x0000006e       0x6f .\CortexM0\ARM_GCC_541\Debug\Power_Chip_Test.a(BLUE.o)
 .comment       0x0000006e       0x6f .\CortexM0\ARM_GCC_541\Debug\Power_Chip_Test.a(GREEN.o)
 .comment       0x0000006e       0x6f .\CortexM0\ARM_GCC_541\Debug\Power_Chip_Test.a(RED.o)
 .comment       0x0000006e       0x6f .\CortexM0\ARM_GCC_541\Debug\Power_Chip_Test.a(VR_EN.o)
 .comment       0x0000006e       0x6f .\CortexM0\ARM_GCC_541\Debug\Power_Chip_Test.a(I2C_1.o)
 .comment       0x0000006e       0x6f .\CortexM0\ARM_GCC_541\Debug\Power_Chip_Test.a(I2C_1_I2C.o)
 .comment       0x0000006e       0x6f .\CortexM0\ARM_GCC_541\Debug\Power_Chip_Test.a(I2C_1_I2C_INT.o)

.debug_weaknames
 *(.debug_weaknames)

.debug_funcnames
 *(.debug_funcnames)

.debug_typenames
 *(.debug_typenames)

.debug_varnames
 *(.debug_varnames)

.note.gnu.arm.ident
 *(.note.gnu.arm.ident)

.ARM.attributes
                0x00000000       0x28
 *(.ARM.attributes)
 .ARM.attributes
                0x00000000       0x1e c:/program files (x86)/cypress/psoc creator/4.2/psoc creator/import/gnu/arm/5.4.1/bin/../lib/gcc/arm-none-eabi/5.4.1/armv6-m/crti.o
 .ARM.attributes
                0x0000001e       0x2c c:/program files (x86)/cypress/psoc creator/4.2/psoc creator/import/gnu/arm/5.4.1/bin/../lib/gcc/arm-none-eabi/5.4.1/armv6-m/crtbegin.o
 .ARM.attributes
                0x0000004a       0x1b c:/program files (x86)/cypress/psoc creator/4.2/psoc creator/import/gnu/arm/5.4.1/bin/../lib/gcc/arm-none-eabi/5.4.1/../../../../arm-none-eabi/lib/armv6-m/crt0.o
 .ARM.attributes
                0x00000065       0x31 .\CortexM0\ARM_GCC_541\Debug\main.o
 .ARM.attributes
                0x00000096       0x31 .\CortexM0\ARM_GCC_541\Debug\cyfitter_cfg.o
 .ARM.attributes
                0x000000c7       0x31 .\CortexM0\ARM_GCC_541\Debug\cymetadata.o
 .ARM.attributes
                0x000000f8       0x31 .\CortexM0\ARM_GCC_541\Debug\Cm0Start.o
 .ARM.attributes
                0x00000129       0x31 .\CortexM0\ARM_GCC_541\Debug\Power_Chip_Test.a(I2C_1_I2C_MASTER.o)
 .ARM.attributes
                0x0000015a       0x31 .\CortexM0\ARM_GCC_541\Debug\Power_Chip_Test.a(I2C_1_PM.o)
 .ARM.attributes
                0x0000018b       0x31 .\CortexM0\ARM_GCC_541\Debug\Power_Chip_Test.a(MyUART_1.o)
 .ARM.attributes
                0x000001bc       0x31 .\CortexM0\ARM_GCC_541\Debug\Power_Chip_Test.a(CyLib.o)
 .ARM.attributes
                0x000001ed       0x31 .\CortexM0\ARM_GCC_541\Debug\Power_Chip_Test.a(CyLFClk.o)
 .ARM.attributes
                0x0000021e       0x31 .\CortexM0\ARM_GCC_541\Debug\Power_Chip_Test.a(LF_Relay.o)
 .ARM.attributes
                0x0000024f       0x31 .\CortexM0\ARM_GCC_541\Debug\Power_Chip_Test.a(HF_Relay.o)
 .ARM.attributes
                0x00000280       0x31 .\CortexM0\ARM_GCC_541\Debug\Power_Chip_Test.a(COMP_Relay.o)
 .ARM.attributes
                0x000002b1       0x31 .\CortexM0\ARM_GCC_541\Debug\Power_Chip_Test.a(LF_CB.o)
 .ARM.attributes
                0x000002e2       0x31 .\CortexM0\ARM_GCC_541\Debug\Power_Chip_Test.a(HF_CB.o)
 .ARM.attributes
                0x00000313       0x31 .\CortexM0\ARM_GCC_541\Debug\Power_Chip_Test.a(COMP_CB.o)
 .ARM.attributes
                0x00000344       0x31 .\CortexM0\ARM_GCC_541\Debug\Power_Chip_Test.a(BLUE.o)
 .ARM.attributes
                0x00000375       0x31 .\CortexM0\ARM_GCC_541\Debug\Power_Chip_Test.a(GREEN.o)
 .ARM.attributes
                0x000003a6       0x31 .\CortexM0\ARM_GCC_541\Debug\Power_Chip_Test.a(RED.o)
 .ARM.attributes
                0x000003d7       0x31 .\CortexM0\ARM_GCC_541\Debug\Power_Chip_Test.a(VR_EN.o)
 .ARM.attributes
                0x00000408       0x21 .\CortexM0\ARM_GCC_541\Debug\Power_Chip_Test.a(MyUART_1_AsmGnu.o)
 .ARM.attributes
                0x00000429       0x21 .\CortexM0\ARM_GCC_541\Debug\Power_Chip_Test.a(CyBootAsmGnu.o)
 .ARM.attributes
                0x0000044a       0x31 .\CortexM0\ARM_GCC_541\Debug\Power_Chip_Test.a(I2C_1.o)
 .ARM.attributes
                0x0000047b       0x31 .\CortexM0\ARM_GCC_541\Debug\Power_Chip_Test.a(I2C_1_I2C.o)
 .ARM.attributes
                0x000004ac       0x31 .\CortexM0\ARM_GCC_541\Debug\Power_Chip_Test.a(I2C_1_I2C_INT.o)
 .ARM.attributes
                0x000004dd       0x1e c:/program files (x86)/cypress/psoc creator/4.2/psoc creator/import/gnu/arm/5.4.1/bin/../lib/gcc/arm-none-eabi/5.4.1/armv6-m\libgcc.a(_udivsi3.o)
 .ARM.attributes
                0x000004fb       0x1e c:/program files (x86)/cypress/psoc creator/4.2/psoc creator/import/gnu/arm/5.4.1/bin/../lib/gcc/arm-none-eabi/5.4.1/armv6-m\libgcc.a(_divsi3.o)
 .ARM.attributes
                0x00000519       0x1e c:/program files (x86)/cypress/psoc creator/4.2/psoc creator/import/gnu/arm/5.4.1/bin/../lib/gcc/arm-none-eabi/5.4.1/armv6-m\libgcc.a(_dvmd_tls.o)
 .ARM.attributes
                0x00000537       0x2c c:/program files (x86)/cypress/psoc creator/4.2/psoc creator/import/gnu/arm/5.4.1/bin/../lib/gcc/arm-none-eabi/5.4.1/../../../../arm-none-eabi/lib/armv6-m\libg_nano.a(lib_a-errno.o)
 .ARM.attributes
                0x00000563       0x2c c:/program files (x86)/cypress/psoc creator/4.2/psoc creator/import/gnu/arm/5.4.1/bin/../lib/gcc/arm-none-eabi/5.4.1/../../../../arm-none-eabi/lib/armv6-m\libg_nano.a(lib_a-exit.o)
 .ARM.attributes
                0x0000058f       0x2c c:/program files (x86)/cypress/psoc creator/4.2/psoc creator/import/gnu/arm/5.4.1/bin/../lib/gcc/arm-none-eabi/5.4.1/../../../../arm-none-eabi/lib/armv6-m\libg_nano.a(lib_a-impure.o)
 .ARM.attributes
                0x000005bb       0x2c c:/program files (x86)/cypress/psoc creator/4.2/psoc creator/import/gnu/arm/5.4.1/bin/../lib/gcc/arm-none-eabi/5.4.1/../../../../arm-none-eabi/lib/armv6-m\libg_nano.a(lib_a-init.o)
 .ARM.attributes
                0x000005e7       0x2c c:/program files (x86)/cypress/psoc creator/4.2/psoc creator/import/gnu/arm/5.4.1/bin/../lib/gcc/arm-none-eabi/5.4.1/../../../../arm-none-eabi/lib/armv6-m\libg_nano.a(lib_a-memcpy-stub.o)
 .ARM.attributes
                0x00000613       0x2c c:/program files (x86)/cypress/psoc creator/4.2/psoc creator/import/gnu/arm/5.4.1/bin/../lib/gcc/arm-none-eabi/5.4.1/../../../../arm-none-eabi/lib/armv6-m\libg_nano.a(lib_a-memset.o)
 .ARM.attributes
                0x0000063f       0x2c c:/program files (x86)/cypress/psoc creator/4.2/psoc creator/import/gnu/arm/5.4.1/bin/../lib/gcc/arm-none-eabi/5.4.1/../../../../arm-none-eabi/lib/armv6-m\libg_nano.a(lib_a-sprintf.o)
 .ARM.attributes
                0x0000066b       0x2c c:/program files (x86)/cypress/psoc creator/4.2/psoc creator/import/gnu/arm/5.4.1/bin/../lib/gcc/arm-none-eabi/5.4.1/../../../../arm-none-eabi/lib/armv6-m\libg_nano.a(lib_a-nano-svfprintf.o)
 .ARM.attributes
                0x00000697       0x2c c:/program files (x86)/cypress/psoc creator/4.2/psoc creator/import/gnu/arm/5.4.1/bin/../lib/gcc/arm-none-eabi/5.4.1/../../../../arm-none-eabi/lib/armv6-m\libg_nano.a(lib_a-nano-vfprintf_i.o)
 .ARM.attributes
                0x000006c3       0x2c c:/program files (x86)/cypress/psoc creator/4.2/psoc creator/import/gnu/arm/5.4.1/bin/../lib/gcc/arm-none-eabi/5.4.1/../../../../arm-none-eabi/lib/armv6-m\libg_nano.a(lib_a-memchr-stub.o)
 .ARM.attributes
                0x000006ef       0x2c c:/program files (x86)/cypress/psoc creator/4.2/psoc creator/import/gnu/arm/5.4.1/bin/../lib/gcc/arm-none-eabi/5.4.1/../../../../arm-none-eabi/lib/armv6-m\libg_nano.a(lib_a-memmove.o)
 .ARM.attributes
                0x0000071b       0x2c c:/program files (x86)/cypress/psoc creator/4.2/psoc creator/import/gnu/arm/5.4.1/bin/../lib/gcc/arm-none-eabi/5.4.1/../../../../arm-none-eabi/lib/armv6-m\libg_nano.a(lib_a-nano-freer.o)
 .ARM.attributes
                0x00000747       0x2c c:/program files (x86)/cypress/psoc creator/4.2/psoc creator/import/gnu/arm/5.4.1/bin/../lib/gcc/arm-none-eabi/5.4.1/../../../../arm-none-eabi/lib/armv6-m\libg_nano.a(lib_a-nano-mallocr.o)
 .ARM.attributes
                0x00000773       0x2c c:/program files (x86)/cypress/psoc creator/4.2/psoc creator/import/gnu/arm/5.4.1/bin/../lib/gcc/arm-none-eabi/5.4.1/../../../../arm-none-eabi/lib/armv6-m\libg_nano.a(lib_a-nano-reallocr.o)
 .ARM.attributes
                0x0000079f       0x2c c:/program files (x86)/cypress/psoc creator/4.2/psoc creator/import/gnu/arm/5.4.1/bin/../lib/gcc/arm-none-eabi/5.4.1/../../../../arm-none-eabi/lib/armv6-m\libg_nano.a(lib_a-sbrkr.o)
 .ARM.attributes
                0x000007cb       0x2c c:/program files (x86)/cypress/psoc creator/4.2/psoc creator/import/gnu/arm/5.4.1/bin/../lib/gcc/arm-none-eabi/5.4.1/../../../../arm-none-eabi/lib/armv6-m\libg_nano.a(lib_a-mlock.o)
 .ARM.attributes
                0x000007f7       0x2c c:/program files (x86)/cypress/psoc creator/4.2/psoc creator/import/gnu/arm/5.4.1/bin/../lib/gcc/arm-none-eabi/5.4.1/../../../../arm-none-eabi/lib/armv6-m\libg_nano.a(lib_a-nano-msizer.o)
 .ARM.attributes
                0x00000823       0x2c c:/program files (x86)/cypress/psoc creator/4.2/psoc creator/import/gnu/arm/5.4.1/bin/../lib/gcc/arm-none-eabi/5.4.1/../../../../arm-none-eabi/lib/armv6-m\libg_nano.a(lib_a-reent.o)
 .ARM.attributes
                0x0000084f       0x2c c:/program files (x86)/cypress/psoc creator/4.2/psoc creator/import/gnu/arm/5.4.1/bin/../lib/gcc/arm-none-eabi/5.4.1/armv6-m/crtend.o
 .ARM.attributes
                0x0000087b       0x1e c:/program files (x86)/cypress/psoc creator/4.2/psoc creator/import/gnu/arm/5.4.1/bin/../lib/gcc/arm-none-eabi/5.4.1/armv6-m/crtn.o

/DISCARD/
 *(.note.GNU-stack)
OUTPUT(C:\Users\K-Narf\Documents\Senior Design Code Testing\Power_Chip_Test\Power_Chip_Test.cydsn\CortexM0\ARM_GCC_541\Debug\Power_Chip_Test.elf elf32-littlearm)
