ARM GAS  C:\Users\K-Narf\AppData\Local\Temp\ccGUKUyJ.s 			page 1


   1              		.syntax unified
   2              		.cpu cortex-m0
   3              		.fpu softvfp
   4              		.eabi_attribute 20, 1
   5              		.eabi_attribute 21, 1
   6              		.eabi_attribute 23, 3
   7              		.eabi_attribute 24, 1
   8              		.eabi_attribute 25, 1
   9              		.eabi_attribute 26, 1
  10              		.eabi_attribute 30, 6
  11              		.eabi_attribute 34, 0
  12              		.eabi_attribute 18, 4
  13              		.thumb
  14              		.syntax unified
  15              		.file	"cyfitter_cfg.c"
  16              		.text
  17              	.Ltext0:
  18              		.cfi_sections	.debug_frame
  19              		.section	.text.CYMEMZERO,"ax",%progbits
  20              		.align	2
  21              		.code	16
  22              		.thumb_func
  23              		.type	CYMEMZERO, %function
  24              	CYMEMZERO:
  25              	.LFB2:
  26              		.file 1 "Generated_Source\\PSoC4\\cyfitter_cfg.c"
   1:Generated_Source\PSoC4/cyfitter_cfg.c **** 
   2:Generated_Source\PSoC4/cyfitter_cfg.c **** /*******************************************************************************
   3:Generated_Source\PSoC4/cyfitter_cfg.c **** * File Name: cyfitter_cfg.c
   4:Generated_Source\PSoC4/cyfitter_cfg.c **** * 
   5:Generated_Source\PSoC4/cyfitter_cfg.c **** * PSoC Creator  4.2
   6:Generated_Source\PSoC4/cyfitter_cfg.c **** *
   7:Generated_Source\PSoC4/cyfitter_cfg.c **** * Description:
   8:Generated_Source\PSoC4/cyfitter_cfg.c **** * This file contains device initialization code.
   9:Generated_Source\PSoC4/cyfitter_cfg.c **** * Except for the user defined sections in CyClockStartupError(), this file should not be modified.
  10:Generated_Source\PSoC4/cyfitter_cfg.c **** * This file is automatically generated by PSoC Creator.
  11:Generated_Source\PSoC4/cyfitter_cfg.c **** *
  12:Generated_Source\PSoC4/cyfitter_cfg.c **** ********************************************************************************
  13:Generated_Source\PSoC4/cyfitter_cfg.c **** * Copyright (c) 2007-2018 Cypress Semiconductor.  All rights reserved.
  14:Generated_Source\PSoC4/cyfitter_cfg.c **** * You may use this file only in accordance with the license, terms, conditions, 
  15:Generated_Source\PSoC4/cyfitter_cfg.c **** * disclaimers, and limitations in the end user license agreement accompanying 
  16:Generated_Source\PSoC4/cyfitter_cfg.c **** * the software package with which this file was provided.
  17:Generated_Source\PSoC4/cyfitter_cfg.c **** ********************************************************************************/
  18:Generated_Source\PSoC4/cyfitter_cfg.c **** 
  19:Generated_Source\PSoC4/cyfitter_cfg.c **** #include <string.h>
  20:Generated_Source\PSoC4/cyfitter_cfg.c **** #include "cytypes.h"
  21:Generated_Source\PSoC4/cyfitter_cfg.c **** #include "cydevice_trm.h"
  22:Generated_Source\PSoC4/cyfitter_cfg.c **** #include "cyfitter.h"
  23:Generated_Source\PSoC4/cyfitter_cfg.c **** #include "CyLib.h"
  24:Generated_Source\PSoC4/cyfitter_cfg.c **** #include "CyLFClk.h"
  25:Generated_Source\PSoC4/cyfitter_cfg.c **** #include "cyfitter_cfg.h"
  26:Generated_Source\PSoC4/cyfitter_cfg.c **** #include "cyapicallbacks.h"
  27:Generated_Source\PSoC4/cyfitter_cfg.c **** 
  28:Generated_Source\PSoC4/cyfitter_cfg.c **** 
  29:Generated_Source\PSoC4/cyfitter_cfg.c **** #if defined(__GNUC__) || defined(__ARMCC_VERSION)
  30:Generated_Source\PSoC4/cyfitter_cfg.c ****     #define CYPACKED 
  31:Generated_Source\PSoC4/cyfitter_cfg.c ****     #define CYPACKED_ATTR __attribute__ ((packed))
ARM GAS  C:\Users\K-Narf\AppData\Local\Temp\ccGUKUyJ.s 			page 2


  32:Generated_Source\PSoC4/cyfitter_cfg.c ****     #define CYALIGNED __attribute__ ((aligned))
  33:Generated_Source\PSoC4/cyfitter_cfg.c ****     #define CY_CFG_UNUSED __attribute__ ((unused))
  34:Generated_Source\PSoC4/cyfitter_cfg.c ****     #ifndef CY_CFG_SECTION
  35:Generated_Source\PSoC4/cyfitter_cfg.c ****         #define CY_CFG_SECTION __attribute__ ((section(".psocinit")))
  36:Generated_Source\PSoC4/cyfitter_cfg.c ****     #endif
  37:Generated_Source\PSoC4/cyfitter_cfg.c ****     
  38:Generated_Source\PSoC4/cyfitter_cfg.c ****     #if defined(__ARMCC_VERSION)
  39:Generated_Source\PSoC4/cyfitter_cfg.c ****         #define CY_CFG_MEMORY_BARRIER() __memory_changed()
  40:Generated_Source\PSoC4/cyfitter_cfg.c ****     #else
  41:Generated_Source\PSoC4/cyfitter_cfg.c ****         #define CY_CFG_MEMORY_BARRIER() __sync_synchronize()
  42:Generated_Source\PSoC4/cyfitter_cfg.c ****     #endif
  43:Generated_Source\PSoC4/cyfitter_cfg.c ****     
  44:Generated_Source\PSoC4/cyfitter_cfg.c **** #elif defined(__ICCARM__)
  45:Generated_Source\PSoC4/cyfitter_cfg.c ****     #include <intrinsics.h>
  46:Generated_Source\PSoC4/cyfitter_cfg.c **** 
  47:Generated_Source\PSoC4/cyfitter_cfg.c ****     #define CYPACKED __packed
  48:Generated_Source\PSoC4/cyfitter_cfg.c ****     #define CYPACKED_ATTR 
  49:Generated_Source\PSoC4/cyfitter_cfg.c ****     #define CYALIGNED _Pragma("data_alignment=4")
  50:Generated_Source\PSoC4/cyfitter_cfg.c ****     #define CY_CFG_UNUSED _Pragma("diag_suppress=Pe177")
  51:Generated_Source\PSoC4/cyfitter_cfg.c ****     #define CY_CFG_SECTION _Pragma("location=\".psocinit\"")
  52:Generated_Source\PSoC4/cyfitter_cfg.c ****     
  53:Generated_Source\PSoC4/cyfitter_cfg.c ****     #define CY_CFG_MEMORY_BARRIER() __DMB()
  54:Generated_Source\PSoC4/cyfitter_cfg.c ****     
  55:Generated_Source\PSoC4/cyfitter_cfg.c **** #else
  56:Generated_Source\PSoC4/cyfitter_cfg.c ****     #error Unsupported toolchain
  57:Generated_Source\PSoC4/cyfitter_cfg.c **** #endif
  58:Generated_Source\PSoC4/cyfitter_cfg.c **** 
  59:Generated_Source\PSoC4/cyfitter_cfg.c **** #ifndef CYCODE
  60:Generated_Source\PSoC4/cyfitter_cfg.c ****     #define CYCODE
  61:Generated_Source\PSoC4/cyfitter_cfg.c **** #endif
  62:Generated_Source\PSoC4/cyfitter_cfg.c **** #ifndef CYDATA
  63:Generated_Source\PSoC4/cyfitter_cfg.c ****     #define CYDATA
  64:Generated_Source\PSoC4/cyfitter_cfg.c **** #endif
  65:Generated_Source\PSoC4/cyfitter_cfg.c **** #ifndef CYFAR
  66:Generated_Source\PSoC4/cyfitter_cfg.c ****     #define CYFAR
  67:Generated_Source\PSoC4/cyfitter_cfg.c **** #endif
  68:Generated_Source\PSoC4/cyfitter_cfg.c **** #ifndef CYXDATA
  69:Generated_Source\PSoC4/cyfitter_cfg.c ****     #define CYXDATA
  70:Generated_Source\PSoC4/cyfitter_cfg.c **** #endif
  71:Generated_Source\PSoC4/cyfitter_cfg.c **** 
  72:Generated_Source\PSoC4/cyfitter_cfg.c **** 
  73:Generated_Source\PSoC4/cyfitter_cfg.c **** CY_CFG_UNUSED
  74:Generated_Source\PSoC4/cyfitter_cfg.c **** static void CYMEMZERO(void *s, size_t n);
  75:Generated_Source\PSoC4/cyfitter_cfg.c **** CY_CFG_UNUSED
  76:Generated_Source\PSoC4/cyfitter_cfg.c **** static void CYMEMZERO(void *s, size_t n)
  77:Generated_Source\PSoC4/cyfitter_cfg.c **** {
  27              		.loc 1 77 0
  28              		.cfi_startproc
  29              		@ args = 0, pretend = 0, frame = 8
  30              		@ frame_needed = 1, uses_anonymous_args = 0
  31 0000 80B5     		push	{r7, lr}
  32              		.cfi_def_cfa_offset 8
  33              		.cfi_offset 7, -8
  34              		.cfi_offset 14, -4
  35 0002 82B0     		sub	sp, sp, #8
  36              		.cfi_def_cfa_offset 16
  37 0004 00AF     		add	r7, sp, #0
ARM GAS  C:\Users\K-Narf\AppData\Local\Temp\ccGUKUyJ.s 			page 3


  38              		.cfi_def_cfa_register 7
  39 0006 7860     		str	r0, [r7, #4]
  40 0008 3960     		str	r1, [r7]
  78:Generated_Source\PSoC4/cyfitter_cfg.c **** 	(void)memset(s, 0, n);
  41              		.loc 1 78 0
  42 000a 3A68     		ldr	r2, [r7]
  43 000c 7B68     		ldr	r3, [r7, #4]
  44 000e 0021     		movs	r1, #0
  45 0010 1800     		movs	r0, r3
  46 0012 FFF7FEFF 		bl	memset
  79:Generated_Source\PSoC4/cyfitter_cfg.c **** }
  47              		.loc 1 79 0
  48 0016 C046     		nop
  49 0018 BD46     		mov	sp, r7
  50 001a 02B0     		add	sp, sp, #8
  51              		@ sp needed
  52 001c 80BD     		pop	{r7, pc}
  53              		.cfi_endproc
  54              	.LFE2:
  55              		.size	CYMEMZERO, .-CYMEMZERO
  56 001e C046     		.section	.text.CYCONFIGCPY,"ax",%progbits
  57              		.align	2
  58              		.code	16
  59              		.thumb_func
  60              		.type	CYCONFIGCPY, %function
  61              	CYCONFIGCPY:
  62              	.LFB3:
  80:Generated_Source\PSoC4/cyfitter_cfg.c **** CY_CFG_UNUSED
  81:Generated_Source\PSoC4/cyfitter_cfg.c **** static void CYCONFIGCPY(void *dest, const void *src, size_t n);
  82:Generated_Source\PSoC4/cyfitter_cfg.c **** CY_CFG_UNUSED
  83:Generated_Source\PSoC4/cyfitter_cfg.c **** static void CYCONFIGCPY(void *dest, const void *src, size_t n)
  84:Generated_Source\PSoC4/cyfitter_cfg.c **** {
  63              		.loc 1 84 0
  64              		.cfi_startproc
  65              		@ args = 0, pretend = 0, frame = 16
  66              		@ frame_needed = 1, uses_anonymous_args = 0
  67 0000 80B5     		push	{r7, lr}
  68              		.cfi_def_cfa_offset 8
  69              		.cfi_offset 7, -8
  70              		.cfi_offset 14, -4
  71 0002 84B0     		sub	sp, sp, #16
  72              		.cfi_def_cfa_offset 24
  73 0004 00AF     		add	r7, sp, #0
  74              		.cfi_def_cfa_register 7
  75 0006 F860     		str	r0, [r7, #12]
  76 0008 B960     		str	r1, [r7, #8]
  77 000a 7A60     		str	r2, [r7, #4]
  85:Generated_Source\PSoC4/cyfitter_cfg.c **** 	(void)memcpy(dest, src, n);
  78              		.loc 1 85 0
  79 000c 7A68     		ldr	r2, [r7, #4]
  80 000e B968     		ldr	r1, [r7, #8]
  81 0010 FB68     		ldr	r3, [r7, #12]
  82 0012 1800     		movs	r0, r3
  83 0014 FFF7FEFF 		bl	memcpy
  86:Generated_Source\PSoC4/cyfitter_cfg.c **** }
  84              		.loc 1 86 0
  85 0018 C046     		nop
ARM GAS  C:\Users\K-Narf\AppData\Local\Temp\ccGUKUyJ.s 			page 4


  86 001a BD46     		mov	sp, r7
  87 001c 04B0     		add	sp, sp, #16
  88              		@ sp needed
  89 001e 80BD     		pop	{r7, pc}
  90              		.cfi_endproc
  91              	.LFE3:
  92              		.size	CYCONFIGCPY, .-CYCONFIGCPY
  93              		.section	.text.CYCONFIGCPYCODE,"ax",%progbits
  94              		.align	2
  95              		.code	16
  96              		.thumb_func
  97              		.type	CYCONFIGCPYCODE, %function
  98              	CYCONFIGCPYCODE:
  99              	.LFB4:
  87:Generated_Source\PSoC4/cyfitter_cfg.c **** CY_CFG_UNUSED
  88:Generated_Source\PSoC4/cyfitter_cfg.c **** static void CYCONFIGCPYCODE(void *dest, const void *src, size_t n);
  89:Generated_Source\PSoC4/cyfitter_cfg.c **** CY_CFG_UNUSED
  90:Generated_Source\PSoC4/cyfitter_cfg.c **** static void CYCONFIGCPYCODE(void *dest, const void *src, size_t n)
  91:Generated_Source\PSoC4/cyfitter_cfg.c **** {
 100              		.loc 1 91 0
 101              		.cfi_startproc
 102              		@ args = 0, pretend = 0, frame = 16
 103              		@ frame_needed = 1, uses_anonymous_args = 0
 104 0000 80B5     		push	{r7, lr}
 105              		.cfi_def_cfa_offset 8
 106              		.cfi_offset 7, -8
 107              		.cfi_offset 14, -4
 108 0002 84B0     		sub	sp, sp, #16
 109              		.cfi_def_cfa_offset 24
 110 0004 00AF     		add	r7, sp, #0
 111              		.cfi_def_cfa_register 7
 112 0006 F860     		str	r0, [r7, #12]
 113 0008 B960     		str	r1, [r7, #8]
 114 000a 7A60     		str	r2, [r7, #4]
  92:Generated_Source\PSoC4/cyfitter_cfg.c **** 	(void)memcpy(dest, src, n);
 115              		.loc 1 92 0
 116 000c 7A68     		ldr	r2, [r7, #4]
 117 000e B968     		ldr	r1, [r7, #8]
 118 0010 FB68     		ldr	r3, [r7, #12]
 119 0012 1800     		movs	r0, r3
 120 0014 FFF7FEFF 		bl	memcpy
  93:Generated_Source\PSoC4/cyfitter_cfg.c **** }
 121              		.loc 1 93 0
 122 0018 C046     		nop
 123 001a BD46     		mov	sp, r7
 124 001c 04B0     		add	sp, sp, #16
 125              		@ sp needed
 126 001e 80BD     		pop	{r7, pc}
 127              		.cfi_endproc
 128              	.LFE4:
 129              		.size	CYCONFIGCPYCODE, .-CYCONFIGCPYCODE
 130              		.section	.psocinit,"ax",%progbits
 131              		.align	2
 132              		.code	16
 133              		.thumb_func
 134              		.type	ClockSetup, %function
 135              	ClockSetup:
ARM GAS  C:\Users\K-Narf\AppData\Local\Temp\ccGUKUyJ.s 			page 5


 136              	.LFB5:
  94:Generated_Source\PSoC4/cyfitter_cfg.c **** 
  95:Generated_Source\PSoC4/cyfitter_cfg.c **** 
  96:Generated_Source\PSoC4/cyfitter_cfg.c **** 
  97:Generated_Source\PSoC4/cyfitter_cfg.c **** 
  98:Generated_Source\PSoC4/cyfitter_cfg.c **** /* Clock startup error codes                                                   */
  99:Generated_Source\PSoC4/cyfitter_cfg.c **** #define CYCLOCKSTART_NO_ERROR    0u
 100:Generated_Source\PSoC4/cyfitter_cfg.c **** #define CYCLOCKSTART_XTAL_ERROR  1u
 101:Generated_Source\PSoC4/cyfitter_cfg.c **** #define CYCLOCKSTART_32KHZ_ERROR 2u
 102:Generated_Source\PSoC4/cyfitter_cfg.c **** #define CYCLOCKSTART_PLL_ERROR   3u
 103:Generated_Source\PSoC4/cyfitter_cfg.c **** #define CYCLOCKSTART_FLL_ERROR   4u
 104:Generated_Source\PSoC4/cyfitter_cfg.c **** #define CYCLOCKSTART_WCO_ERROR   5u
 105:Generated_Source\PSoC4/cyfitter_cfg.c **** 
 106:Generated_Source\PSoC4/cyfitter_cfg.c **** 
 107:Generated_Source\PSoC4/cyfitter_cfg.c **** #ifdef CY_NEED_CYCLOCKSTARTUPERROR
 108:Generated_Source\PSoC4/cyfitter_cfg.c **** /*******************************************************************************
 109:Generated_Source\PSoC4/cyfitter_cfg.c **** * Function Name: CyClockStartupError
 110:Generated_Source\PSoC4/cyfitter_cfg.c **** ********************************************************************************
 111:Generated_Source\PSoC4/cyfitter_cfg.c **** * Summary:
 112:Generated_Source\PSoC4/cyfitter_cfg.c **** *  If an error is encountered during clock configuration (crystal startup error,
 113:Generated_Source\PSoC4/cyfitter_cfg.c **** *  PLL lock error, etc.), the system will end up here.  Unless reimplemented by
 114:Generated_Source\PSoC4/cyfitter_cfg.c **** *  the customer, this function will stop in an infinite loop.
 115:Generated_Source\PSoC4/cyfitter_cfg.c **** *
 116:Generated_Source\PSoC4/cyfitter_cfg.c **** * Parameters:
 117:Generated_Source\PSoC4/cyfitter_cfg.c **** *   void
 118:Generated_Source\PSoC4/cyfitter_cfg.c **** *
 119:Generated_Source\PSoC4/cyfitter_cfg.c **** * Return:
 120:Generated_Source\PSoC4/cyfitter_cfg.c **** *   void
 121:Generated_Source\PSoC4/cyfitter_cfg.c **** *
 122:Generated_Source\PSoC4/cyfitter_cfg.c **** *******************************************************************************/
 123:Generated_Source\PSoC4/cyfitter_cfg.c **** CY_CFG_UNUSED
 124:Generated_Source\PSoC4/cyfitter_cfg.c **** static void CyClockStartupError(uint8 errorCode);
 125:Generated_Source\PSoC4/cyfitter_cfg.c **** CY_CFG_UNUSED
 126:Generated_Source\PSoC4/cyfitter_cfg.c **** static void CyClockStartupError(uint8 errorCode)
 127:Generated_Source\PSoC4/cyfitter_cfg.c **** {
 128:Generated_Source\PSoC4/cyfitter_cfg.c ****     /* To remove the compiler warning if errorCode not used.                */
 129:Generated_Source\PSoC4/cyfitter_cfg.c ****     errorCode = errorCode;
 130:Generated_Source\PSoC4/cyfitter_cfg.c **** 
 131:Generated_Source\PSoC4/cyfitter_cfg.c ****     /* If we have a clock startup error (bad MHz crystal, PLL lock, etc.),  */
 132:Generated_Source\PSoC4/cyfitter_cfg.c ****     /* we will end up here to allow the customer to implement something to  */
 133:Generated_Source\PSoC4/cyfitter_cfg.c ****     /* deal with the clock condition.                                       */
 134:Generated_Source\PSoC4/cyfitter_cfg.c **** 
 135:Generated_Source\PSoC4/cyfitter_cfg.c **** #ifdef CY_CFG_CLOCK_STARTUP_ERROR_CALLBACK
 136:Generated_Source\PSoC4/cyfitter_cfg.c ****     CY_CFG_Clock_Startup_ErrorCallback();
 137:Generated_Source\PSoC4/cyfitter_cfg.c **** #else
 138:Generated_Source\PSoC4/cyfitter_cfg.c ****     /*  If not using CY_CFG_CLOCK_STARTUP_ERROR_CALLBACK, place your clock startup code here. */
 139:Generated_Source\PSoC4/cyfitter_cfg.c ****     /* `#START CyClockStartupError` */
 140:Generated_Source\PSoC4/cyfitter_cfg.c **** 
 141:Generated_Source\PSoC4/cyfitter_cfg.c **** 
 142:Generated_Source\PSoC4/cyfitter_cfg.c **** 
 143:Generated_Source\PSoC4/cyfitter_cfg.c ****     /* `#END` */
 144:Generated_Source\PSoC4/cyfitter_cfg.c **** 
 145:Generated_Source\PSoC4/cyfitter_cfg.c ****     while(1) {}
 146:Generated_Source\PSoC4/cyfitter_cfg.c **** #endif /* CY_CFG_CLOCK_STARTUP_ERROR_CALLBACK */
 147:Generated_Source\PSoC4/cyfitter_cfg.c **** }
 148:Generated_Source\PSoC4/cyfitter_cfg.c **** #endif
 149:Generated_Source\PSoC4/cyfitter_cfg.c **** 
ARM GAS  C:\Users\K-Narf\AppData\Local\Temp\ccGUKUyJ.s 			page 6


 150:Generated_Source\PSoC4/cyfitter_cfg.c **** 
 151:Generated_Source\PSoC4/cyfitter_cfg.c **** 
 152:Generated_Source\PSoC4/cyfitter_cfg.c **** /*******************************************************************************
 153:Generated_Source\PSoC4/cyfitter_cfg.c **** * Function Name: ClockSetup
 154:Generated_Source\PSoC4/cyfitter_cfg.c **** ********************************************************************************
 155:Generated_Source\PSoC4/cyfitter_cfg.c **** *
 156:Generated_Source\PSoC4/cyfitter_cfg.c **** * Summary:
 157:Generated_Source\PSoC4/cyfitter_cfg.c **** *   Performs the initialization of all of the clocks in the device based on the
 158:Generated_Source\PSoC4/cyfitter_cfg.c **** *   settings in the Clock tab of the DWR.  This includes enabling the requested
 159:Generated_Source\PSoC4/cyfitter_cfg.c **** *   clocks and setting the necessary dividers to produce the desired frequency. 
 160:Generated_Source\PSoC4/cyfitter_cfg.c **** *
 161:Generated_Source\PSoC4/cyfitter_cfg.c **** * Parameters:
 162:Generated_Source\PSoC4/cyfitter_cfg.c **** *   void
 163:Generated_Source\PSoC4/cyfitter_cfg.c **** *
 164:Generated_Source\PSoC4/cyfitter_cfg.c **** * Return:
 165:Generated_Source\PSoC4/cyfitter_cfg.c **** *   void
 166:Generated_Source\PSoC4/cyfitter_cfg.c **** *
 167:Generated_Source\PSoC4/cyfitter_cfg.c **** *******************************************************************************/
 168:Generated_Source\PSoC4/cyfitter_cfg.c **** static void ClockSetup(void);
 169:Generated_Source\PSoC4/cyfitter_cfg.c **** CY_CFG_SECTION
 170:Generated_Source\PSoC4/cyfitter_cfg.c **** static void ClockSetup(void)
 171:Generated_Source\PSoC4/cyfitter_cfg.c **** {
 137              		.loc 1 171 0
 138              		.cfi_startproc
 139              		@ args = 0, pretend = 0, frame = 0
 140              		@ frame_needed = 1, uses_anonymous_args = 0
 141 0000 80B5     		push	{r7, lr}
 142              		.cfi_def_cfa_offset 8
 143              		.cfi_offset 7, -8
 144              		.cfi_offset 14, -4
 145 0002 00AF     		add	r7, sp, #0
 146              		.cfi_def_cfa_register 7
 172:Generated_Source\PSoC4/cyfitter_cfg.c **** 
 173:Generated_Source\PSoC4/cyfitter_cfg.c **** 	/* Set Flash Cycles based on max possible frequency in case a glitch occurs during ClockSetup(). *
 174:Generated_Source\PSoC4/cyfitter_cfg.c **** 	CY_SET_REG32((void CYXDATA *)(CYREG_CPUSS_FLASH_CTL), (0x0012u));
 147              		.loc 1 174 0
 148 0004 234B     		ldr	r3, .L5
 149 0006 1222     		movs	r2, #18
 150 0008 1A60     		str	r2, [r3]
 175:Generated_Source\PSoC4/cyfitter_cfg.c **** 
 176:Generated_Source\PSoC4/cyfitter_cfg.c **** 	/* Start the WCO */
 177:Generated_Source\PSoC4/cyfitter_cfg.c **** 	CySysClkWcoStart();
 151              		.loc 1 177 0
 152 000a FFF7FEFF 		bl	CySysClkWcoStart
 178:Generated_Source\PSoC4/cyfitter_cfg.c **** 	CyDelayCycles(12000000u); /* WCO may take up to 500ms to start */
 153              		.loc 1 178 0
 154 000e 224B     		ldr	r3, .L5+4
 155 0010 1800     		movs	r0, r3
 156 0012 FFF7FEFF 		bl	CyDelayCycles
 179:Generated_Source\PSoC4/cyfitter_cfg.c **** 	(void)CySysClkWcoSetPowerMode(CY_SYS_CLK_WCO_LPM);    /* Switch to the low power mode */
 157              		.loc 1 179 0
 158 0016 0120     		movs	r0, #1
 159 0018 FFF7FEFF 		bl	CySysClkWcoSetPowerMode
 180:Generated_Source\PSoC4/cyfitter_cfg.c **** 
 181:Generated_Source\PSoC4/cyfitter_cfg.c **** 	/* Setup and trim IMO based on desired frequency. */
 182:Generated_Source\PSoC4/cyfitter_cfg.c **** 	CySysClkWriteImoFreq(48u);
 160              		.loc 1 182 0
ARM GAS  C:\Users\K-Narf\AppData\Local\Temp\ccGUKUyJ.s 			page 7


 161 001c 3020     		movs	r0, #48
 162 001e FFF7FEFF 		bl	CySysClkWriteImoFreq
 183:Generated_Source\PSoC4/cyfitter_cfg.c **** 	/* CYDEV_CLK_ILO_CONFIG Starting address: CYDEV_CLK_ILO_CONFIG */
 184:Generated_Source\PSoC4/cyfitter_cfg.c **** 	CY_SET_REG32((void *)(CYREG_CLK_ILO_CONFIG), 0x80000006u);
 163              		.loc 1 184 0
 164 0022 1E4B     		ldr	r3, .L5+8
 165 0024 1E4A     		ldr	r2, .L5+12
 166 0026 1A60     		str	r2, [r3]
 185:Generated_Source\PSoC4/cyfitter_cfg.c **** 
 186:Generated_Source\PSoC4/cyfitter_cfg.c **** 	/* CYDEV_WDT_CONFIG Starting address: CYDEV_WDT_CONFIG */
 187:Generated_Source\PSoC4/cyfitter_cfg.c **** 	CY_SET_REG32((void *)(CYREG_WDT_CONFIG), 0x40000000u);
 167              		.loc 1 187 0
 168 0028 1E4B     		ldr	r3, .L5+16
 169 002a 8022     		movs	r2, #128
 170 002c D205     		lsls	r2, r2, #23
 171 002e 1A60     		str	r2, [r3]
 188:Generated_Source\PSoC4/cyfitter_cfg.c **** 
 189:Generated_Source\PSoC4/cyfitter_cfg.c **** 
 190:Generated_Source\PSoC4/cyfitter_cfg.c **** 	/* Enable fast start mode for XO */
 191:Generated_Source\PSoC4/cyfitter_cfg.c **** 	CY_SET_REG32((void*)CYREG_BLE_BLERD_BB_XO, CY_GET_REG32((void*)CYREG_BLE_BLERD_BB_XO) | (uint32)0x
 172              		.loc 1 191 0
 173 0030 1D4B     		ldr	r3, .L5+20
 174 0032 1D4A     		ldr	r2, .L5+20
 175 0034 1268     		ldr	r2, [r2]
 176 0036 0221     		movs	r1, #2
 177 0038 0A43     		orrs	r2, r1
 178 003a 1A60     		str	r2, [r3]
 192:Generated_Source\PSoC4/cyfitter_cfg.c **** 	CY_SET_REG32((void *)(CYREG_BLE_BLERD_BB_XO_CAPTRIM), 0x0000BCBCu);
 179              		.loc 1 192 0
 180 003c 1B4B     		ldr	r3, .L5+24
 181 003e 1C4A     		ldr	r2, .L5+28
 182 0040 1A60     		str	r2, [r3]
 193:Generated_Source\PSoC4/cyfitter_cfg.c **** 	/*Set XTAL(ECO) divider*/
 194:Generated_Source\PSoC4/cyfitter_cfg.c **** 	CY_SET_REG32((void *)(CYREG_BLE_BLESS_XTAL_CLK_DIV_CONFIG), 0x00000000u);
 183              		.loc 1 194 0
 184 0042 1C4B     		ldr	r3, .L5+32
 185 0044 0022     		movs	r2, #0
 186 0046 1A60     		str	r2, [r3]
 195:Generated_Source\PSoC4/cyfitter_cfg.c **** 	/* Disable Crystal Stable Interrupt before enabling ECO */
 196:Generated_Source\PSoC4/cyfitter_cfg.c **** 	CY_SET_REG32((void*)CYREG_BLE_BLESS_LL_DSM_CTRL, CY_GET_REG32((void*)CYREG_BLE_BLESS_LL_DSM_CTRL) 
 187              		.loc 1 196 0
 188 0048 1B4B     		ldr	r3, .L5+36
 189 004a 1B4A     		ldr	r2, .L5+36
 190 004c 1268     		ldr	r2, [r2]
 191 004e 0821     		movs	r1, #8
 192 0050 8A43     		bics	r2, r1
 193 0052 1A60     		str	r2, [r3]
 197:Generated_Source\PSoC4/cyfitter_cfg.c **** 	/* Start the ECO and do not check status since it is not needed for HFCLK */
 198:Generated_Source\PSoC4/cyfitter_cfg.c **** 	(void)CySysClkEcoStart(2000u);
 194              		.loc 1 198 0
 195 0054 FA23     		movs	r3, #250
 196 0056 DB00     		lsls	r3, r3, #3
 197 0058 1800     		movs	r0, r3
 198 005a FFF7FEFF 		bl	CySysClkEcoStart
 199:Generated_Source\PSoC4/cyfitter_cfg.c **** 	CyDelayUs(1500u); /* Wait to stabilize */
 199              		.loc 1 199 0
 200 005e 174B     		ldr	r3, .L5+40
ARM GAS  C:\Users\K-Narf\AppData\Local\Temp\ccGUKUyJ.s 			page 8


 201 0060 1800     		movs	r0, r3
 202 0062 FFF7FEFF 		bl	CyDelayUs
 200:Generated_Source\PSoC4/cyfitter_cfg.c **** 
 201:Generated_Source\PSoC4/cyfitter_cfg.c **** 	/* Setup phase aligned clocks */
 202:Generated_Source\PSoC4/cyfitter_cfg.c **** 
 203:Generated_Source\PSoC4/cyfitter_cfg.c **** 	/* CYDEV_CLK_IMO_CONFIG Starting address: CYDEV_CLK_IMO_CONFIG */
 204:Generated_Source\PSoC4/cyfitter_cfg.c **** 	CY_SET_REG32((void *)(CYREG_CLK_IMO_CONFIG), 0x80000000u);
 203              		.loc 1 204 0
 204 0066 164B     		ldr	r3, .L5+44
 205 0068 8022     		movs	r2, #128
 206 006a 1206     		lsls	r2, r2, #24
 207 006c 1A60     		str	r2, [r3]
 205:Generated_Source\PSoC4/cyfitter_cfg.c **** 
 206:Generated_Source\PSoC4/cyfitter_cfg.c **** 	/* CYDEV_CLK_SELECT Starting address: CYDEV_CLK_SELECT */
 207:Generated_Source\PSoC4/cyfitter_cfg.c **** 	CY_SET_REG32((void *)(CYREG_CLK_SELECT), 0x00040000u);
 208              		.loc 1 207 0
 209 006e 154B     		ldr	r3, .L5+48
 210 0070 8022     		movs	r2, #128
 211 0072 D202     		lsls	r2, r2, #11
 212 0074 1A60     		str	r2, [r3]
 208:Generated_Source\PSoC4/cyfitter_cfg.c **** 
 209:Generated_Source\PSoC4/cyfitter_cfg.c **** 	(void)CyIntSetVector(8u, &CySysWdtIsr);
 213              		.loc 1 209 0
 214 0076 144B     		ldr	r3, .L5+52
 215 0078 1900     		movs	r1, r3
 216 007a 0820     		movs	r0, #8
 217 007c FFF7FEFF 		bl	CyIntSetVector
 210:Generated_Source\PSoC4/cyfitter_cfg.c **** 	CyIntEnable(8u);
 218              		.loc 1 210 0
 219 0080 0820     		movs	r0, #8
 220 0082 FFF7FEFF 		bl	CyIntEnable
 211:Generated_Source\PSoC4/cyfitter_cfg.c **** 	CY_SET_REG32((void *)(CYREG_WDT_CONFIG), 0x40000000u);
 221              		.loc 1 211 0
 222 0086 074B     		ldr	r3, .L5+16
 223 0088 8022     		movs	r2, #128
 224 008a D205     		lsls	r2, r2, #23
 225 008c 1A60     		str	r2, [r3]
 212:Generated_Source\PSoC4/cyfitter_cfg.c **** }
 226              		.loc 1 212 0
 227 008e C046     		nop
 228 0090 BD46     		mov	sp, r7
 229              		@ sp needed
 230 0092 80BD     		pop	{r7, pc}
 231              	.L6:
 232              		.align	2
 233              	.L5:
 234 0094 30001040 		.word	1074790448
 235 0098 001BB700 		.word	12000000
 236 009c 04010B40 		.word	1074462980
 237 00a0 06000080 		.word	-2147483642
 238 00a4 0C020B40 		.word	1074463244
 239 00a8 78002E40 		.word	1076756600
 240 00ac 7C002E40 		.word	1076756604
 241 00b0 BCBC0000 		.word	48316
 242 00b4 64F02E40 		.word	1076818020
 243 00b8 6CF02E40 		.word	1076818028
 244 00bc DC050000 		.word	1500
ARM GAS  C:\Users\K-Narf\AppData\Local\Temp\ccGUKUyJ.s 			page 9


 245 00c0 08010B40 		.word	1074462984
 246 00c4 00010B40 		.word	1074462976
 247 00c8 00000000 		.word	CySysWdtIsr
 248              		.cfi_endproc
 249              	.LFE5:
 250              		.size	ClockSetup, .-ClockSetup
 251              		.section	.text.AnalogSetDefault,"ax",%progbits
 252              		.align	2
 253              		.code	16
 254              		.thumb_func
 255              		.type	AnalogSetDefault, %function
 256              	AnalogSetDefault:
 257              	.LFB6:
 213:Generated_Source\PSoC4/cyfitter_cfg.c **** 
 214:Generated_Source\PSoC4/cyfitter_cfg.c **** 
 215:Generated_Source\PSoC4/cyfitter_cfg.c **** /* Analog API Functions */
 216:Generated_Source\PSoC4/cyfitter_cfg.c **** 
 217:Generated_Source\PSoC4/cyfitter_cfg.c **** 
 218:Generated_Source\PSoC4/cyfitter_cfg.c **** /*******************************************************************************
 219:Generated_Source\PSoC4/cyfitter_cfg.c **** * Function Name: AnalogSetDefault
 220:Generated_Source\PSoC4/cyfitter_cfg.c **** ********************************************************************************
 221:Generated_Source\PSoC4/cyfitter_cfg.c **** *
 222:Generated_Source\PSoC4/cyfitter_cfg.c **** * Summary:
 223:Generated_Source\PSoC4/cyfitter_cfg.c **** *  Sets up the analog portions of the chip to default values based on chip
 224:Generated_Source\PSoC4/cyfitter_cfg.c **** *  configuration options from the project.
 225:Generated_Source\PSoC4/cyfitter_cfg.c **** *
 226:Generated_Source\PSoC4/cyfitter_cfg.c **** * Parameters:
 227:Generated_Source\PSoC4/cyfitter_cfg.c **** *  void
 228:Generated_Source\PSoC4/cyfitter_cfg.c **** *
 229:Generated_Source\PSoC4/cyfitter_cfg.c **** * Return:
 230:Generated_Source\PSoC4/cyfitter_cfg.c **** *  void
 231:Generated_Source\PSoC4/cyfitter_cfg.c **** *
 232:Generated_Source\PSoC4/cyfitter_cfg.c **** *******************************************************************************/
 233:Generated_Source\PSoC4/cyfitter_cfg.c **** static void AnalogSetDefault(void);
 234:Generated_Source\PSoC4/cyfitter_cfg.c **** static void AnalogSetDefault(void)
 235:Generated_Source\PSoC4/cyfitter_cfg.c **** {
 258              		.loc 1 235 0
 259              		.cfi_startproc
 260              		@ args = 0, pretend = 0, frame = 0
 261              		@ frame_needed = 1, uses_anonymous_args = 0
 262 0000 80B5     		push	{r7, lr}
 263              		.cfi_def_cfa_offset 8
 264              		.cfi_offset 7, -8
 265              		.cfi_offset 14, -4
 266 0002 00AF     		add	r7, sp, #0
 267              		.cfi_def_cfa_register 7
 236:Generated_Source\PSoC4/cyfitter_cfg.c **** 	CY_SET_XTND_REG32((void CYFAR *)CYREG_CTBM0_DFT_CTRL, 0x00000003u);
 268              		.loc 1 236 0
 269 0004 054B     		ldr	r3, .L8
 270 0006 0322     		movs	r2, #3
 271 0008 1A60     		str	r2, [r3]
 237:Generated_Source\PSoC4/cyfitter_cfg.c **** 	CY_SET_XTND_REG32((void CYFAR *)CYREG_CTBM1_DFT_CTRL, 0x00000003u);
 272              		.loc 1 237 0
 273 000a 054B     		ldr	r3, .L8+4
 274 000c 0322     		movs	r2, #3
 275 000e 1A60     		str	r2, [r3]
 238:Generated_Source\PSoC4/cyfitter_cfg.c **** 	CY_SET_XTND_REG32((void CYFAR *)CYREG_PASS_DSAB_DSAB_CTRL, 0x00000000u);
ARM GAS  C:\Users\K-Narf\AppData\Local\Temp\ccGUKUyJ.s 			page 10


 276              		.loc 1 238 0
 277 0010 044B     		ldr	r3, .L8+8
 278 0012 0022     		movs	r2, #0
 279 0014 1A60     		str	r2, [r3]
 239:Generated_Source\PSoC4/cyfitter_cfg.c **** }
 280              		.loc 1 239 0
 281 0016 C046     		nop
 282 0018 BD46     		mov	sp, r7
 283              		@ sp needed
 284 001a 80BD     		pop	{r7, pc}
 285              	.L9:
 286              		.align	2
 287              	.L8:
 288 001c 30003040 		.word	1076887600
 289 0020 30003140 		.word	1076953136
 290 0024 000E3F40 		.word	1077874176
 291              		.cfi_endproc
 292              	.LFE6:
 293              		.size	AnalogSetDefault, .-AnalogSetDefault
 294              		.section	.psocinit
 295              		.align	2
 296              		.global	cyfitter_cfg
 297              		.code	16
 298              		.thumb_func
 299              		.type	cyfitter_cfg, %function
 300              	cyfitter_cfg:
 301              	.LFB7:
 240:Generated_Source\PSoC4/cyfitter_cfg.c **** 
 241:Generated_Source\PSoC4/cyfitter_cfg.c **** 
 242:Generated_Source\PSoC4/cyfitter_cfg.c **** 
 243:Generated_Source\PSoC4/cyfitter_cfg.c **** 
 244:Generated_Source\PSoC4/cyfitter_cfg.c **** /*******************************************************************************
 245:Generated_Source\PSoC4/cyfitter_cfg.c **** * Function Name: cyfitter_cfg
 246:Generated_Source\PSoC4/cyfitter_cfg.c **** ********************************************************************************
 247:Generated_Source\PSoC4/cyfitter_cfg.c **** * Summary:
 248:Generated_Source\PSoC4/cyfitter_cfg.c **** *  This function is called by the start-up code for the selected device. It
 249:Generated_Source\PSoC4/cyfitter_cfg.c **** *  performs all of the necessary device configuration based on the design
 250:Generated_Source\PSoC4/cyfitter_cfg.c **** *  settings.  This includes settings from the Design Wide Resources (DWR) such
 251:Generated_Source\PSoC4/cyfitter_cfg.c **** *  as Clocks and Pins as well as any component configuration that is necessary.
 252:Generated_Source\PSoC4/cyfitter_cfg.c **** *
 253:Generated_Source\PSoC4/cyfitter_cfg.c **** * Parameters:
 254:Generated_Source\PSoC4/cyfitter_cfg.c **** *   void
 255:Generated_Source\PSoC4/cyfitter_cfg.c **** *
 256:Generated_Source\PSoC4/cyfitter_cfg.c **** * Return:
 257:Generated_Source\PSoC4/cyfitter_cfg.c **** *   void
 258:Generated_Source\PSoC4/cyfitter_cfg.c **** *
 259:Generated_Source\PSoC4/cyfitter_cfg.c **** *******************************************************************************/
 260:Generated_Source\PSoC4/cyfitter_cfg.c **** CY_CFG_SECTION
 261:Generated_Source\PSoC4/cyfitter_cfg.c **** void cyfitter_cfg(void)
 262:Generated_Source\PSoC4/cyfitter_cfg.c **** {
 302              		.loc 1 262 0
 303              		.cfi_startproc
 304              		@ args = 0, pretend = 0, frame = 8
 305              		@ frame_needed = 1, uses_anonymous_args = 0
 306 00cc 80B5     		push	{r7, lr}
 307              		.cfi_def_cfa_offset 8
 308              		.cfi_offset 7, -8
ARM GAS  C:\Users\K-Narf\AppData\Local\Temp\ccGUKUyJ.s 			page 11


 309              		.cfi_offset 14, -4
 310 00ce 82B0     		sub	sp, sp, #8
 311              		.cfi_def_cfa_offset 16
 312 00d0 00AF     		add	r7, sp, #0
 313              		.cfi_def_cfa_register 7
 263:Generated_Source\PSoC4/cyfitter_cfg.c **** 	/* Disable interrupts by default. Let user enable if/when they want. */
 264:Generated_Source\PSoC4/cyfitter_cfg.c **** 	CyGlobalIntDisable;
 314              		.loc 1 264 0
 315              		.syntax divided
 316              	@ 264 "Generated_Source\PSoC4\cyfitter_cfg.c" 1
 317 00d2 72B6     		CPSID   i
 318              	@ 0 "" 2
 265:Generated_Source\PSoC4/cyfitter_cfg.c **** 
 266:Generated_Source\PSoC4/cyfitter_cfg.c **** 	CY_SET_REG32((void *)(CYREG_BLE_BLESS_LL_DSM_CTRL), 0x00000000u);
 319              		.loc 1 266 0
 320              		.thumb
 321              		.syntax unified
 322 00d4 2D4B     		ldr	r3, .L13
 323 00d6 0022     		movs	r2, #0
 324 00d8 1A60     		str	r2, [r3]
 325              	.LBB2:
 267:Generated_Source\PSoC4/cyfitter_cfg.c **** 
 268:Generated_Source\PSoC4/cyfitter_cfg.c **** 	{
 269:Generated_Source\PSoC4/cyfitter_cfg.c **** 
 270:Generated_Source\PSoC4/cyfitter_cfg.c **** 		CYPACKED typedef struct {
 271:Generated_Source\PSoC4/cyfitter_cfg.c **** 			void CYFAR *address;
 272:Generated_Source\PSoC4/cyfitter_cfg.c **** 			uint16 size;
 273:Generated_Source\PSoC4/cyfitter_cfg.c **** 		} CYPACKED_ATTR cfg_memset_t;
 274:Generated_Source\PSoC4/cyfitter_cfg.c **** 
 275:Generated_Source\PSoC4/cyfitter_cfg.c **** 		static const cfg_memset_t CYCODE cfg_memset_list[] = {
 276:Generated_Source\PSoC4/cyfitter_cfg.c **** 			/* address, size */
 277:Generated_Source\PSoC4/cyfitter_cfg.c **** 			{(void CYFAR *)(CYDEV_UDB_P0_U0_BASE), 1024u},
 278:Generated_Source\PSoC4/cyfitter_cfg.c **** 			{(void CYFAR *)(CYDEV_UDB_DSI0_BASE), 1024u},
 279:Generated_Source\PSoC4/cyfitter_cfg.c **** 		};
 280:Generated_Source\PSoC4/cyfitter_cfg.c **** 
 281:Generated_Source\PSoC4/cyfitter_cfg.c **** 		uint8 CYDATA i;
 282:Generated_Source\PSoC4/cyfitter_cfg.c **** 
 283:Generated_Source\PSoC4/cyfitter_cfg.c **** 		/* Zero out critical memory blocks before beginning configuration */
 284:Generated_Source\PSoC4/cyfitter_cfg.c **** 		for (i = 0u; i < (sizeof(cfg_memset_list)/sizeof(cfg_memset_list[0])); i++)
 326              		.loc 1 284 0
 327 00da FB1D     		adds	r3, r7, #7
 328 00dc 0022     		movs	r2, #0
 329 00de 1A70     		strb	r2, [r3]
 330 00e0 22E0     		b	.L11
 331              	.L12:
 332              	.LBB3:
 285:Generated_Source\PSoC4/cyfitter_cfg.c **** 		{
 286:Generated_Source\PSoC4/cyfitter_cfg.c **** 			const cfg_memset_t CYCODE * CYDATA ms = &cfg_memset_list[i];
 333              		.loc 1 286 0 discriminator 3
 334 00e2 FB1D     		adds	r3, r7, #7
 335 00e4 1A78     		ldrb	r2, [r3]
 336 00e6 1300     		movs	r3, r2
 337 00e8 5B00     		lsls	r3, r3, #1
 338 00ea 9B18     		adds	r3, r3, r2
 339 00ec 5B00     		lsls	r3, r3, #1
 340 00ee 284A     		ldr	r2, .L13+4
 341 00f0 9B18     		adds	r3, r3, r2
ARM GAS  C:\Users\K-Narf\AppData\Local\Temp\ccGUKUyJ.s 			page 12


 342 00f2 3B60     		str	r3, [r7]
 287:Generated_Source\PSoC4/cyfitter_cfg.c **** 			CYMEMZERO(ms->address, (size_t)(uint32)(ms->size));
 343              		.loc 1 287 0 discriminator 3
 344 00f4 3B68     		ldr	r3, [r7]
 345 00f6 1A78     		ldrb	r2, [r3]
 346 00f8 5978     		ldrb	r1, [r3, #1]
 347 00fa 0902     		lsls	r1, r1, #8
 348 00fc 0A43     		orrs	r2, r1
 349 00fe 9978     		ldrb	r1, [r3, #2]
 350 0100 0904     		lsls	r1, r1, #16
 351 0102 0A43     		orrs	r2, r1
 352 0104 DB78     		ldrb	r3, [r3, #3]
 353 0106 1B06     		lsls	r3, r3, #24
 354 0108 1343     		orrs	r3, r2
 355 010a 1800     		movs	r0, r3
 356 010c 3B68     		ldr	r3, [r7]
 357 010e 1A79     		ldrb	r2, [r3, #4]
 358 0110 5B79     		ldrb	r3, [r3, #5]
 359 0112 1B02     		lsls	r3, r3, #8
 360 0114 1343     		orrs	r3, r2
 361 0116 9BB2     		uxth	r3, r3
 362 0118 1900     		movs	r1, r3
 363 011a FFF7FEFF 		bl	CYMEMZERO
 364              	.LBE3:
 284:Generated_Source\PSoC4/cyfitter_cfg.c **** 		{
 365              		.loc 1 284 0 discriminator 3
 366 011e FB1D     		adds	r3, r7, #7
 367 0120 1A78     		ldrb	r2, [r3]
 368 0122 FB1D     		adds	r3, r7, #7
 369 0124 0132     		adds	r2, r2, #1
 370 0126 1A70     		strb	r2, [r3]
 371              	.L11:
 284:Generated_Source\PSoC4/cyfitter_cfg.c **** 		{
 372              		.loc 1 284 0 is_stmt 0 discriminator 1
 373 0128 FB1D     		adds	r3, r7, #7
 374 012a 1B78     		ldrb	r3, [r3]
 375 012c 012B     		cmp	r3, #1
 376 012e D8D9     		bls	.L12
 288:Generated_Source\PSoC4/cyfitter_cfg.c **** 		}
 289:Generated_Source\PSoC4/cyfitter_cfg.c **** 
 290:Generated_Source\PSoC4/cyfitter_cfg.c **** 		/* HSIOM Starting address: CYDEV_HSIOM_BASE */
 291:Generated_Source\PSoC4/cyfitter_cfg.c **** 		CY_SET_REG32((void *)(CYDEV_HSIOM_BASE), 0xEE000000u);
 377              		.loc 1 291 0 is_stmt 1
 378 0130 184B     		ldr	r3, .L13+8
 379 0132 EE22     		movs	r2, #238
 380 0134 1206     		lsls	r2, r2, #24
 381 0136 1A60     		str	r2, [r3]
 292:Generated_Source\PSoC4/cyfitter_cfg.c **** 
 293:Generated_Source\PSoC4/cyfitter_cfg.c **** 		/* UDB_PA_0 Starting address: CYDEV_UDB_PA0_BASE */
 294:Generated_Source\PSoC4/cyfitter_cfg.c **** 		CY_SET_REG32((void *)(CYDEV_UDB_PA0_BASE), 0x00990000u);
 382              		.loc 1 294 0
 383 0138 174B     		ldr	r3, .L13+12
 384 013a 9922     		movs	r2, #153
 385 013c 1204     		lsls	r2, r2, #16
 386 013e 1A60     		str	r2, [r3]
 295:Generated_Source\PSoC4/cyfitter_cfg.c **** 
 296:Generated_Source\PSoC4/cyfitter_cfg.c **** 		/* UDB_PA_3 Starting address: CYDEV_UDB_PA3_BASE */
ARM GAS  C:\Users\K-Narf\AppData\Local\Temp\ccGUKUyJ.s 			page 13


 297:Generated_Source\PSoC4/cyfitter_cfg.c **** 		CY_SET_REG32((void *)(CYDEV_UDB_PA3_BASE), 0x00990000u);
 387              		.loc 1 297 0
 388 0140 164B     		ldr	r3, .L13+16
 389 0142 9922     		movs	r2, #153
 390 0144 1204     		lsls	r2, r2, #16
 391 0146 1A60     		str	r2, [r3]
 298:Generated_Source\PSoC4/cyfitter_cfg.c **** 
 299:Generated_Source\PSoC4/cyfitter_cfg.c **** 		/* Enable digital routing */
 300:Generated_Source\PSoC4/cyfitter_cfg.c **** 		CY_SET_XTND_REG8((void *)CYREG_UDB_UDBIF_BANK_CTL, (uint8)(CY_GET_XTND_REG8((void *)CYREG_UDB_UDB
 392              		.loc 1 300 0
 393 0148 154A     		ldr	r2, .L13+20
 394 014a 154B     		ldr	r3, .L13+20
 395 014c 1B78     		ldrb	r3, [r3]
 396 014e DBB2     		uxtb	r3, r3
 397 0150 0621     		movs	r1, #6
 398 0152 0B43     		orrs	r3, r1
 399 0154 DBB2     		uxtb	r3, r3
 400 0156 1370     		strb	r3, [r2]
 401              	.LBE2:
 301:Generated_Source\PSoC4/cyfitter_cfg.c **** 	}
 302:Generated_Source\PSoC4/cyfitter_cfg.c **** 
 303:Generated_Source\PSoC4/cyfitter_cfg.c **** 	/* Perform second pass device configuration. These items must be configured in specific order afte
 304:Generated_Source\PSoC4/cyfitter_cfg.c **** 	/* IOPINS0_0 Starting address: CYDEV_GPIO_PRT0_BASE */
 305:Generated_Source\PSoC4/cyfitter_cfg.c **** 	CY_SET_REG32((void *)(CYREG_GPIO_PRT0_PC), 0x00D80000u);
 402              		.loc 1 305 0
 403 0158 124B     		ldr	r3, .L13+24
 404 015a D822     		movs	r2, #216
 405 015c 1204     		lsls	r2, r2, #16
 406 015e 1A60     		str	r2, [r3]
 306:Generated_Source\PSoC4/cyfitter_cfg.c **** 
 307:Generated_Source\PSoC4/cyfitter_cfg.c **** 	/* IOPINS0_3 Starting address: CYDEV_GPIO_PRT3_BASE */
 308:Generated_Source\PSoC4/cyfitter_cfg.c **** 	CY_SET_REG32((void *)(CYDEV_GPIO_PRT3_BASE), 0x000000C0u);
 407              		.loc 1 308 0
 408 0160 114B     		ldr	r3, .L13+28
 409 0162 C022     		movs	r2, #192
 410 0164 1A60     		str	r2, [r3]
 309:Generated_Source\PSoC4/cyfitter_cfg.c **** 	CY_SET_REG32((void *)(CYREG_GPIO_PRT3_PC), 0x00D80000u);
 411              		.loc 1 309 0
 412 0166 114B     		ldr	r3, .L13+32
 413 0168 D822     		movs	r2, #216
 414 016a 1204     		lsls	r2, r2, #16
 415 016c 1A60     		str	r2, [r3]
 310:Generated_Source\PSoC4/cyfitter_cfg.c **** 
 311:Generated_Source\PSoC4/cyfitter_cfg.c **** 	/* IOPINS0_4 Starting address: CYDEV_GPIO_PRT4_BASE */
 312:Generated_Source\PSoC4/cyfitter_cfg.c **** 	CY_SET_REG32((void *)(CYDEV_GPIO_PRT4_BASE), 0x00000001u);
 416              		.loc 1 312 0
 417 016e 104B     		ldr	r3, .L13+36
 418 0170 0122     		movs	r2, #1
 419 0172 1A60     		str	r2, [r3]
 313:Generated_Source\PSoC4/cyfitter_cfg.c **** 	CY_SET_REG32((void *)(CYREG_GPIO_PRT4_PC), 0x00000006u);
 420              		.loc 1 313 0
 421 0174 0F4B     		ldr	r3, .L13+40
 422 0176 0622     		movs	r2, #6
 423 0178 1A60     		str	r2, [r3]
 314:Generated_Source\PSoC4/cyfitter_cfg.c **** 
 315:Generated_Source\PSoC4/cyfitter_cfg.c **** 
 316:Generated_Source\PSoC4/cyfitter_cfg.c **** 	/* Setup clocks based on selections from Clock DWR */
ARM GAS  C:\Users\K-Narf\AppData\Local\Temp\ccGUKUyJ.s 			page 14


 317:Generated_Source\PSoC4/cyfitter_cfg.c **** 	ClockSetup();
 424              		.loc 1 317 0
 425 017a FFF741FF 		bl	ClockSetup
 318:Generated_Source\PSoC4/cyfitter_cfg.c **** 
 319:Generated_Source\PSoC4/cyfitter_cfg.c **** 	/* Perform basic analog initialization to defaults */
 320:Generated_Source\PSoC4/cyfitter_cfg.c **** 	AnalogSetDefault();
 426              		.loc 1 320 0
 427 017e FFF7FEFF 		bl	AnalogSetDefault
 321:Generated_Source\PSoC4/cyfitter_cfg.c **** 
 322:Generated_Source\PSoC4/cyfitter_cfg.c **** }
 428              		.loc 1 322 0
 429 0182 C046     		nop
 430 0184 BD46     		mov	sp, r7
 431 0186 02B0     		add	sp, sp, #8
 432              		@ sp needed
 433 0188 80BD     		pop	{r7, pc}
 434              	.L14:
 435 018a C046     		.align	2
 436              	.L13:
 437 018c 6CF02E40 		.word	1076818028
 438 0190 00000000 		.word	cfg_memset_list.4884
 439 0194 00000240 		.word	1073872896
 440 0198 00500F40 		.word	1074745344
 441 019c 30500F40 		.word	1074745392
 442 01a0 00700F40 		.word	1074753536
 443 01a4 08000440 		.word	1074003976
 444 01a8 00030440 		.word	1074004736
 445 01ac 08030440 		.word	1074004744
 446 01b0 00040440 		.word	1074004992
 447 01b4 08040440 		.word	1074005000
 448              		.cfi_endproc
 449              	.LFE7:
 450              		.size	cyfitter_cfg, .-cyfitter_cfg
 451              		.section	.rodata
 452              		.align	2
 453              		.type	cfg_memset_list.4884, %object
 454              		.size	cfg_memset_list.4884, 12
 455              	cfg_memset_list.4884:
 456 0000 00300F40 		.word	1074737152
 457 0004 0004     		.short	1024
 458 0006 00400F40 		.4byte	1074741248
 459 000a 0004     		.short	1024
 460              		.text
 461              	.Letext0:
 462              		.file 2 "c:\\program files (x86)\\cypress\\psoc creator\\4.2\\psoc creator\\import\\gnu\\arm\\5.4.
 463              		.file 3 "Generated_Source\\PSoC4\\cytypes.h"
 464              		.section	.debug_info,"",%progbits
 465              	.Ldebug_info0:
 466 0000 55020000 		.4byte	0x255
 467 0004 0400     		.2byte	0x4
 468 0006 00000000 		.4byte	.Ldebug_abbrev0
 469 000a 04       		.byte	0x4
 470 000b 01       		.uleb128 0x1
 471 000c 95000000 		.4byte	.LASF30
 472 0010 0C       		.byte	0xc
 473 0011 17020000 		.4byte	.LASF31
 474 0015 68010000 		.4byte	.LASF32
ARM GAS  C:\Users\K-Narf\AppData\Local\Temp\ccGUKUyJ.s 			page 15


 475 0019 00000000 		.4byte	.Ldebug_ranges0+0
 476 001d 00000000 		.4byte	0
 477 0021 00000000 		.4byte	.Ldebug_line0
 478 0025 02       		.uleb128 0x2
 479 0026 04       		.byte	0x4
 480 0027 05       		.byte	0x5
 481 0028 696E7400 		.ascii	"int\000"
 482 002c 03       		.uleb128 0x3
 483 002d 06000000 		.4byte	.LASF12
 484 0031 02       		.byte	0x2
 485 0032 D8       		.byte	0xd8
 486 0033 37000000 		.4byte	0x37
 487 0037 04       		.uleb128 0x4
 488 0038 04       		.byte	0x4
 489 0039 07       		.byte	0x7
 490 003a 53010000 		.4byte	.LASF0
 491 003e 04       		.uleb128 0x4
 492 003f 08       		.byte	0x8
 493 0040 05       		.byte	0x5
 494 0041 D9010000 		.4byte	.LASF1
 495 0045 04       		.uleb128 0x4
 496 0046 08       		.byte	0x8
 497 0047 04       		.byte	0x4
 498 0048 FF010000 		.4byte	.LASF2
 499 004c 04       		.uleb128 0x4
 500 004d 01       		.byte	0x1
 501 004e 06       		.byte	0x6
 502 004f 0B020000 		.4byte	.LASF3
 503 0053 04       		.uleb128 0x4
 504 0054 01       		.byte	0x1
 505 0055 08       		.byte	0x8
 506 0056 23010000 		.4byte	.LASF4
 507 005a 04       		.uleb128 0x4
 508 005b 02       		.byte	0x2
 509 005c 05       		.byte	0x5
 510 005d EC010000 		.4byte	.LASF5
 511 0061 04       		.uleb128 0x4
 512 0062 02       		.byte	0x2
 513 0063 07       		.byte	0x7
 514 0064 39000000 		.4byte	.LASF6
 515 0068 04       		.uleb128 0x4
 516 0069 04       		.byte	0x4
 517 006a 05       		.byte	0x5
 518 006b F6010000 		.4byte	.LASF7
 519 006f 04       		.uleb128 0x4
 520 0070 04       		.byte	0x4
 521 0071 07       		.byte	0x7
 522 0072 73000000 		.4byte	.LASF8
 523 0076 04       		.uleb128 0x4
 524 0077 08       		.byte	0x8
 525 0078 07       		.byte	0x7
 526 0079 52000000 		.4byte	.LASF9
 527 007d 04       		.uleb128 0x4
 528 007e 04       		.byte	0x4
 529 007f 07       		.byte	0x7
 530 0080 D0010000 		.4byte	.LASF10
 531 0084 05       		.uleb128 0x5
ARM GAS  C:\Users\K-Narf\AppData\Local\Temp\ccGUKUyJ.s 			page 16


 532 0085 04       		.byte	0x4
 533 0086 04       		.uleb128 0x4
 534 0087 01       		.byte	0x1
 535 0088 08       		.byte	0x8
 536 0089 E7010000 		.4byte	.LASF11
 537 008d 06       		.uleb128 0x6
 538 008e 85000000 		.4byte	.LASF13
 539 0092 03       		.byte	0x3
 540 0093 E401     		.2byte	0x1e4
 541 0095 53000000 		.4byte	0x53
 542 0099 06       		.uleb128 0x6
 543 009a 45010000 		.4byte	.LASF14
 544 009e 03       		.byte	0x3
 545 009f E501     		.2byte	0x1e5
 546 00a1 61000000 		.4byte	0x61
 547 00a5 06       		.uleb128 0x6
 548 00a6 4C010000 		.4byte	.LASF15
 549 00aa 03       		.byte	0x3
 550 00ab E601     		.2byte	0x1e6
 551 00ad 6F000000 		.4byte	0x6f
 552 00b1 04       		.uleb128 0x4
 553 00b2 04       		.byte	0x4
 554 00b3 04       		.byte	0x4
 555 00b4 4C000000 		.4byte	.LASF16
 556 00b8 04       		.uleb128 0x4
 557 00b9 08       		.byte	0x8
 558 00ba 04       		.byte	0x4
 559 00bb 31010000 		.4byte	.LASF17
 560 00bf 06       		.uleb128 0x6
 561 00c0 6E000000 		.4byte	.LASF18
 562 00c4 03       		.byte	0x3
 563 00c5 8E02     		.2byte	0x28e
 564 00c7 CB000000 		.4byte	0xcb
 565 00cb 07       		.uleb128 0x7
 566 00cc 8D000000 		.4byte	0x8d
 567 00d0 06       		.uleb128 0x6
 568 00d1 00000000 		.4byte	.LASF19
 569 00d5 03       		.byte	0x3
 570 00d6 9002     		.2byte	0x290
 571 00d8 DC000000 		.4byte	0xdc
 572 00dc 07       		.uleb128 0x7
 573 00dd A5000000 		.4byte	0xa5
 574 00e1 08       		.uleb128 0x8
 575 00e2 8B000000 		.4byte	.LASF20
 576 00e6 01       		.byte	0x1
 577 00e7 4C       		.byte	0x4c
 578 00e8 00000000 		.4byte	.LFB2
 579 00ec 1E000000 		.4byte	.LFE2-.LFB2
 580 00f0 01       		.uleb128 0x1
 581 00f1 9C       		.byte	0x9c
 582 00f2 0F010000 		.4byte	0x10f
 583 00f6 09       		.uleb128 0x9
 584 00f7 7300     		.ascii	"s\000"
 585 00f9 01       		.byte	0x1
 586 00fa 4C       		.byte	0x4c
 587 00fb 84000000 		.4byte	0x84
 588 00ff 02       		.uleb128 0x2
ARM GAS  C:\Users\K-Narf\AppData\Local\Temp\ccGUKUyJ.s 			page 17


 589 0100 91       		.byte	0x91
 590 0101 74       		.sleb128 -12
 591 0102 09       		.uleb128 0x9
 592 0103 6E00     		.ascii	"n\000"
 593 0105 01       		.byte	0x1
 594 0106 4C       		.byte	0x4c
 595 0107 2C000000 		.4byte	0x2c
 596 010b 02       		.uleb128 0x2
 597 010c 91       		.byte	0x91
 598 010d 70       		.sleb128 -16
 599 010e 00       		.byte	0
 600 010f 08       		.uleb128 0x8
 601 0110 4D020000 		.4byte	.LASF21
 602 0114 01       		.byte	0x1
 603 0115 53       		.byte	0x53
 604 0116 00000000 		.4byte	.LFB3
 605 011a 20000000 		.4byte	.LFE3-.LFB3
 606 011e 01       		.uleb128 0x1
 607 011f 9C       		.byte	0x9c
 608 0120 4D010000 		.4byte	0x14d
 609 0124 0A       		.uleb128 0xa
 610 0125 BE010000 		.4byte	.LASF22
 611 0129 01       		.byte	0x1
 612 012a 53       		.byte	0x53
 613 012b 84000000 		.4byte	0x84
 614 012f 02       		.uleb128 0x2
 615 0130 91       		.byte	0x91
 616 0131 74       		.sleb128 -12
 617 0132 09       		.uleb128 0x9
 618 0133 73726300 		.ascii	"src\000"
 619 0137 01       		.byte	0x1
 620 0138 53       		.byte	0x53
 621 0139 4D010000 		.4byte	0x14d
 622 013d 02       		.uleb128 0x2
 623 013e 91       		.byte	0x91
 624 013f 70       		.sleb128 -16
 625 0140 09       		.uleb128 0x9
 626 0141 6E00     		.ascii	"n\000"
 627 0143 01       		.byte	0x1
 628 0144 53       		.byte	0x53
 629 0145 2C000000 		.4byte	0x2c
 630 0149 02       		.uleb128 0x2
 631 014a 91       		.byte	0x91
 632 014b 6C       		.sleb128 -20
 633 014c 00       		.byte	0
 634 014d 0B       		.uleb128 0xb
 635 014e 04       		.byte	0x4
 636 014f 53010000 		.4byte	0x153
 637 0153 0C       		.uleb128 0xc
 638 0154 08       		.uleb128 0x8
 639 0155 3D020000 		.4byte	.LASF23
 640 0159 01       		.byte	0x1
 641 015a 5A       		.byte	0x5a
 642 015b 00000000 		.4byte	.LFB4
 643 015f 20000000 		.4byte	.LFE4-.LFB4
 644 0163 01       		.uleb128 0x1
 645 0164 9C       		.byte	0x9c
ARM GAS  C:\Users\K-Narf\AppData\Local\Temp\ccGUKUyJ.s 			page 18


 646 0165 92010000 		.4byte	0x192
 647 0169 0A       		.uleb128 0xa
 648 016a BE010000 		.4byte	.LASF22
 649 016e 01       		.byte	0x1
 650 016f 5A       		.byte	0x5a
 651 0170 84000000 		.4byte	0x84
 652 0174 02       		.uleb128 0x2
 653 0175 91       		.byte	0x91
 654 0176 74       		.sleb128 -12
 655 0177 09       		.uleb128 0x9
 656 0178 73726300 		.ascii	"src\000"
 657 017c 01       		.byte	0x1
 658 017d 5A       		.byte	0x5a
 659 017e 4D010000 		.4byte	0x14d
 660 0182 02       		.uleb128 0x2
 661 0183 91       		.byte	0x91
 662 0184 70       		.sleb128 -16
 663 0185 09       		.uleb128 0x9
 664 0186 6E00     		.ascii	"n\000"
 665 0188 01       		.byte	0x1
 666 0189 5A       		.byte	0x5a
 667 018a 2C000000 		.4byte	0x2c
 668 018e 02       		.uleb128 0x2
 669 018f 91       		.byte	0x91
 670 0190 6C       		.sleb128 -20
 671 0191 00       		.byte	0
 672 0192 0D       		.uleb128 0xd
 673 0193 2E000000 		.4byte	.LASF24
 674 0197 01       		.byte	0x1
 675 0198 AA       		.byte	0xaa
 676 0199 00000000 		.4byte	.LFB5
 677 019d CC000000 		.4byte	.LFE5-.LFB5
 678 01a1 01       		.uleb128 0x1
 679 01a2 9C       		.byte	0x9c
 680 01a3 0E       		.uleb128 0xe
 681 01a4 0D000000 		.4byte	.LASF25
 682 01a8 01       		.byte	0x1
 683 01a9 EA       		.byte	0xea
 684 01aa 00000000 		.4byte	.LFB6
 685 01ae 28000000 		.4byte	.LFE6-.LFB6
 686 01b2 01       		.uleb128 0x1
 687 01b3 9C       		.byte	0x9c
 688 01b4 0F       		.uleb128 0xf
 689 01b5 38010000 		.4byte	.LASF33
 690 01b9 01       		.byte	0x1
 691 01ba 0501     		.2byte	0x105
 692 01bc CC000000 		.4byte	.LFB7
 693 01c0 EC000000 		.4byte	.LFE7-.LFB7
 694 01c4 01       		.uleb128 0x1
 695 01c5 9C       		.byte	0x9c
 696 01c6 10       		.uleb128 0x10
 697 01c7 DA000000 		.4byte	.LBB2
 698 01cb 7E000000 		.4byte	.LBE2-.LBB2
 699 01cf 11       		.uleb128 0x11
 700 01d0 06       		.byte	0x6
 701 01d1 01       		.byte	0x1
 702 01d2 0E01     		.2byte	0x10e
ARM GAS  C:\Users\K-Narf\AppData\Local\Temp\ccGUKUyJ.s 			page 19


 703 01d4 F3010000 		.4byte	0x1f3
 704 01d8 12       		.uleb128 0x12
 705 01d9 60010000 		.4byte	.LASF26
 706 01dd 01       		.byte	0x1
 707 01de 0F01     		.2byte	0x10f
 708 01e0 84000000 		.4byte	0x84
 709 01e4 00       		.byte	0
 710 01e5 12       		.uleb128 0x12
 711 01e6 69000000 		.4byte	.LASF27
 712 01ea 01       		.byte	0x1
 713 01eb 1001     		.2byte	0x110
 714 01ed 99000000 		.4byte	0x99
 715 01f1 04       		.byte	0x4
 716 01f2 00       		.byte	0
 717 01f3 06       		.uleb128 0x6
 718 01f4 C3010000 		.4byte	.LASF28
 719 01f8 01       		.byte	0x1
 720 01f9 1101     		.2byte	0x111
 721 01fb CF010000 		.4byte	0x1cf
 722 01ff 13       		.uleb128 0x13
 723 0200 0F020000 		.4byte	0x20f
 724 0204 0F020000 		.4byte	0x20f
 725 0208 14       		.uleb128 0x14
 726 0209 7D000000 		.4byte	0x7d
 727 020d 01       		.byte	0x1
 728 020e 00       		.byte	0
 729 020f 15       		.uleb128 0x15
 730 0210 F3010000 		.4byte	0x1f3
 731 0214 16       		.uleb128 0x16
 732 0215 1E000000 		.4byte	.LASF29
 733 0219 01       		.byte	0x1
 734 021a 1301     		.2byte	0x113
 735 021c 26020000 		.4byte	0x226
 736 0220 05       		.uleb128 0x5
 737 0221 03       		.byte	0x3
 738 0222 00000000 		.4byte	cfg_memset_list.4884
 739 0226 15       		.uleb128 0x15
 740 0227 FF010000 		.4byte	0x1ff
 741 022b 17       		.uleb128 0x17
 742 022c 6900     		.ascii	"i\000"
 743 022e 01       		.byte	0x1
 744 022f 1901     		.2byte	0x119
 745 0231 8D000000 		.4byte	0x8d
 746 0235 02       		.uleb128 0x2
 747 0236 91       		.byte	0x91
 748 0237 77       		.sleb128 -9
 749 0238 10       		.uleb128 0x10
 750 0239 E2000000 		.4byte	.LBB3
 751 023d 3C000000 		.4byte	.LBE3-.LBB3
 752 0241 17       		.uleb128 0x17
 753 0242 6D7300   		.ascii	"ms\000"
 754 0245 01       		.byte	0x1
 755 0246 1E01     		.2byte	0x11e
 756 0248 4F020000 		.4byte	0x24f
 757 024c 02       		.uleb128 0x2
 758 024d 91       		.byte	0x91
 759 024e 70       		.sleb128 -16
ARM GAS  C:\Users\K-Narf\AppData\Local\Temp\ccGUKUyJ.s 			page 20


 760 024f 0B       		.uleb128 0xb
 761 0250 04       		.byte	0x4
 762 0251 0F020000 		.4byte	0x20f
 763 0255 00       		.byte	0
 764 0256 00       		.byte	0
 765 0257 00       		.byte	0
 766 0258 00       		.byte	0
 767              		.section	.debug_abbrev,"",%progbits
 768              	.Ldebug_abbrev0:
 769 0000 01       		.uleb128 0x1
 770 0001 11       		.uleb128 0x11
 771 0002 01       		.byte	0x1
 772 0003 25       		.uleb128 0x25
 773 0004 0E       		.uleb128 0xe
 774 0005 13       		.uleb128 0x13
 775 0006 0B       		.uleb128 0xb
 776 0007 03       		.uleb128 0x3
 777 0008 0E       		.uleb128 0xe
 778 0009 1B       		.uleb128 0x1b
 779 000a 0E       		.uleb128 0xe
 780 000b 55       		.uleb128 0x55
 781 000c 17       		.uleb128 0x17
 782 000d 11       		.uleb128 0x11
 783 000e 01       		.uleb128 0x1
 784 000f 10       		.uleb128 0x10
 785 0010 17       		.uleb128 0x17
 786 0011 00       		.byte	0
 787 0012 00       		.byte	0
 788 0013 02       		.uleb128 0x2
 789 0014 24       		.uleb128 0x24
 790 0015 00       		.byte	0
 791 0016 0B       		.uleb128 0xb
 792 0017 0B       		.uleb128 0xb
 793 0018 3E       		.uleb128 0x3e
 794 0019 0B       		.uleb128 0xb
 795 001a 03       		.uleb128 0x3
 796 001b 08       		.uleb128 0x8
 797 001c 00       		.byte	0
 798 001d 00       		.byte	0
 799 001e 03       		.uleb128 0x3
 800 001f 16       		.uleb128 0x16
 801 0020 00       		.byte	0
 802 0021 03       		.uleb128 0x3
 803 0022 0E       		.uleb128 0xe
 804 0023 3A       		.uleb128 0x3a
 805 0024 0B       		.uleb128 0xb
 806 0025 3B       		.uleb128 0x3b
 807 0026 0B       		.uleb128 0xb
 808 0027 49       		.uleb128 0x49
 809 0028 13       		.uleb128 0x13
 810 0029 00       		.byte	0
 811 002a 00       		.byte	0
 812 002b 04       		.uleb128 0x4
 813 002c 24       		.uleb128 0x24
 814 002d 00       		.byte	0
 815 002e 0B       		.uleb128 0xb
 816 002f 0B       		.uleb128 0xb
ARM GAS  C:\Users\K-Narf\AppData\Local\Temp\ccGUKUyJ.s 			page 21


 817 0030 3E       		.uleb128 0x3e
 818 0031 0B       		.uleb128 0xb
 819 0032 03       		.uleb128 0x3
 820 0033 0E       		.uleb128 0xe
 821 0034 00       		.byte	0
 822 0035 00       		.byte	0
 823 0036 05       		.uleb128 0x5
 824 0037 0F       		.uleb128 0xf
 825 0038 00       		.byte	0
 826 0039 0B       		.uleb128 0xb
 827 003a 0B       		.uleb128 0xb
 828 003b 00       		.byte	0
 829 003c 00       		.byte	0
 830 003d 06       		.uleb128 0x6
 831 003e 16       		.uleb128 0x16
 832 003f 00       		.byte	0
 833 0040 03       		.uleb128 0x3
 834 0041 0E       		.uleb128 0xe
 835 0042 3A       		.uleb128 0x3a
 836 0043 0B       		.uleb128 0xb
 837 0044 3B       		.uleb128 0x3b
 838 0045 05       		.uleb128 0x5
 839 0046 49       		.uleb128 0x49
 840 0047 13       		.uleb128 0x13
 841 0048 00       		.byte	0
 842 0049 00       		.byte	0
 843 004a 07       		.uleb128 0x7
 844 004b 35       		.uleb128 0x35
 845 004c 00       		.byte	0
 846 004d 49       		.uleb128 0x49
 847 004e 13       		.uleb128 0x13
 848 004f 00       		.byte	0
 849 0050 00       		.byte	0
 850 0051 08       		.uleb128 0x8
 851 0052 2E       		.uleb128 0x2e
 852 0053 01       		.byte	0x1
 853 0054 03       		.uleb128 0x3
 854 0055 0E       		.uleb128 0xe
 855 0056 3A       		.uleb128 0x3a
 856 0057 0B       		.uleb128 0xb
 857 0058 3B       		.uleb128 0x3b
 858 0059 0B       		.uleb128 0xb
 859 005a 27       		.uleb128 0x27
 860 005b 19       		.uleb128 0x19
 861 005c 11       		.uleb128 0x11
 862 005d 01       		.uleb128 0x1
 863 005e 12       		.uleb128 0x12
 864 005f 06       		.uleb128 0x6
 865 0060 40       		.uleb128 0x40
 866 0061 18       		.uleb128 0x18
 867 0062 9642     		.uleb128 0x2116
 868 0064 19       		.uleb128 0x19
 869 0065 01       		.uleb128 0x1
 870 0066 13       		.uleb128 0x13
 871 0067 00       		.byte	0
 872 0068 00       		.byte	0
 873 0069 09       		.uleb128 0x9
ARM GAS  C:\Users\K-Narf\AppData\Local\Temp\ccGUKUyJ.s 			page 22


 874 006a 05       		.uleb128 0x5
 875 006b 00       		.byte	0
 876 006c 03       		.uleb128 0x3
 877 006d 08       		.uleb128 0x8
 878 006e 3A       		.uleb128 0x3a
 879 006f 0B       		.uleb128 0xb
 880 0070 3B       		.uleb128 0x3b
 881 0071 0B       		.uleb128 0xb
 882 0072 49       		.uleb128 0x49
 883 0073 13       		.uleb128 0x13
 884 0074 02       		.uleb128 0x2
 885 0075 18       		.uleb128 0x18
 886 0076 00       		.byte	0
 887 0077 00       		.byte	0
 888 0078 0A       		.uleb128 0xa
 889 0079 05       		.uleb128 0x5
 890 007a 00       		.byte	0
 891 007b 03       		.uleb128 0x3
 892 007c 0E       		.uleb128 0xe
 893 007d 3A       		.uleb128 0x3a
 894 007e 0B       		.uleb128 0xb
 895 007f 3B       		.uleb128 0x3b
 896 0080 0B       		.uleb128 0xb
 897 0081 49       		.uleb128 0x49
 898 0082 13       		.uleb128 0x13
 899 0083 02       		.uleb128 0x2
 900 0084 18       		.uleb128 0x18
 901 0085 00       		.byte	0
 902 0086 00       		.byte	0
 903 0087 0B       		.uleb128 0xb
 904 0088 0F       		.uleb128 0xf
 905 0089 00       		.byte	0
 906 008a 0B       		.uleb128 0xb
 907 008b 0B       		.uleb128 0xb
 908 008c 49       		.uleb128 0x49
 909 008d 13       		.uleb128 0x13
 910 008e 00       		.byte	0
 911 008f 00       		.byte	0
 912 0090 0C       		.uleb128 0xc
 913 0091 26       		.uleb128 0x26
 914 0092 00       		.byte	0
 915 0093 00       		.byte	0
 916 0094 00       		.byte	0
 917 0095 0D       		.uleb128 0xd
 918 0096 2E       		.uleb128 0x2e
 919 0097 00       		.byte	0
 920 0098 03       		.uleb128 0x3
 921 0099 0E       		.uleb128 0xe
 922 009a 3A       		.uleb128 0x3a
 923 009b 0B       		.uleb128 0xb
 924 009c 3B       		.uleb128 0x3b
 925 009d 0B       		.uleb128 0xb
 926 009e 27       		.uleb128 0x27
 927 009f 19       		.uleb128 0x19
 928 00a0 11       		.uleb128 0x11
 929 00a1 01       		.uleb128 0x1
 930 00a2 12       		.uleb128 0x12
ARM GAS  C:\Users\K-Narf\AppData\Local\Temp\ccGUKUyJ.s 			page 23


 931 00a3 06       		.uleb128 0x6
 932 00a4 40       		.uleb128 0x40
 933 00a5 18       		.uleb128 0x18
 934 00a6 9642     		.uleb128 0x2116
 935 00a8 19       		.uleb128 0x19
 936 00a9 00       		.byte	0
 937 00aa 00       		.byte	0
 938 00ab 0E       		.uleb128 0xe
 939 00ac 2E       		.uleb128 0x2e
 940 00ad 00       		.byte	0
 941 00ae 03       		.uleb128 0x3
 942 00af 0E       		.uleb128 0xe
 943 00b0 3A       		.uleb128 0x3a
 944 00b1 0B       		.uleb128 0xb
 945 00b2 3B       		.uleb128 0x3b
 946 00b3 0B       		.uleb128 0xb
 947 00b4 27       		.uleb128 0x27
 948 00b5 19       		.uleb128 0x19
 949 00b6 11       		.uleb128 0x11
 950 00b7 01       		.uleb128 0x1
 951 00b8 12       		.uleb128 0x12
 952 00b9 06       		.uleb128 0x6
 953 00ba 40       		.uleb128 0x40
 954 00bb 18       		.uleb128 0x18
 955 00bc 9742     		.uleb128 0x2117
 956 00be 19       		.uleb128 0x19
 957 00bf 00       		.byte	0
 958 00c0 00       		.byte	0
 959 00c1 0F       		.uleb128 0xf
 960 00c2 2E       		.uleb128 0x2e
 961 00c3 01       		.byte	0x1
 962 00c4 3F       		.uleb128 0x3f
 963 00c5 19       		.uleb128 0x19
 964 00c6 03       		.uleb128 0x3
 965 00c7 0E       		.uleb128 0xe
 966 00c8 3A       		.uleb128 0x3a
 967 00c9 0B       		.uleb128 0xb
 968 00ca 3B       		.uleb128 0x3b
 969 00cb 05       		.uleb128 0x5
 970 00cc 27       		.uleb128 0x27
 971 00cd 19       		.uleb128 0x19
 972 00ce 11       		.uleb128 0x11
 973 00cf 01       		.uleb128 0x1
 974 00d0 12       		.uleb128 0x12
 975 00d1 06       		.uleb128 0x6
 976 00d2 40       		.uleb128 0x40
 977 00d3 18       		.uleb128 0x18
 978 00d4 9642     		.uleb128 0x2116
 979 00d6 19       		.uleb128 0x19
 980 00d7 00       		.byte	0
 981 00d8 00       		.byte	0
 982 00d9 10       		.uleb128 0x10
 983 00da 0B       		.uleb128 0xb
 984 00db 01       		.byte	0x1
 985 00dc 11       		.uleb128 0x11
 986 00dd 01       		.uleb128 0x1
 987 00de 12       		.uleb128 0x12
ARM GAS  C:\Users\K-Narf\AppData\Local\Temp\ccGUKUyJ.s 			page 24


 988 00df 06       		.uleb128 0x6
 989 00e0 00       		.byte	0
 990 00e1 00       		.byte	0
 991 00e2 11       		.uleb128 0x11
 992 00e3 13       		.uleb128 0x13
 993 00e4 01       		.byte	0x1
 994 00e5 0B       		.uleb128 0xb
 995 00e6 0B       		.uleb128 0xb
 996 00e7 3A       		.uleb128 0x3a
 997 00e8 0B       		.uleb128 0xb
 998 00e9 3B       		.uleb128 0x3b
 999 00ea 05       		.uleb128 0x5
 1000 00eb 01       		.uleb128 0x1
 1001 00ec 13       		.uleb128 0x13
 1002 00ed 00       		.byte	0
 1003 00ee 00       		.byte	0
 1004 00ef 12       		.uleb128 0x12
 1005 00f0 0D       		.uleb128 0xd
 1006 00f1 00       		.byte	0
 1007 00f2 03       		.uleb128 0x3
 1008 00f3 0E       		.uleb128 0xe
 1009 00f4 3A       		.uleb128 0x3a
 1010 00f5 0B       		.uleb128 0xb
 1011 00f6 3B       		.uleb128 0x3b
 1012 00f7 05       		.uleb128 0x5
 1013 00f8 49       		.uleb128 0x49
 1014 00f9 13       		.uleb128 0x13
 1015 00fa 38       		.uleb128 0x38
 1016 00fb 0B       		.uleb128 0xb
 1017 00fc 00       		.byte	0
 1018 00fd 00       		.byte	0
 1019 00fe 13       		.uleb128 0x13
 1020 00ff 01       		.uleb128 0x1
 1021 0100 01       		.byte	0x1
 1022 0101 49       		.uleb128 0x49
 1023 0102 13       		.uleb128 0x13
 1024 0103 01       		.uleb128 0x1
 1025 0104 13       		.uleb128 0x13
 1026 0105 00       		.byte	0
 1027 0106 00       		.byte	0
 1028 0107 14       		.uleb128 0x14
 1029 0108 21       		.uleb128 0x21
 1030 0109 00       		.byte	0
 1031 010a 49       		.uleb128 0x49
 1032 010b 13       		.uleb128 0x13
 1033 010c 2F       		.uleb128 0x2f
 1034 010d 0B       		.uleb128 0xb
 1035 010e 00       		.byte	0
 1036 010f 00       		.byte	0
 1037 0110 15       		.uleb128 0x15
 1038 0111 26       		.uleb128 0x26
 1039 0112 00       		.byte	0
 1040 0113 49       		.uleb128 0x49
 1041 0114 13       		.uleb128 0x13
 1042 0115 00       		.byte	0
 1043 0116 00       		.byte	0
 1044 0117 16       		.uleb128 0x16
ARM GAS  C:\Users\K-Narf\AppData\Local\Temp\ccGUKUyJ.s 			page 25


 1045 0118 34       		.uleb128 0x34
 1046 0119 00       		.byte	0
 1047 011a 03       		.uleb128 0x3
 1048 011b 0E       		.uleb128 0xe
 1049 011c 3A       		.uleb128 0x3a
 1050 011d 0B       		.uleb128 0xb
 1051 011e 3B       		.uleb128 0x3b
 1052 011f 05       		.uleb128 0x5
 1053 0120 49       		.uleb128 0x49
 1054 0121 13       		.uleb128 0x13
 1055 0122 02       		.uleb128 0x2
 1056 0123 18       		.uleb128 0x18
 1057 0124 00       		.byte	0
 1058 0125 00       		.byte	0
 1059 0126 17       		.uleb128 0x17
 1060 0127 34       		.uleb128 0x34
 1061 0128 00       		.byte	0
 1062 0129 03       		.uleb128 0x3
 1063 012a 08       		.uleb128 0x8
 1064 012b 3A       		.uleb128 0x3a
 1065 012c 0B       		.uleb128 0xb
 1066 012d 3B       		.uleb128 0x3b
 1067 012e 05       		.uleb128 0x5
 1068 012f 49       		.uleb128 0x49
 1069 0130 13       		.uleb128 0x13
 1070 0131 02       		.uleb128 0x2
 1071 0132 18       		.uleb128 0x18
 1072 0133 00       		.byte	0
 1073 0134 00       		.byte	0
 1074 0135 00       		.byte	0
 1075              		.section	.debug_aranges,"",%progbits
 1076 0000 44000000 		.4byte	0x44
 1077 0004 0200     		.2byte	0x2
 1078 0006 00000000 		.4byte	.Ldebug_info0
 1079 000a 04       		.byte	0x4
 1080 000b 00       		.byte	0
 1081 000c 0000     		.2byte	0
 1082 000e 0000     		.2byte	0
 1083 0010 00000000 		.4byte	.LFB2
 1084 0014 1E000000 		.4byte	.LFE2-.LFB2
 1085 0018 00000000 		.4byte	.LFB3
 1086 001c 20000000 		.4byte	.LFE3-.LFB3
 1087 0020 00000000 		.4byte	.LFB4
 1088 0024 20000000 		.4byte	.LFE4-.LFB4
 1089 0028 00000000 		.4byte	.LFB5
 1090 002c CC000000 		.4byte	.LFE5-.LFB5
 1091 0030 00000000 		.4byte	.LFB6
 1092 0034 28000000 		.4byte	.LFE6-.LFB6
 1093 0038 CC000000 		.4byte	.LFB7
 1094 003c EC000000 		.4byte	.LFE7-.LFB7
 1095 0040 00000000 		.4byte	0
 1096 0044 00000000 		.4byte	0
 1097              		.section	.debug_ranges,"",%progbits
 1098              	.Ldebug_ranges0:
 1099 0000 00000000 		.4byte	.LFB2
 1100 0004 1E000000 		.4byte	.LFE2
 1101 0008 00000000 		.4byte	.LFB3
ARM GAS  C:\Users\K-Narf\AppData\Local\Temp\ccGUKUyJ.s 			page 26


 1102 000c 20000000 		.4byte	.LFE3
 1103 0010 00000000 		.4byte	.LFB4
 1104 0014 20000000 		.4byte	.LFE4
 1105 0018 00000000 		.4byte	.LFB5
 1106 001c CC000000 		.4byte	.LFE5
 1107 0020 00000000 		.4byte	.LFB6
 1108 0024 28000000 		.4byte	.LFE6
 1109 0028 CC000000 		.4byte	.LFB7
 1110 002c B8010000 		.4byte	.LFE7
 1111 0030 00000000 		.4byte	0
 1112 0034 00000000 		.4byte	0
 1113              		.section	.debug_line,"",%progbits
 1114              	.Ldebug_line0:
 1115 0000 6A010000 		.section	.debug_str,"MS",%progbits,1
 1115      0200CB00 
 1115      00000201 
 1115      FB0E0D00 
 1115      01010101 
 1116              	.LASF19:
 1117 0000 72656733 		.ascii	"reg32\000"
 1117      3200
 1118              	.LASF12:
 1119 0006 73697A65 		.ascii	"size_t\000"
 1119      5F7400
 1120              	.LASF25:
 1121 000d 416E616C 		.ascii	"AnalogSetDefault\000"
 1121      6F675365 
 1121      74446566 
 1121      61756C74 
 1121      00
 1122              	.LASF29:
 1123 001e 6366675F 		.ascii	"cfg_memset_list\000"
 1123      6D656D73 
 1123      65745F6C 
 1123      69737400 
 1124              	.LASF24:
 1125 002e 436C6F63 		.ascii	"ClockSetup\000"
 1125      6B536574 
 1125      757000
 1126              	.LASF6:
 1127 0039 73686F72 		.ascii	"short unsigned int\000"
 1127      7420756E 
 1127      7369676E 
 1127      65642069 
 1127      6E7400
 1128              	.LASF16:
 1129 004c 666C6F61 		.ascii	"float\000"
 1129      7400
 1130              	.LASF9:
 1131 0052 6C6F6E67 		.ascii	"long long unsigned int\000"
 1131      206C6F6E 
 1131      6720756E 
 1131      7369676E 
 1131      65642069 
 1132              	.LASF27:
 1133 0069 73697A65 		.ascii	"size\000"
 1133      00
ARM GAS  C:\Users\K-Narf\AppData\Local\Temp\ccGUKUyJ.s 			page 27


 1134              	.LASF18:
 1135 006e 72656738 		.ascii	"reg8\000"
 1135      00
 1136              	.LASF8:
 1137 0073 6C6F6E67 		.ascii	"long unsigned int\000"
 1137      20756E73 
 1137      69676E65 
 1137      6420696E 
 1137      7400
 1138              	.LASF13:
 1139 0085 75696E74 		.ascii	"uint8\000"
 1139      3800
 1140              	.LASF20:
 1141 008b 43594D45 		.ascii	"CYMEMZERO\000"
 1141      4D5A4552 
 1141      4F00
 1142              	.LASF30:
 1143 0095 474E5520 		.ascii	"GNU C11 5.4.1 20160609 (release) [ARM/embedded-5-br"
 1143      43313120 
 1143      352E342E 
 1143      31203230 
 1143      31363036 
 1144 00c8 616E6368 		.ascii	"anch revision 237715] -mcpu=cortex-m0 -mthumb -g -O"
 1144      20726576 
 1144      6973696F 
 1144      6E203233 
 1144      37373135 
 1145 00fb 30202D66 		.ascii	"0 -ffunction-sections -ffat-lto-objects\000"
 1145      66756E63 
 1145      74696F6E 
 1145      2D736563 
 1145      74696F6E 
 1146              	.LASF4:
 1147 0123 756E7369 		.ascii	"unsigned char\000"
 1147      676E6564 
 1147      20636861 
 1147      7200
 1148              	.LASF17:
 1149 0131 646F7562 		.ascii	"double\000"
 1149      6C6500
 1150              	.LASF33:
 1151 0138 63796669 		.ascii	"cyfitter_cfg\000"
 1151      74746572 
 1151      5F636667 
 1151      00
 1152              	.LASF14:
 1153 0145 75696E74 		.ascii	"uint16\000"
 1153      313600
 1154              	.LASF15:
 1155 014c 75696E74 		.ascii	"uint32\000"
 1155      333200
 1156              	.LASF0:
 1157 0153 756E7369 		.ascii	"unsigned int\000"
 1157      676E6564 
 1157      20696E74 
 1157      00
 1158              	.LASF26:
ARM GAS  C:\Users\K-Narf\AppData\Local\Temp\ccGUKUyJ.s 			page 28


 1159 0160 61646472 		.ascii	"address\000"
 1159      65737300 
 1160              	.LASF32:
 1161 0168 433A5C55 		.ascii	"C:\\Users\\K-Narf\\Documents\\PSoC Creator\\RVAC_Sc"
 1161      73657273 
 1161      5C4B2D4E 
 1161      6172665C 
 1161      446F6375 
 1162 0196 72617463 		.ascii	"ratch_Work\\RVAC_Experimental_Cade.cydsn\000"
 1162      685F576F 
 1162      726B5C52 
 1162      5641435F 
 1162      45787065 
 1163              	.LASF22:
 1164 01be 64657374 		.ascii	"dest\000"
 1164      00
 1165              	.LASF28:
 1166 01c3 6366675F 		.ascii	"cfg_memset_t\000"
 1166      6D656D73 
 1166      65745F74 
 1166      00
 1167              	.LASF10:
 1168 01d0 73697A65 		.ascii	"sizetype\000"
 1168      74797065 
 1168      00
 1169              	.LASF1:
 1170 01d9 6C6F6E67 		.ascii	"long long int\000"
 1170      206C6F6E 
 1170      6720696E 
 1170      7400
 1171              	.LASF11:
 1172 01e7 63686172 		.ascii	"char\000"
 1172      00
 1173              	.LASF5:
 1174 01ec 73686F72 		.ascii	"short int\000"
 1174      7420696E 
 1174      7400
 1175              	.LASF7:
 1176 01f6 6C6F6E67 		.ascii	"long int\000"
 1176      20696E74 
 1176      00
 1177              	.LASF2:
 1178 01ff 6C6F6E67 		.ascii	"long double\000"
 1178      20646F75 
 1178      626C6500 
 1179              	.LASF3:
 1180 020b 7369676E 		.ascii	"signed char\000"
 1180      65642063 
 1180      68617200 
 1181              	.LASF31:
 1182 0217 47656E65 		.ascii	"Generated_Source\\PSoC4\\cyfitter_cfg.c\000"
 1182      72617465 
 1182      645F536F 
 1182      75726365 
 1182      5C50536F 
 1183              	.LASF23:
 1184 023d 4359434F 		.ascii	"CYCONFIGCPYCODE\000"
ARM GAS  C:\Users\K-Narf\AppData\Local\Temp\ccGUKUyJ.s 			page 29


 1184      4E464947 
 1184      43505943 
 1184      4F444500 
 1185              	.LASF21:
 1186 024d 4359434F 		.ascii	"CYCONFIGCPY\000"
 1186      4E464947 
 1186      43505900 
 1187              		.ident	"GCC: (GNU Tools for ARM Embedded Processors) 5.4.1 20160609 (release) [ARM/embedded-5-bran
